[0.065s] Invoking command in '/Users/jisu/Documents/LIMO_GAZEBO/ws_limo_humble/build/limo_base': AMENT_PREFIX_PATH=/Users/jisu/Documents/LIMO_GAZEBO/ws_limo_humble/install/limo_msgs:${AMENT_PREFIX_PATH} CMAKE_PREFIX_PATH=/Users/jisu/Documents/LIMO_GAZEBO/ws_limo_humble/install/limo_msgs:/opt/ros/humble LD_LIBRARY_PATH=/Users/jisu/Documents/LIMO_GAZEBO/ws_limo_humble/install/limo_msgs/lib:${LD_LIBRARY_PATH} PYTHONPATH=/Users/jisu/Documents/LIMO_GAZEBO/ws_limo_humble/install/limo_msgs/local/lib/python3.10/dist-packages:${PYTHONPATH} /usr/bin/cmake /Users/jisu/Documents/LIMO_GAZEBO/ws_limo_humble/src/limo_ros2/limo_base -DCMAKE_INSTALL_PREFIX=/Users/jisu/Documents/LIMO_GAZEBO/ws_limo_humble/install/limo_base
[0.140s] -- Found ament_cmake: 1.3.14 (/opt/ros/humble/share/ament_cmake/cmake)
[0.501s] -- Override CMake install command with custom implementation using symlinks instead of copying resources
[0.511s] -- Found rclcpp: 16.0.19 (/opt/ros/humble/share/rclcpp/cmake)
[0.540s] -- Found rosidl_generator_c: 3.1.9 (/opt/ros/humble/share/rosidl_generator_c/cmake)
[0.541s] -- Found rosidl_adapter: 3.1.9 (/opt/ros/humble/share/rosidl_adapter/cmake)
[0.545s] -- Found rosidl_generator_cpp: 3.1.9 (/opt/ros/humble/share/rosidl_generator_cpp/cmake)
[0.554s] -- Using all available rosidl_typesupport_c: rosidl_typesupport_fastrtps_c;rosidl_typesupport_introspection_c
[0.566s] -- Using all available rosidl_typesupport_cpp: rosidl_typesupport_fastrtps_cpp;rosidl_typesupport_introspection_cpp
[0.595s] -- Found rmw_implementation_cmake: 6.1.3 (/opt/ros/humble/share/rmw_implementation_cmake/cmake)
[0.597s] -- Found rmw_fastrtps_cpp: 6.2.10 (/opt/ros/humble/share/rmw_fastrtps_cpp/cmake)
[0.748s] -- Using RMW implementation 'rmw_fastrtps_cpp' as default
[0.805s] -- Found geometry_msgs: 4.9.2 (/opt/ros/humble/share/geometry_msgs/cmake)
[0.819s] -- Found nav_msgs: 4.9.2 (/opt/ros/humble/share/nav_msgs/cmake)
[0.836s] -- Found sensor_msgs: 4.9.2 (/opt/ros/humble/share/sensor_msgs/cmake)
[0.853s] -- Found tf2: 0.25.22 (/opt/ros/humble/share/tf2/cmake)
[0.857s] -- Found tf2_ros: 0.25.22 (/opt/ros/humble/share/tf2_ros/cmake)
[0.940s] -- Found limo_msgs: 0.0.0 (/Users/jisu/Documents/LIMO_GAZEBO/ws_limo_humble/install/limo_msgs/share/limo_msgs/cmake)
[0.962s] -- Found tf2_geometry_msgs: 0.25.22 (/opt/ros/humble/share/tf2_geometry_msgs/cmake)
[0.965s] -- Found eigen3_cmake_module: 0.1.1 (/opt/ros/humble/share/eigen3_cmake_module/cmake)
[0.968s] -- Ensuring Eigen3 include directory is part of orocos-kdl CMake target
[0.969s] -- Found turtlesim: 1.4.3 (/opt/ros/humble/share/turtlesim/cmake)
[1.150s] -- Configuring done
[1.240s] -- Generating done
[1.268s] -- Build files have been written to: /Users/jisu/Documents/LIMO_GAZEBO/ws_limo_humble/build/limo_base
[1.276s] Invoked command in '/Users/jisu/Documents/LIMO_GAZEBO/ws_limo_humble/build/limo_base' returned '0': AMENT_PREFIX_PATH=/Users/jisu/Documents/LIMO_GAZEBO/ws_limo_humble/install/limo_msgs:${AMENT_PREFIX_PATH} CMAKE_PREFIX_PATH=/Users/jisu/Documents/LIMO_GAZEBO/ws_limo_humble/install/limo_msgs:/opt/ros/humble LD_LIBRARY_PATH=/Users/jisu/Documents/LIMO_GAZEBO/ws_limo_humble/install/limo_msgs/lib:${LD_LIBRARY_PATH} PYTHONPATH=/Users/jisu/Documents/LIMO_GAZEBO/ws_limo_humble/install/limo_msgs/local/lib/python3.10/dist-packages:${PYTHONPATH} /usr/bin/cmake /Users/jisu/Documents/LIMO_GAZEBO/ws_limo_humble/src/limo_ros2/limo_base -DCMAKE_INSTALL_PREFIX=/Users/jisu/Documents/LIMO_GAZEBO/ws_limo_humble/install/limo_base
[1.280s] Invoking command in '/Users/jisu/Documents/LIMO_GAZEBO/ws_limo_humble/build/limo_base': AMENT_PREFIX_PATH=/Users/jisu/Documents/LIMO_GAZEBO/ws_limo_humble/install/limo_msgs:${AMENT_PREFIX_PATH} CMAKE_PREFIX_PATH=/Users/jisu/Documents/LIMO_GAZEBO/ws_limo_humble/install/limo_msgs:/opt/ros/humble LD_LIBRARY_PATH=/Users/jisu/Documents/LIMO_GAZEBO/ws_limo_humble/install/limo_msgs/lib:${LD_LIBRARY_PATH} PYTHONPATH=/Users/jisu/Documents/LIMO_GAZEBO/ws_limo_humble/install/limo_msgs/local/lib/python3.10/dist-packages:${PYTHONPATH} /usr/bin/cmake --build /Users/jisu/Documents/LIMO_GAZEBO/ws_limo_humble/build/limo_base -- -j8 -l8
[1.585s] [35m[1mConsolidate compiler generated dependencies of target tf_pub[0m
[1.589s] [35m[1mConsolidate compiler generated dependencies of target limo_base[0m
[1.764s] [ 33%] Built target tf_pub
[1.811s] [100%] Built target limo_base
[1.855s] Invoked command in '/Users/jisu/Documents/LIMO_GAZEBO/ws_limo_humble/build/limo_base' returned '0': AMENT_PREFIX_PATH=/Users/jisu/Documents/LIMO_GAZEBO/ws_limo_humble/install/limo_msgs:${AMENT_PREFIX_PATH} CMAKE_PREFIX_PATH=/Users/jisu/Documents/LIMO_GAZEBO/ws_limo_humble/install/limo_msgs:/opt/ros/humble LD_LIBRARY_PATH=/Users/jisu/Documents/LIMO_GAZEBO/ws_limo_humble/install/limo_msgs/lib:${LD_LIBRARY_PATH} PYTHONPATH=/Users/jisu/Documents/LIMO_GAZEBO/ws_limo_humble/install/limo_msgs/local/lib/python3.10/dist-packages:${PYTHONPATH} /usr/bin/cmake --build /Users/jisu/Documents/LIMO_GAZEBO/ws_limo_humble/build/limo_base -- -j8 -l8
[1.859s] Invoking command in '/Users/jisu/Documents/LIMO_GAZEBO/ws_limo_humble/build/limo_base': AMENT_PREFIX_PATH=/Users/jisu/Documents/LIMO_GAZEBO/ws_limo_humble/install/limo_msgs:${AMENT_PREFIX_PATH} CMAKE_PREFIX_PATH=/Users/jisu/Documents/LIMO_GAZEBO/ws_limo_humble/install/limo_msgs:/opt/ros/humble LD_LIBRARY_PATH=/Users/jisu/Documents/LIMO_GAZEBO/ws_limo_humble/install/limo_msgs/lib:${LD_LIBRARY_PATH} PYTHONPATH=/Users/jisu/Documents/LIMO_GAZEBO/ws_limo_humble/install/limo_msgs/local/lib/python3.10/dist-packages:${PYTHONPATH} /usr/bin/cmake --install /Users/jisu/Documents/LIMO_GAZEBO/ws_limo_humble/build/limo_base
[1.909s] -- Install configuration: ""
[1.911s] -- Execute custom install script
[1.919s] -- Up-to-date symlink: /Users/jisu/Documents/LIMO_GAZEBO/ws_limo_humble/install/limo_base/include/limo_base/limo_driver.h
[1.919s] -- Up-to-date symlink: /Users/jisu/Documents/LIMO_GAZEBO/ws_limo_humble/install/limo_base/include/limo_base/limo_protocol.h
[1.920s] -- Up-to-date symlink: /Users/jisu/Documents/LIMO_GAZEBO/ws_limo_humble/install/limo_base/include/limo_base/serial_port.h
[1.921s] -- Up-to-date symlink: /Users/jisu/Documents/LIMO_GAZEBO/ws_limo_humble/install/limo_base/lib/limo_base/limo_base
[1.922s] -- Up-to-date symlink: /Users/jisu/Documents/LIMO_GAZEBO/ws_limo_humble/install/limo_base/lib/limo_base/tf_pub
[1.923s] -- Up-to-date symlink: /Users/jisu/Documents/LIMO_GAZEBO/ws_limo_humble/install/limo_base/share/limo_base//launch/limo_base.launch.py
[1.923s] -- Up-to-date symlink: /Users/jisu/Documents/LIMO_GAZEBO/ws_limo_humble/install/limo_base/share/limo_base//launch/open_ydlidar_launch.py
[1.923s] -- Up-to-date symlink: /Users/jisu/Documents/LIMO_GAZEBO/ws_limo_humble/install/limo_base/share/limo_base//launch/start_limo.launch.py
[1.924s] -- Up-to-date symlink: /Users/jisu/Documents/LIMO_GAZEBO/ws_limo_humble/install/limo_base/share/limo_base//src/limo_base_node.cpp
[1.924s] -- Up-to-date symlink: /Users/jisu/Documents/LIMO_GAZEBO/ws_limo_humble/install/limo_base/share/limo_base//src/limo_driver.cpp
[1.925s] -- Up-to-date symlink: /Users/jisu/Documents/LIMO_GAZEBO/ws_limo_humble/install/limo_base/share/limo_base//src/serial_port.cpp
[1.925s] -- Up-to-date symlink: /Users/jisu/Documents/LIMO_GAZEBO/ws_limo_humble/install/limo_base/share/limo_base//src/tf_pub.cpp
[1.926s] -- Up-to-date symlink: /Users/jisu/Documents/LIMO_GAZEBO/ws_limo_humble/install/limo_base/share/ament_index/resource_index/package_run_dependencies/limo_base
[1.926s] -- Up-to-date symlink: /Users/jisu/Documents/LIMO_GAZEBO/ws_limo_humble/install/limo_base/share/ament_index/resource_index/parent_prefix_path/limo_base
[1.926s] -- Up-to-date symlink: /Users/jisu/Documents/LIMO_GAZEBO/ws_limo_humble/install/limo_base/share/limo_base/environment/ament_prefix_path.sh
[1.927s] -- Up-to-date symlink: /Users/jisu/Documents/LIMO_GAZEBO/ws_limo_humble/install/limo_base/share/limo_base/environment/ament_prefix_path.dsv
[1.927s] -- Up-to-date symlink: /Users/jisu/Documents/LIMO_GAZEBO/ws_limo_humble/install/limo_base/share/limo_base/environment/path.sh
[1.928s] -- Up-to-date symlink: /Users/jisu/Documents/LIMO_GAZEBO/ws_limo_humble/install/limo_base/share/limo_base/environment/path.dsv
[1.928s] -- Up-to-date symlink: /Users/jisu/Documents/LIMO_GAZEBO/ws_limo_humble/install/limo_base/share/limo_base/local_setup.bash
[1.928s] -- Up-to-date symlink: /Users/jisu/Documents/LIMO_GAZEBO/ws_limo_humble/install/limo_base/share/limo_base/local_setup.sh
[1.929s] -- Up-to-date symlink: /Users/jisu/Documents/LIMO_GAZEBO/ws_limo_humble/install/limo_base/share/limo_base/local_setup.zsh
[1.929s] -- Up-to-date symlink: /Users/jisu/Documents/LIMO_GAZEBO/ws_limo_humble/install/limo_base/share/limo_base/local_setup.dsv
[1.929s] -- Symlinking: /Users/jisu/Documents/LIMO_GAZEBO/ws_limo_humble/install/limo_base/share/limo_base/package.dsv
[1.966s] -- Up-to-date symlink: /Users/jisu/Documents/LIMO_GAZEBO/ws_limo_humble/install/limo_base/share/ament_index/resource_index/packages/limo_base
[1.967s] -- Up-to-date symlink: /Users/jisu/Documents/LIMO_GAZEBO/ws_limo_humble/install/limo_base/share/limo_base/cmake/ament_cmake_export_include_directories-extras.cmake
[1.967s] -- Up-to-date symlink: /Users/jisu/Documents/LIMO_GAZEBO/ws_limo_humble/install/limo_base/share/limo_base/cmake/limo_baseConfig.cmake
[1.968s] -- Up-to-date symlink: /Users/jisu/Documents/LIMO_GAZEBO/ws_limo_humble/install/limo_base/share/limo_base/cmake/limo_baseConfig-version.cmake
[1.968s] -- Up-to-date symlink: /Users/jisu/Documents/LIMO_GAZEBO/ws_limo_humble/install/limo_base/share/limo_base/package.xml
[1.974s] Invoked command in '/Users/jisu/Documents/LIMO_GAZEBO/ws_limo_humble/build/limo_base' returned '0': AMENT_PREFIX_PATH=/Users/jisu/Documents/LIMO_GAZEBO/ws_limo_humble/install/limo_msgs:${AMENT_PREFIX_PATH} CMAKE_PREFIX_PATH=/Users/jisu/Documents/LIMO_GAZEBO/ws_limo_humble/install/limo_msgs:/opt/ros/humble LD_LIBRARY_PATH=/Users/jisu/Documents/LIMO_GAZEBO/ws_limo_humble/install/limo_msgs/lib:${LD_LIBRARY_PATH} PYTHONPATH=/Users/jisu/Documents/LIMO_GAZEBO/ws_limo_humble/install/limo_msgs/local/lib/python3.10/dist-packages:${PYTHONPATH} /usr/bin/cmake --install /Users/jisu/Documents/LIMO_GAZEBO/ws_limo_humble/build/limo_base
