[0.057s] Invoking command in '/Users/jisu/Documents/LIMO_GAZEBO/ws_limo_humble/build/limo_car': CMAKE_PREFIX_PATH=/opt/ros/humble /usr/bin/cmake /Users/jisu/Documents/LIMO_GAZEBO/ws_limo_humble/src/limo_ros2/limo_car -DAMENT_CMAKE_SYMLINK_INSTALL=1 -DCMAKE_INSTALL_PREFIX=/Users/jisu/Documents/LIMO_GAZEBO/ws_limo_humble/install/limo_car
[0.577s] -- The C compiler identification is GNU 11.4.0
[0.937s] -- The CXX compiler identification is GNU 11.4.0
[0.974s] -- Detecting C compiler ABI info
[1.596s] -- Detecting C compiler ABI info - done
[1.613s] -- Check for working C compiler: /usr/bin/cc - skipped
[1.615s] -- Detecting C compile features
[1.615s] -- Detecting C compile features - done
[1.620s] -- Detecting CXX compiler ABI info
[2.186s] -- Detecting CXX compiler ABI info - done
[2.204s] -- Check for working CXX compiler: /usr/bin/c++ - skipped
[2.204s] -- Detecting CXX compile features
[2.205s] -- Detecting CXX compile features - done
[2.215s] -- Found ament_cmake: 1.3.14 (/opt/ros/humble/share/ament_cmake/cmake)
[2.886s] -- Found Python3: /usr/bin/python3 (found version "3.10.12") found components: Interpreter 
[3.048s] -- Override CMake install command with custom implementation using symlinks instead of copying resources
[3.094s] -- Found ament_lint_auto: 0.12.15 (/opt/ros/humble/share/ament_lint_auto/cmake)
[3.329s] -- Added test 'flake8' to check Python code syntax and style conventions
[3.335s] -- Added test 'lint_cmake' to check CMake code style
[3.338s] -- Added test 'pep257' to check Python code against some of the docstring style conventions in PEP 257
[3.362s] -- Added test 'xmllint' to check XML markup files
[3.375s] -- Configuring done
[3.407s] -- Generating done
[3.425s] -- Build files have been written to: /Users/jisu/Documents/LIMO_GAZEBO/ws_limo_humble/build/limo_car
[3.433s] Invoked command in '/Users/jisu/Documents/LIMO_GAZEBO/ws_limo_humble/build/limo_car' returned '0': CMAKE_PREFIX_PATH=/opt/ros/humble /usr/bin/cmake /Users/jisu/Documents/LIMO_GAZEBO/ws_limo_humble/src/limo_ros2/limo_car -DAMENT_CMAKE_SYMLINK_INSTALL=1 -DCMAKE_INSTALL_PREFIX=/Users/jisu/Documents/LIMO_GAZEBO/ws_limo_humble/install/limo_car
[3.437s] Invoking command in '/Users/jisu/Documents/LIMO_GAZEBO/ws_limo_humble/build/limo_car': CMAKE_PREFIX_PATH=/opt/ros/humble /usr/bin/cmake --build /Users/jisu/Documents/LIMO_GAZEBO/ws_limo_humble/build/limo_car -- -j8 -l8
[3.721s] Invoked command in '/Users/jisu/Documents/LIMO_GAZEBO/ws_limo_humble/build/limo_car' returned '0': CMAKE_PREFIX_PATH=/opt/ros/humble /usr/bin/cmake --build /Users/jisu/Documents/LIMO_GAZEBO/ws_limo_humble/build/limo_car -- -j8 -l8
[3.731s] Invoking command in '/Users/jisu/Documents/LIMO_GAZEBO/ws_limo_humble/build/limo_car': CMAKE_PREFIX_PATH=/opt/ros/humble /usr/bin/cmake --install /Users/jisu/Documents/LIMO_GAZEBO/ws_limo_humble/build/limo_car
[3.781s] -- Install configuration: ""
[3.788s] -- Execute custom install script
[3.796s] -- Symlinking: /Users/jisu/Documents/LIMO_GAZEBO/ws_limo_humble/install/limo_car/share/limo_car/launch/__pycache__/roboracer_sim.launch.cpython-310.pyc
[3.851s] -- Symlinking: /Users/jisu/Documents/LIMO_GAZEBO/ws_limo_humble/install/limo_car/share/limo_car/launch/ackermann.launch.py
[3.892s] -- Symlinking: /Users/jisu/Documents/LIMO_GAZEBO/ws_limo_humble/install/limo_car/share/limo_car/launch/ackermann_gazebo.launch.py
[3.931s] -- Symlinking: /Users/jisu/Documents/LIMO_GAZEBO/ws_limo_humble/install/limo_car/share/limo_car/launch/display_ackermann.launch.py
[3.969s] -- Symlinking: /Users/jisu/Documents/LIMO_GAZEBO/ws_limo_humble/install/limo_car/share/limo_car/launch/four_diff.launch.py
[4.010s] -- Symlinking: /Users/jisu/Documents/LIMO_GAZEBO/ws_limo_humble/install/limo_car/share/limo_car/launch/roboracer_4diff_sim.launch.py
[4.052s] -- Symlinking: /Users/jisu/Documents/LIMO_GAZEBO/ws_limo_humble/install/limo_car/share/limo_car/launch/roboracer_sim.launch.py
[4.092s] -- Symlinking: /Users/jisu/Documents/LIMO_GAZEBO/ws_limo_humble/install/limo_car/share/limo_car/gazebo/ackermann.xacro
[4.134s] -- Symlinking: /Users/jisu/Documents/LIMO_GAZEBO/ws_limo_humble/install/limo_car/share/limo_car/gazebo/ackermann_with_sensor.xacro
[4.175s] -- Symlinking: /Users/jisu/Documents/LIMO_GAZEBO/ws_limo_humble/install/limo_car/share/limo_car/gazebo/four_diff.xacro
[4.213s] -- Symlinking: /Users/jisu/Documents/LIMO_GAZEBO/ws_limo_humble/install/limo_car/share/limo_car/gazebo/four_diff_with_sensor.xacro
[4.255s] -- Symlinking: /Users/jisu/Documents/LIMO_GAZEBO/ws_limo_humble/install/limo_car/share/limo_car/gazebo/sensor.xacro
[4.294s] -- Symlinking: /Users/jisu/Documents/LIMO_GAZEBO/ws_limo_humble/install/limo_car/share/limo_car/meshes/limo_base.dae
[4.334s] -- Symlinking: /Users/jisu/Documents/LIMO_GAZEBO/ws_limo_humble/install/limo_car/share/limo_car/meshes/limo_base.stl
[4.382s] -- Symlinking: /Users/jisu/Documents/LIMO_GAZEBO/ws_limo_humble/install/limo_car/share/limo_car/meshes/limo_wheel.dae
[4.424s] -- Symlinking: /Users/jisu/Documents/LIMO_GAZEBO/ws_limo_humble/install/limo_car/share/limo_car/meshes/limo_wheel.stl
[4.466s] -- Symlinking: /Users/jisu/Documents/LIMO_GAZEBO/ws_limo_humble/install/limo_car/share/limo_car/rviz/gazebo.rviz
[4.506s] -- Symlinking: /Users/jisu/Documents/LIMO_GAZEBO/ws_limo_humble/install/limo_car/share/limo_car/rviz/urdf.rviz
[4.545s] -- Symlinking: /Users/jisu/Documents/LIMO_GAZEBO/ws_limo_humble/install/limo_car/share/limo_car/urdf/limo_ackerman_base.xacro
[4.583s] -- Symlinking: /Users/jisu/Documents/LIMO_GAZEBO/ws_limo_humble/install/limo_car/share/limo_car/urdf/limo_anteil.xacro
[4.622s] -- Symlinking: /Users/jisu/Documents/LIMO_GAZEBO/ws_limo_humble/install/limo_car/share/limo_car/urdf/limo_steering_hinge.xacro
[4.662s] -- Symlinking: /Users/jisu/Documents/LIMO_GAZEBO/ws_limo_humble/install/limo_car/share/limo_car/worlds/roboracer/ifac_roboracer.world
[4.701s] -- Symlinking: /Users/jisu/Documents/LIMO_GAZEBO/ws_limo_humble/install/limo_car/share/limo_car/worlds/roboracer/ifac_roboracer_heightmap.png
[4.742s] -- Symlinking: /Users/jisu/Documents/LIMO_GAZEBO/ws_limo_humble/install/limo_car/share/ament_index/resource_index/package_run_dependencies/limo_car
[4.789s] -- Symlinking: /Users/jisu/Documents/LIMO_GAZEBO/ws_limo_humble/install/limo_car/share/ament_index/resource_index/parent_prefix_path/limo_car
[4.827s] -- Symlinking: /Users/jisu/Documents/LIMO_GAZEBO/ws_limo_humble/install/limo_car/share/limo_car/environment/ament_prefix_path.sh
[4.879s] -- Symlinking: /Users/jisu/Documents/LIMO_GAZEBO/ws_limo_humble/install/limo_car/share/limo_car/environment/ament_prefix_path.dsv
[4.918s] -- Symlinking: /Users/jisu/Documents/LIMO_GAZEBO/ws_limo_humble/install/limo_car/share/limo_car/environment/path.sh
[4.960s] -- Symlinking: /Users/jisu/Documents/LIMO_GAZEBO/ws_limo_humble/install/limo_car/share/limo_car/environment/path.dsv
[5.001s] -- Symlinking: /Users/jisu/Documents/LIMO_GAZEBO/ws_limo_humble/install/limo_car/share/limo_car/local_setup.bash
[5.051s] -- Symlinking: /Users/jisu/Documents/LIMO_GAZEBO/ws_limo_humble/install/limo_car/share/limo_car/local_setup.sh
[5.087s] -- Symlinking: /Users/jisu/Documents/LIMO_GAZEBO/ws_limo_humble/install/limo_car/share/limo_car/local_setup.zsh
[5.127s] -- Symlinking: /Users/jisu/Documents/LIMO_GAZEBO/ws_limo_humble/install/limo_car/share/limo_car/local_setup.dsv
[5.165s] -- Symlinking: /Users/jisu/Documents/LIMO_GAZEBO/ws_limo_humble/install/limo_car/share/limo_car/package.dsv
[5.203s] -- Symlinking: /Users/jisu/Documents/LIMO_GAZEBO/ws_limo_humble/install/limo_car/share/ament_index/resource_index/packages/limo_car
[5.240s] -- Symlinking: /Users/jisu/Documents/LIMO_GAZEBO/ws_limo_humble/install/limo_car/share/limo_car/cmake/limo_carConfig.cmake
[5.276s] -- Symlinking: /Users/jisu/Documents/LIMO_GAZEBO/ws_limo_humble/install/limo_car/share/limo_car/cmake/limo_carConfig-version.cmake
[5.314s] -- Symlinking: /Users/jisu/Documents/LIMO_GAZEBO/ws_limo_humble/install/limo_car/share/limo_car/package.xml
[5.357s] Invoked command in '/Users/jisu/Documents/LIMO_GAZEBO/ws_limo_humble/build/limo_car' returned '0': CMAKE_PREFIX_PATH=/opt/ros/humble /usr/bin/cmake --install /Users/jisu/Documents/LIMO_GAZEBO/ws_limo_humble/build/limo_car
