[0.179s] DEBUG:colcon:Command line arguments: ['/usr/bin/colcon', 'build', '--symlink-install']
[0.180s] DEBUG:colcon:Parsed command line arguments: Namespace(log_base=None, log_level=None, verb_name='build', build_base='build', install_base='install', merge_install=False, symlink_install=True, test_result_base=None, continue_on_error=False, executor='parallel', parallel_workers=8, event_handlers=None, ignore_user_meta=False, metas=['./colcon.meta'], base_paths=['.'], packages_ignore=None, packages_ignore_regex=None, paths=None, packages_up_to=None, packages_up_to_regex=None, packages_above=None, packages_above_and_dependencies=None, packages_above_depth=None, packages_select_by_dep=None, packages_skip_by_dep=None, packages_skip_up_to=None, packages_select_build_failed=False, packages_skip_build_finished=False, packages_select_test_failures=False, packages_skip_test_passed=False, packages_select=None, packages_skip=None, packages_select_regex=None, packages_skip_regex=None, packages_start=None, packages_end=None, cmake_args=None, cmake_target=None, cmake_target_skip_unavailable=False, cmake_clean_cache=False, cmake_clean_first=False, cmake_force_configure=False, ament_cmake_args=None, catkin_cmake_args=None, catkin_skip_building_tests=False, mixin_files=None, mixin=None, verb_parser=<colcon_mixin.mixin.mixin_argument.MixinArgumentDecorator object at 0x7ffffe1e3640>, verb_extension=<colcon_core.verb.build.BuildVerb object at 0x7ffffe3a8940>, main=<bound method BuildVerb.main of <colcon_core.verb.build.BuildVerb object at 0x7ffffe3a8940>>, mixin_verb=('build',))
[0.313s] Level 1:colcon.colcon_core.package_discovery:discover_packages(colcon_meta) check parameters
[0.314s] INFO:colcon.colcon_metadata.package_discovery.colcon_meta:Using configuration from '/root/.colcon/metadata/default/Gazebo.meta'
[0.314s] INFO:colcon.colcon_metadata.package_discovery.colcon_meta:Using configuration from '/root/.colcon/metadata/default/fastdds.meta'
[0.315s] INFO:colcon.colcon_metadata.package_discovery.colcon_meta:Using configuration from '/root/.colcon/metadata/default/fastrtps.meta'
[0.315s] Level 1:colcon.colcon_core.package_discovery:discover_packages(recursive) check parameters
[0.315s] Level 1:colcon.colcon_core.package_discovery:discover_packages(ignore) check parameters
[0.315s] Level 1:colcon.colcon_core.package_discovery:discover_packages(path) check parameters
[0.315s] Level 1:colcon.colcon_core.package_discovery:discover_packages(colcon_meta) discover
[0.315s] Level 1:colcon.colcon_core.package_discovery:discover_packages(recursive) discover
[0.315s] INFO:colcon.colcon_core.package_discovery:Crawling recursively for packages in '/Users/jisu/Documents/LIMO_GAZEBO/ws_limo_humble'
[0.315s] Level 1:colcon.colcon_core.package_identification:_identify(.) by extensions ['ignore', 'ignore_ament_install']
[0.315s] Level 1:colcon.colcon_core.package_identification:_identify(.) by extension 'ignore'
[0.316s] Level 1:colcon.colcon_core.package_identification:_identify(.) by extension 'ignore_ament_install'
[0.316s] Level 1:colcon.colcon_core.package_identification:_identify(.) by extensions ['colcon_pkg']
[0.316s] Level 1:colcon.colcon_core.package_identification:_identify(.) by extension 'colcon_pkg'
[0.316s] Level 1:colcon.colcon_core.package_identification:_identify(.) by extensions ['colcon_meta']
[0.316s] Level 1:colcon.colcon_core.package_identification:_identify(.) by extension 'colcon_meta'
[0.316s] Level 1:colcon.colcon_core.package_identification:_identify(.) by extensions ['ros']
[0.316s] Level 1:colcon.colcon_core.package_identification:_identify(.) by extension 'ros'
[0.326s] Level 1:colcon.colcon_core.package_identification:_identify(.) by extensions ['cmake', 'python']
[0.326s] Level 1:colcon.colcon_core.package_identification:_identify(.) by extension 'cmake'
[0.326s] Level 1:colcon.colcon_core.package_identification:_identify(.) by extension 'python'
[0.326s] Level 1:colcon.colcon_core.package_identification:_identify(.) by extensions ['python_setup_py']
[0.326s] Level 1:colcon.colcon_core.package_identification:_identify(.) by extension 'python_setup_py'
[0.326s] Level 1:colcon.colcon_core.package_identification:_identify(build) by extensions ['ignore', 'ignore_ament_install']
[0.327s] Level 1:colcon.colcon_core.package_identification:_identify(build) by extension 'ignore'
[0.327s] Level 1:colcon.colcon_core.package_identification:_identify(build) ignored
[0.327s] Level 1:colcon.colcon_core.package_identification:_identify(install) by extensions ['ignore', 'ignore_ament_install']
[0.327s] Level 1:colcon.colcon_core.package_identification:_identify(install) by extension 'ignore'
[0.327s] Level 1:colcon.colcon_core.package_identification:_identify(install) ignored
[0.327s] Level 1:colcon.colcon_core.package_identification:_identify(log) by extensions ['ignore', 'ignore_ament_install']
[0.327s] Level 1:colcon.colcon_core.package_identification:_identify(log) by extension 'ignore'
[0.327s] Level 1:colcon.colcon_core.package_identification:_identify(log) ignored
[0.328s] Level 1:colcon.colcon_core.package_identification:_identify(src) by extensions ['ignore', 'ignore_ament_install']
[0.328s] Level 1:colcon.colcon_core.package_identification:_identify(src) by extension 'ignore'
[0.328s] Level 1:colcon.colcon_core.package_identification:_identify(src) by extension 'ignore_ament_install'
[0.328s] Level 1:colcon.colcon_core.package_identification:_identify(src) by extensions ['colcon_pkg']
[0.328s] Level 1:colcon.colcon_core.package_identification:_identify(src) by extension 'colcon_pkg'
[0.328s] Level 1:colcon.colcon_core.package_identification:_identify(src) by extensions ['colcon_meta']
[0.328s] Level 1:colcon.colcon_core.package_identification:_identify(src) by extension 'colcon_meta'
[0.328s] Level 1:colcon.colcon_core.package_identification:_identify(src) by extensions ['ros']
[0.328s] Level 1:colcon.colcon_core.package_identification:_identify(src) by extension 'ros'
[0.328s] Level 1:colcon.colcon_core.package_identification:_identify(src) by extensions ['cmake', 'python']
[0.328s] Level 1:colcon.colcon_core.package_identification:_identify(src) by extension 'cmake'
[0.328s] Level 1:colcon.colcon_core.package_identification:_identify(src) by extension 'python'
[0.328s] Level 1:colcon.colcon_core.package_identification:_identify(src) by extensions ['python_setup_py']
[0.328s] Level 1:colcon.colcon_core.package_identification:_identify(src) by extension 'python_setup_py'
[0.329s] Level 1:colcon.colcon_core.package_identification:_identify(src/limo_ros2) by extensions ['ignore', 'ignore_ament_install']
[0.329s] Level 1:colcon.colcon_core.package_identification:_identify(src/limo_ros2) by extension 'ignore'
[0.329s] Level 1:colcon.colcon_core.package_identification:_identify(src/limo_ros2) by extension 'ignore_ament_install'
[0.329s] Level 1:colcon.colcon_core.package_identification:_identify(src/limo_ros2) by extensions ['colcon_pkg']
[0.329s] Level 1:colcon.colcon_core.package_identification:_identify(src/limo_ros2) by extension 'colcon_pkg'
[0.329s] Level 1:colcon.colcon_core.package_identification:_identify(src/limo_ros2) by extensions ['colcon_meta']
[0.329s] Level 1:colcon.colcon_core.package_identification:_identify(src/limo_ros2) by extension 'colcon_meta'
[0.329s] Level 1:colcon.colcon_core.package_identification:_identify(src/limo_ros2) by extensions ['ros']
[0.329s] Level 1:colcon.colcon_core.package_identification:_identify(src/limo_ros2) by extension 'ros'
[0.329s] Level 1:colcon.colcon_core.package_identification:_identify(src/limo_ros2) by extensions ['cmake', 'python']
[0.329s] Level 1:colcon.colcon_core.package_identification:_identify(src/limo_ros2) by extension 'cmake'
[0.329s] Level 1:colcon.colcon_core.package_identification:_identify(src/limo_ros2) by extension 'python'
[0.330s] Level 1:colcon.colcon_core.package_identification:_identify(src/limo_ros2) by extensions ['python_setup_py']
[0.330s] Level 1:colcon.colcon_core.package_identification:_identify(src/limo_ros2) by extension 'python_setup_py'
[0.330s] Level 1:colcon.colcon_core.package_identification:_identify(src/limo_ros2/limo_base) by extensions ['ignore', 'ignore_ament_install']
[0.330s] Level 1:colcon.colcon_core.package_identification:_identify(src/limo_ros2/limo_base) by extension 'ignore'
[0.330s] Level 1:colcon.colcon_core.package_identification:_identify(src/limo_ros2/limo_base) by extension 'ignore_ament_install'
[0.330s] Level 1:colcon.colcon_core.package_identification:_identify(src/limo_ros2/limo_base) by extensions ['colcon_pkg']
[0.330s] Level 1:colcon.colcon_core.package_identification:_identify(src/limo_ros2/limo_base) by extension 'colcon_pkg'
[0.330s] Level 1:colcon.colcon_core.package_identification:_identify(src/limo_ros2/limo_base) by extensions ['colcon_meta']
[0.330s] Level 1:colcon.colcon_core.package_identification:_identify(src/limo_ros2/limo_base) by extension 'colcon_meta'
[0.330s] Level 1:colcon.colcon_core.package_identification:_identify(src/limo_ros2/limo_base) by extensions ['ros']
[0.330s] Level 1:colcon.colcon_core.package_identification:_identify(src/limo_ros2/limo_base) by extension 'ros'
[0.336s] DEBUG:colcon.colcon_core.package_identification:Package 'src/limo_ros2/limo_base' with type 'ros.ament_cmake' and name 'limo_base'
[0.337s] Level 1:colcon.colcon_core.package_identification:_identify(src/limo_ros2/limo_car) by extensions ['ignore', 'ignore_ament_install']
[0.337s] Level 1:colcon.colcon_core.package_identification:_identify(src/limo_ros2/limo_car) by extension 'ignore'
[0.337s] Level 1:colcon.colcon_core.package_identification:_identify(src/limo_ros2/limo_car) by extension 'ignore_ament_install'
[0.337s] Level 1:colcon.colcon_core.package_identification:_identify(src/limo_ros2/limo_car) by extensions ['colcon_pkg']
[0.337s] Level 1:colcon.colcon_core.package_identification:_identify(src/limo_ros2/limo_car) by extension 'colcon_pkg'
[0.337s] Level 1:colcon.colcon_core.package_identification:_identify(src/limo_ros2/limo_car) by extensions ['colcon_meta']
[0.337s] Level 1:colcon.colcon_core.package_identification:_identify(src/limo_ros2/limo_car) by extension 'colcon_meta'
[0.337s] Level 1:colcon.colcon_core.package_identification:_identify(src/limo_ros2/limo_car) by extensions ['ros']
[0.337s] Level 1:colcon.colcon_core.package_identification:_identify(src/limo_ros2/limo_car) by extension 'ros'
[0.338s] DEBUG:colcon.colcon_core.package_identification:Package 'src/limo_ros2/limo_car' with type 'ros.ament_cmake' and name 'limo_car'
[0.339s] Level 1:colcon.colcon_core.package_identification:_identify(src/limo_ros2/limo_description) by extensions ['ignore', 'ignore_ament_install']
[0.339s] Level 1:colcon.colcon_core.package_identification:_identify(src/limo_ros2/limo_description) by extension 'ignore'
[0.339s] Level 1:colcon.colcon_core.package_identification:_identify(src/limo_ros2/limo_description) by extension 'ignore_ament_install'
[0.339s] Level 1:colcon.colcon_core.package_identification:_identify(src/limo_ros2/limo_description) by extensions ['colcon_pkg']
[0.339s] Level 1:colcon.colcon_core.package_identification:_identify(src/limo_ros2/limo_description) by extension 'colcon_pkg'
[0.339s] Level 1:colcon.colcon_core.package_identification:_identify(src/limo_ros2/limo_description) by extensions ['colcon_meta']
[0.339s] Level 1:colcon.colcon_core.package_identification:_identify(src/limo_ros2/limo_description) by extension 'colcon_meta'
[0.339s] Level 1:colcon.colcon_core.package_identification:_identify(src/limo_ros2/limo_description) by extensions ['ros']
[0.339s] Level 1:colcon.colcon_core.package_identification:_identify(src/limo_ros2/limo_description) by extension 'ros'
[0.340s] DEBUG:colcon.colcon_core.package_identification:Package 'src/limo_ros2/limo_description' with type 'ros.ament_cmake' and name 'limo_description'
[0.340s] Level 1:colcon.colcon_core.package_identification:_identify(src/limo_ros2/limo_msgs) by extensions ['ignore', 'ignore_ament_install']
[0.340s] Level 1:colcon.colcon_core.package_identification:_identify(src/limo_ros2/limo_msgs) by extension 'ignore'
[0.340s] Level 1:colcon.colcon_core.package_identification:_identify(src/limo_ros2/limo_msgs) by extension 'ignore_ament_install'
[0.340s] Level 1:colcon.colcon_core.package_identification:_identify(src/limo_ros2/limo_msgs) by extensions ['colcon_pkg']
[0.340s] Level 1:colcon.colcon_core.package_identification:_identify(src/limo_ros2/limo_msgs) by extension 'colcon_pkg'
[0.340s] Level 1:colcon.colcon_core.package_identification:_identify(src/limo_ros2/limo_msgs) by extensions ['colcon_meta']
[0.340s] Level 1:colcon.colcon_core.package_identification:_identify(src/limo_ros2/limo_msgs) by extension 'colcon_meta'
[0.340s] Level 1:colcon.colcon_core.package_identification:_identify(src/limo_ros2/limo_msgs) by extensions ['ros']
[0.340s] Level 1:colcon.colcon_core.package_identification:_identify(src/limo_ros2/limo_msgs) by extension 'ros'
[0.341s] DEBUG:colcon.colcon_core.package_identification:Package 'src/limo_ros2/limo_msgs' with type 'ros.ament_cmake' and name 'limo_msgs'
[0.341s] Level 1:colcon.colcon_core.package_discovery:discover_packages(recursive) using defaults
[0.341s] Level 1:colcon.colcon_core.package_discovery:discover_packages(ignore) discover
[0.341s] Level 1:colcon.colcon_core.package_discovery:discover_packages(ignore) using defaults
[0.341s] Level 1:colcon.colcon_core.package_discovery:discover_packages(path) discover
[0.341s] Level 1:colcon.colcon_core.package_discovery:discover_packages(path) using defaults
[0.362s] Level 5:colcon.colcon_core.verb:set package 'limo_car' build argument 'cmake_args' from command line to 'None'
[0.362s] Level 5:colcon.colcon_core.verb:set package 'limo_car' build argument 'cmake_target' from command line to 'None'
[0.362s] Level 5:colcon.colcon_core.verb:set package 'limo_car' build argument 'cmake_target_skip_unavailable' from command line to 'False'
[0.362s] Level 5:colcon.colcon_core.verb:set package 'limo_car' build argument 'cmake_clean_cache' from command line to 'False'
[0.362s] Level 5:colcon.colcon_core.verb:set package 'limo_car' build argument 'cmake_clean_first' from command line to 'False'
[0.363s] Level 5:colcon.colcon_core.verb:set package 'limo_car' build argument 'cmake_force_configure' from command line to 'False'
[0.363s] Level 5:colcon.colcon_core.verb:set package 'limo_car' build argument 'ament_cmake_args' from command line to 'None'
[0.363s] Level 5:colcon.colcon_core.verb:set package 'limo_car' build argument 'catkin_cmake_args' from command line to 'None'
[0.363s] Level 5:colcon.colcon_core.verb:set package 'limo_car' build argument 'catkin_skip_building_tests' from command line to 'False'
[0.363s] DEBUG:colcon.colcon_core.verb:Building package 'limo_car' with the following arguments: {'ament_cmake_args': None, 'build_base': '/Users/jisu/Documents/LIMO_GAZEBO/ws_limo_humble/build/limo_car', 'catkin_cmake_args': None, 'catkin_skip_building_tests': False, 'cmake_args': None, 'cmake_clean_cache': False, 'cmake_clean_first': False, 'cmake_force_configure': False, 'cmake_target': None, 'cmake_target_skip_unavailable': False, 'install_base': '/Users/jisu/Documents/LIMO_GAZEBO/ws_limo_humble/install/limo_car', 'merge_install': False, 'path': '/Users/jisu/Documents/LIMO_GAZEBO/ws_limo_humble/src/limo_ros2/limo_car', 'symlink_install': True, 'test_result_base': None}
[0.363s] Level 5:colcon.colcon_core.verb:set package 'limo_description' build argument 'cmake_args' from command line to 'None'
[0.363s] Level 5:colcon.colcon_core.verb:set package 'limo_description' build argument 'cmake_target' from command line to 'None'
[0.363s] Level 5:colcon.colcon_core.verb:set package 'limo_description' build argument 'cmake_target_skip_unavailable' from command line to 'False'
[0.363s] Level 5:colcon.colcon_core.verb:set package 'limo_description' build argument 'cmake_clean_cache' from command line to 'False'
[0.363s] Level 5:colcon.colcon_core.verb:set package 'limo_description' build argument 'cmake_clean_first' from command line to 'False'
[0.363s] Level 5:colcon.colcon_core.verb:set package 'limo_description' build argument 'cmake_force_configure' from command line to 'False'
[0.363s] Level 5:colcon.colcon_core.verb:set package 'limo_description' build argument 'ament_cmake_args' from command line to 'None'
[0.363s] Level 5:colcon.colcon_core.verb:set package 'limo_description' build argument 'catkin_cmake_args' from command line to 'None'
[0.363s] Level 5:colcon.colcon_core.verb:set package 'limo_description' build argument 'catkin_skip_building_tests' from command line to 'False'
[0.363s] DEBUG:colcon.colcon_core.verb:Building package 'limo_description' with the following arguments: {'ament_cmake_args': None, 'build_base': '/Users/jisu/Documents/LIMO_GAZEBO/ws_limo_humble/build/limo_description', 'catkin_cmake_args': None, 'catkin_skip_building_tests': False, 'cmake_args': None, 'cmake_clean_cache': False, 'cmake_clean_first': False, 'cmake_force_configure': False, 'cmake_target': None, 'cmake_target_skip_unavailable': False, 'install_base': '/Users/jisu/Documents/LIMO_GAZEBO/ws_limo_humble/install/limo_description', 'merge_install': False, 'path': '/Users/jisu/Documents/LIMO_GAZEBO/ws_limo_humble/src/limo_ros2/limo_description', 'symlink_install': True, 'test_result_base': None}
[0.363s] Level 5:colcon.colcon_core.verb:set package 'limo_msgs' build argument 'cmake_args' from command line to 'None'
[0.364s] Level 5:colcon.colcon_core.verb:set package 'limo_msgs' build argument 'cmake_target' from command line to 'None'
[0.364s] Level 5:colcon.colcon_core.verb:set package 'limo_msgs' build argument 'cmake_target_skip_unavailable' from command line to 'False'
[0.364s] Level 5:colcon.colcon_core.verb:set package 'limo_msgs' build argument 'cmake_clean_cache' from command line to 'False'
[0.364s] Level 5:colcon.colcon_core.verb:set package 'limo_msgs' build argument 'cmake_clean_first' from command line to 'False'
[0.364s] Level 5:colcon.colcon_core.verb:set package 'limo_msgs' build argument 'cmake_force_configure' from command line to 'False'
[0.364s] Level 5:colcon.colcon_core.verb:set package 'limo_msgs' build argument 'ament_cmake_args' from command line to 'None'
[0.364s] Level 5:colcon.colcon_core.verb:set package 'limo_msgs' build argument 'catkin_cmake_args' from command line to 'None'
[0.364s] Level 5:colcon.colcon_core.verb:set package 'limo_msgs' build argument 'catkin_skip_building_tests' from command line to 'False'
[0.364s] DEBUG:colcon.colcon_core.verb:Building package 'limo_msgs' with the following arguments: {'ament_cmake_args': None, 'build_base': '/Users/jisu/Documents/LIMO_GAZEBO/ws_limo_humble/build/limo_msgs', 'catkin_cmake_args': None, 'catkin_skip_building_tests': False, 'cmake_args': None, 'cmake_clean_cache': False, 'cmake_clean_first': False, 'cmake_force_configure': False, 'cmake_target': None, 'cmake_target_skip_unavailable': False, 'install_base': '/Users/jisu/Documents/LIMO_GAZEBO/ws_limo_humble/install/limo_msgs', 'merge_install': False, 'path': '/Users/jisu/Documents/LIMO_GAZEBO/ws_limo_humble/src/limo_ros2/limo_msgs', 'symlink_install': True, 'test_result_base': None}
[0.364s] Level 5:colcon.colcon_core.verb:set package 'limo_base' build argument 'cmake_args' from command line to 'None'
[0.364s] Level 5:colcon.colcon_core.verb:set package 'limo_base' build argument 'cmake_target' from command line to 'None'
[0.364s] Level 5:colcon.colcon_core.verb:set package 'limo_base' build argument 'cmake_target_skip_unavailable' from command line to 'False'
[0.364s] Level 5:colcon.colcon_core.verb:set package 'limo_base' build argument 'cmake_clean_cache' from command line to 'False'
[0.364s] Level 5:colcon.colcon_core.verb:set package 'limo_base' build argument 'cmake_clean_first' from command line to 'False'
[0.364s] Level 5:colcon.colcon_core.verb:set package 'limo_base' build argument 'cmake_force_configure' from command line to 'False'
[0.364s] Level 5:colcon.colcon_core.verb:set package 'limo_base' build argument 'ament_cmake_args' from command line to 'None'
[0.364s] Level 5:colcon.colcon_core.verb:set package 'limo_base' build argument 'catkin_cmake_args' from command line to 'None'
[0.364s] Level 5:colcon.colcon_core.verb:set package 'limo_base' build argument 'catkin_skip_building_tests' from command line to 'False'
[0.364s] DEBUG:colcon.colcon_core.verb:Building package 'limo_base' with the following arguments: {'ament_cmake_args': None, 'build_base': '/Users/jisu/Documents/LIMO_GAZEBO/ws_limo_humble/build/limo_base', 'catkin_cmake_args': None, 'catkin_skip_building_tests': False, 'cmake_args': None, 'cmake_clean_cache': False, 'cmake_clean_first': False, 'cmake_force_configure': False, 'cmake_target': None, 'cmake_target_skip_unavailable': False, 'install_base': '/Users/jisu/Documents/LIMO_GAZEBO/ws_limo_humble/install/limo_base', 'merge_install': False, 'path': '/Users/jisu/Documents/LIMO_GAZEBO/ws_limo_humble/src/limo_ros2/limo_base', 'symlink_install': True, 'test_result_base': None}
[0.364s] INFO:colcon.colcon_core.executor:Executing jobs using 'parallel' executor
[0.368s] DEBUG:colcon.colcon_parallel_executor.executor.parallel:run_until_complete
[0.369s] INFO:colcon.colcon_ros.task.ament_cmake.build:Building ROS package in '/Users/jisu/Documents/LIMO_GAZEBO/ws_limo_humble/src/limo_ros2/limo_msgs' with build type 'ament_cmake'
[0.369s] INFO:colcon.colcon_cmake.task.cmake.build:Building CMake package in '/Users/jisu/Documents/LIMO_GAZEBO/ws_limo_humble/src/limo_ros2/limo_msgs'
[0.372s] INFO:colcon.colcon_core.plugin_system:Skipping extension 'colcon_core.shell.bat': Not used on non-Windows systems
[0.372s] INFO:colcon.colcon_core.shell:Skip shell extension 'powershell' for command environment: Not usable outside of PowerShell
[0.373s] DEBUG:colcon.colcon_core.shell:Skip shell extension 'dsv' for command environment
[0.378s] INFO:colcon.colcon_ros.task.ament_cmake.build:Building ROS package in '/Users/jisu/Documents/LIMO_GAZEBO/ws_limo_humble/src/limo_ros2/limo_car' with build type 'ament_cmake'
[0.379s] INFO:colcon.colcon_cmake.task.cmake.build:Building CMake package in '/Users/jisu/Documents/LIMO_GAZEBO/ws_limo_humble/src/limo_ros2/limo_car'
[0.379s] INFO:colcon.colcon_core.shell:Skip shell extension 'powershell' for command environment: Not usable outside of PowerShell
[0.379s] DEBUG:colcon.colcon_core.shell:Skip shell extension 'dsv' for command environment
[0.383s] INFO:colcon.colcon_ros.task.ament_cmake.build:Building ROS package in '/Users/jisu/Documents/LIMO_GAZEBO/ws_limo_humble/src/limo_ros2/limo_description' with build type 'ament_cmake'
[0.384s] INFO:colcon.colcon_cmake.task.cmake.build:Building CMake package in '/Users/jisu/Documents/LIMO_GAZEBO/ws_limo_humble/src/limo_ros2/limo_description'
[0.384s] INFO:colcon.colcon_core.shell:Skip shell extension 'powershell' for command environment: Not usable outside of PowerShell
[0.385s] DEBUG:colcon.colcon_core.shell:Skip shell extension 'dsv' for command environment
[0.425s] DEBUG:colcon.colcon_core.event_handler.log_command:Invoking command in '/Users/jisu/Documents/LIMO_GAZEBO/ws_limo_humble/build/limo_msgs': CMAKE_PREFIX_PATH=/opt/ros/humble /usr/bin/cmake /Users/jisu/Documents/LIMO_GAZEBO/ws_limo_humble/src/limo_ros2/limo_msgs -DAMENT_CMAKE_SYMLINK_INSTALL=1 -DCMAKE_INSTALL_PREFIX=/Users/jisu/Documents/LIMO_GAZEBO/ws_limo_humble/install/limo_msgs
[0.436s] DEBUG:colcon.colcon_core.event_handler.log_command:Invoking command in '/Users/jisu/Documents/LIMO_GAZEBO/ws_limo_humble/build/limo_car': CMAKE_PREFIX_PATH=/opt/ros/humble /usr/bin/cmake /Users/jisu/Documents/LIMO_GAZEBO/ws_limo_humble/src/limo_ros2/limo_car -DAMENT_CMAKE_SYMLINK_INSTALL=1 -DCMAKE_INSTALL_PREFIX=/Users/jisu/Documents/LIMO_GAZEBO/ws_limo_humble/install/limo_car
[0.446s] DEBUG:colcon.colcon_core.event_handler.log_command:Invoking command in '/Users/jisu/Documents/LIMO_GAZEBO/ws_limo_humble/build/limo_description': CMAKE_PREFIX_PATH=/opt/ros/humble /usr/bin/cmake /Users/jisu/Documents/LIMO_GAZEBO/ws_limo_humble/src/limo_ros2/limo_description -DAMENT_CMAKE_SYMLINK_INSTALL=1 -DCMAKE_INSTALL_PREFIX=/Users/jisu/Documents/LIMO_GAZEBO/ws_limo_humble/install/limo_description
[3.776s] DEBUG:colcon.colcon_core.event_handler.log_command:Invoked command in '/Users/jisu/Documents/LIMO_GAZEBO/ws_limo_humble/build/limo_description' returned '0': CMAKE_PREFIX_PATH=/opt/ros/humble /usr/bin/cmake /Users/jisu/Documents/LIMO_GAZEBO/ws_limo_humble/src/limo_ros2/limo_description -DAMENT_CMAKE_SYMLINK_INSTALL=1 -DCMAKE_INSTALL_PREFIX=/Users/jisu/Documents/LIMO_GAZEBO/ws_limo_humble/install/limo_description
[3.782s] DEBUG:colcon.colcon_core.event_handler.log_command:Invoking command in '/Users/jisu/Documents/LIMO_GAZEBO/ws_limo_humble/build/limo_description': CMAKE_PREFIX_PATH=/opt/ros/humble /usr/bin/cmake --build /Users/jisu/Documents/LIMO_GAZEBO/ws_limo_humble/build/limo_description -- -j8 -l8
[3.812s] DEBUG:colcon.colcon_core.event_handler.log_command:Invoked command in '/Users/jisu/Documents/LIMO_GAZEBO/ws_limo_humble/build/limo_car' returned '0': CMAKE_PREFIX_PATH=/opt/ros/humble /usr/bin/cmake /Users/jisu/Documents/LIMO_GAZEBO/ws_limo_humble/src/limo_ros2/limo_car -DAMENT_CMAKE_SYMLINK_INSTALL=1 -DCMAKE_INSTALL_PREFIX=/Users/jisu/Documents/LIMO_GAZEBO/ws_limo_humble/install/limo_car
[3.816s] DEBUG:colcon.colcon_core.event_handler.log_command:Invoking command in '/Users/jisu/Documents/LIMO_GAZEBO/ws_limo_humble/build/limo_car': CMAKE_PREFIX_PATH=/opt/ros/humble /usr/bin/cmake --build /Users/jisu/Documents/LIMO_GAZEBO/ws_limo_humble/build/limo_car -- -j8 -l8
[4.048s] DEBUG:colcon.colcon_core.event_handler.log_command:Invoked command in '/Users/jisu/Documents/LIMO_GAZEBO/ws_limo_humble/build/limo_description' returned '0': CMAKE_PREFIX_PATH=/opt/ros/humble /usr/bin/cmake --build /Users/jisu/Documents/LIMO_GAZEBO/ws_limo_humble/build/limo_description -- -j8 -l8
[4.098s] DEBUG:colcon.colcon_core.event_handler.log_command:Invoking command in '/Users/jisu/Documents/LIMO_GAZEBO/ws_limo_humble/build/limo_description': CMAKE_PREFIX_PATH=/opt/ros/humble /usr/bin/cmake --install /Users/jisu/Documents/LIMO_GAZEBO/ws_limo_humble/build/limo_description
[4.099s] DEBUG:colcon.colcon_core.event_handler.log_command:Invoked command in '/Users/jisu/Documents/LIMO_GAZEBO/ws_limo_humble/build/limo_car' returned '0': CMAKE_PREFIX_PATH=/opt/ros/humble /usr/bin/cmake --build /Users/jisu/Documents/LIMO_GAZEBO/ws_limo_humble/build/limo_car -- -j8 -l8
[4.109s] DEBUG:colcon.colcon_core.event_handler.log_command:Invoking command in '/Users/jisu/Documents/LIMO_GAZEBO/ws_limo_humble/build/limo_car': CMAKE_PREFIX_PATH=/opt/ros/humble /usr/bin/cmake --install /Users/jisu/Documents/LIMO_GAZEBO/ws_limo_humble/build/limo_car
[5.398s] Level 1:colcon.colcon_core.environment:create_environment_scripts_only(limo_description)
[5.400s] DEBUG:colcon.colcon_core.event_handler.log_command:Invoked command in '/Users/jisu/Documents/LIMO_GAZEBO/ws_limo_humble/build/limo_description' returned '0': CMAKE_PREFIX_PATH=/opt/ros/humble /usr/bin/cmake --install /Users/jisu/Documents/LIMO_GAZEBO/ws_limo_humble/build/limo_description
[5.406s] Level 1:colcon.colcon_core.environment:checking '/Users/jisu/Documents/LIMO_GAZEBO/ws_limo_humble/install/limo_description' for CMake module files
[5.410s] Level 1:colcon.colcon_core.environment:checking '/Users/jisu/Documents/LIMO_GAZEBO/ws_limo_humble/install/limo_description' for CMake config files
[5.410s] Level 1:colcon.colcon_core.shell:create_environment_hook('limo_description', 'cmake_prefix_path')
[5.410s] INFO:colcon.colcon_core.shell:Creating environment hook '/Users/jisu/Documents/LIMO_GAZEBO/ws_limo_humble/install/limo_description/share/limo_description/hook/cmake_prefix_path.ps1'
[5.412s] INFO:colcon.colcon_core.shell:Creating environment descriptor '/Users/jisu/Documents/LIMO_GAZEBO/ws_limo_humble/install/limo_description/share/limo_description/hook/cmake_prefix_path.dsv'
[5.413s] INFO:colcon.colcon_core.shell:Creating environment hook '/Users/jisu/Documents/LIMO_GAZEBO/ws_limo_humble/install/limo_description/share/limo_description/hook/cmake_prefix_path.sh'
[5.416s] Level 1:colcon.colcon_core.environment:checking '/Users/jisu/Documents/LIMO_GAZEBO/ws_limo_humble/install/limo_description/bin'
[5.416s] Level 1:colcon.colcon_core.environment:checking '/Users/jisu/Documents/LIMO_GAZEBO/ws_limo_humble/install/limo_description/lib/pkgconfig/limo_description.pc'
[5.417s] Level 1:colcon.colcon_core.environment:checking '/Users/jisu/Documents/LIMO_GAZEBO/ws_limo_humble/install/limo_description/lib/python3.10/site-packages'
[5.417s] Level 1:colcon.colcon_core.environment:checking '/Users/jisu/Documents/LIMO_GAZEBO/ws_limo_humble/install/limo_description/bin'
[5.420s] INFO:colcon.colcon_core.shell:Creating package script '/Users/jisu/Documents/LIMO_GAZEBO/ws_limo_humble/install/limo_description/share/limo_description/package.ps1'
[5.425s] INFO:colcon.colcon_core.shell:Creating package descriptor '/Users/jisu/Documents/LIMO_GAZEBO/ws_limo_humble/install/limo_description/share/limo_description/package.dsv'
[5.426s] INFO:colcon.colcon_core.shell:Creating package script '/Users/jisu/Documents/LIMO_GAZEBO/ws_limo_humble/install/limo_description/share/limo_description/package.sh'
[5.427s] INFO:colcon.colcon_core.shell:Creating package script '/Users/jisu/Documents/LIMO_GAZEBO/ws_limo_humble/install/limo_description/share/limo_description/package.bash'
[5.428s] INFO:colcon.colcon_core.shell:Creating package script '/Users/jisu/Documents/LIMO_GAZEBO/ws_limo_humble/install/limo_description/share/limo_description/package.zsh'
[5.429s] Level 1:colcon.colcon_core.environment:create_file_with_runtime_dependencies(/Users/jisu/Documents/LIMO_GAZEBO/ws_limo_humble/install/limo_description/share/colcon-core/packages/limo_description)
[5.432s] Level 1:colcon.colcon_core.environment:create_environment_scripts_only(limo_description)
[5.432s] Level 1:colcon.colcon_core.environment:checking '/Users/jisu/Documents/LIMO_GAZEBO/ws_limo_humble/install/limo_description' for CMake module files
[5.434s] Level 1:colcon.colcon_core.environment:checking '/Users/jisu/Documents/LIMO_GAZEBO/ws_limo_humble/install/limo_description' for CMake config files
[5.435s] Level 1:colcon.colcon_core.shell:create_environment_hook('limo_description', 'cmake_prefix_path')
[5.435s] INFO:colcon.colcon_core.shell:Creating environment hook '/Users/jisu/Documents/LIMO_GAZEBO/ws_limo_humble/install/limo_description/share/limo_description/hook/cmake_prefix_path.ps1'
[5.435s] INFO:colcon.colcon_core.shell:Creating environment descriptor '/Users/jisu/Documents/LIMO_GAZEBO/ws_limo_humble/install/limo_description/share/limo_description/hook/cmake_prefix_path.dsv'
[5.436s] INFO:colcon.colcon_core.shell:Creating environment hook '/Users/jisu/Documents/LIMO_GAZEBO/ws_limo_humble/install/limo_description/share/limo_description/hook/cmake_prefix_path.sh'
[5.437s] Level 1:colcon.colcon_core.environment:checking '/Users/jisu/Documents/LIMO_GAZEBO/ws_limo_humble/install/limo_description/bin'
[5.437s] Level 1:colcon.colcon_core.environment:checking '/Users/jisu/Documents/LIMO_GAZEBO/ws_limo_humble/install/limo_description/lib/pkgconfig/limo_description.pc'
[5.437s] Level 1:colcon.colcon_core.environment:checking '/Users/jisu/Documents/LIMO_GAZEBO/ws_limo_humble/install/limo_description/lib/python3.10/site-packages'
[5.437s] Level 1:colcon.colcon_core.environment:checking '/Users/jisu/Documents/LIMO_GAZEBO/ws_limo_humble/install/limo_description/bin'
[5.438s] INFO:colcon.colcon_core.shell:Creating package script '/Users/jisu/Documents/LIMO_GAZEBO/ws_limo_humble/install/limo_description/share/limo_description/package.ps1'
[5.438s] INFO:colcon.colcon_core.shell:Creating package descriptor '/Users/jisu/Documents/LIMO_GAZEBO/ws_limo_humble/install/limo_description/share/limo_description/package.dsv'
[5.439s] INFO:colcon.colcon_core.shell:Creating package script '/Users/jisu/Documents/LIMO_GAZEBO/ws_limo_humble/install/limo_description/share/limo_description/package.sh'
[5.439s] INFO:colcon.colcon_core.shell:Creating package script '/Users/jisu/Documents/LIMO_GAZEBO/ws_limo_humble/install/limo_description/share/limo_description/package.bash'
[5.439s] INFO:colcon.colcon_core.shell:Creating package script '/Users/jisu/Documents/LIMO_GAZEBO/ws_limo_humble/install/limo_description/share/limo_description/package.zsh'
[5.440s] Level 1:colcon.colcon_core.environment:create_file_with_runtime_dependencies(/Users/jisu/Documents/LIMO_GAZEBO/ws_limo_humble/install/limo_description/share/colcon-core/packages/limo_description)
[5.736s] Level 1:colcon.colcon_core.environment:create_environment_scripts_only(limo_car)
[5.736s] Level 1:colcon.colcon_core.environment:checking '/Users/jisu/Documents/LIMO_GAZEBO/ws_limo_humble/install/limo_car' for CMake module files
[5.736s] DEBUG:colcon.colcon_core.event_handler.log_command:Invoked command in '/Users/jisu/Documents/LIMO_GAZEBO/ws_limo_humble/build/limo_car' returned '0': CMAKE_PREFIX_PATH=/opt/ros/humble /usr/bin/cmake --install /Users/jisu/Documents/LIMO_GAZEBO/ws_limo_humble/build/limo_car
[5.740s] Level 1:colcon.colcon_core.environment:checking '/Users/jisu/Documents/LIMO_GAZEBO/ws_limo_humble/install/limo_car' for CMake config files
[5.741s] Level 1:colcon.colcon_core.shell:create_environment_hook('limo_car', 'cmake_prefix_path')
[5.741s] INFO:colcon.colcon_core.shell:Creating environment hook '/Users/jisu/Documents/LIMO_GAZEBO/ws_limo_humble/install/limo_car/share/limo_car/hook/cmake_prefix_path.ps1'
[5.742s] INFO:colcon.colcon_core.shell:Creating environment descriptor '/Users/jisu/Documents/LIMO_GAZEBO/ws_limo_humble/install/limo_car/share/limo_car/hook/cmake_prefix_path.dsv'
[5.743s] INFO:colcon.colcon_core.shell:Creating environment hook '/Users/jisu/Documents/LIMO_GAZEBO/ws_limo_humble/install/limo_car/share/limo_car/hook/cmake_prefix_path.sh'
[5.744s] Level 1:colcon.colcon_core.environment:checking '/Users/jisu/Documents/LIMO_GAZEBO/ws_limo_humble/install/limo_car/bin'
[5.744s] Level 1:colcon.colcon_core.environment:checking '/Users/jisu/Documents/LIMO_GAZEBO/ws_limo_humble/install/limo_car/lib/pkgconfig/limo_car.pc'
[5.744s] Level 1:colcon.colcon_core.environment:checking '/Users/jisu/Documents/LIMO_GAZEBO/ws_limo_humble/install/limo_car/lib/python3.10/site-packages'
[5.744s] Level 1:colcon.colcon_core.environment:checking '/Users/jisu/Documents/LIMO_GAZEBO/ws_limo_humble/install/limo_car/bin'
[5.745s] INFO:colcon.colcon_core.shell:Creating package script '/Users/jisu/Documents/LIMO_GAZEBO/ws_limo_humble/install/limo_car/share/limo_car/package.ps1'
[5.749s] INFO:colcon.colcon_core.shell:Creating package descriptor '/Users/jisu/Documents/LIMO_GAZEBO/ws_limo_humble/install/limo_car/share/limo_car/package.dsv'
[5.750s] INFO:colcon.colcon_core.shell:Creating package script '/Users/jisu/Documents/LIMO_GAZEBO/ws_limo_humble/install/limo_car/share/limo_car/package.sh'
[5.754s] INFO:colcon.colcon_core.shell:Creating package script '/Users/jisu/Documents/LIMO_GAZEBO/ws_limo_humble/install/limo_car/share/limo_car/package.bash'
[5.754s] INFO:colcon.colcon_core.shell:Creating package script '/Users/jisu/Documents/LIMO_GAZEBO/ws_limo_humble/install/limo_car/share/limo_car/package.zsh'
[5.755s] Level 1:colcon.colcon_core.environment:create_file_with_runtime_dependencies(/Users/jisu/Documents/LIMO_GAZEBO/ws_limo_humble/install/limo_car/share/colcon-core/packages/limo_car)
[5.758s] Level 1:colcon.colcon_core.environment:create_environment_scripts_only(limo_car)
[5.758s] Level 1:colcon.colcon_core.environment:checking '/Users/jisu/Documents/LIMO_GAZEBO/ws_limo_humble/install/limo_car' for CMake module files
[5.760s] Level 1:colcon.colcon_core.environment:checking '/Users/jisu/Documents/LIMO_GAZEBO/ws_limo_humble/install/limo_car' for CMake config files
[5.761s] Level 1:colcon.colcon_core.shell:create_environment_hook('limo_car', 'cmake_prefix_path')
[5.761s] INFO:colcon.colcon_core.shell:Creating environment hook '/Users/jisu/Documents/LIMO_GAZEBO/ws_limo_humble/install/limo_car/share/limo_car/hook/cmake_prefix_path.ps1'
[5.761s] INFO:colcon.colcon_core.shell:Creating environment descriptor '/Users/jisu/Documents/LIMO_GAZEBO/ws_limo_humble/install/limo_car/share/limo_car/hook/cmake_prefix_path.dsv'
[5.763s] INFO:colcon.colcon_core.shell:Creating environment hook '/Users/jisu/Documents/LIMO_GAZEBO/ws_limo_humble/install/limo_car/share/limo_car/hook/cmake_prefix_path.sh'
[5.764s] Level 1:colcon.colcon_core.environment:checking '/Users/jisu/Documents/LIMO_GAZEBO/ws_limo_humble/install/limo_car/bin'
[5.764s] Level 1:colcon.colcon_core.environment:checking '/Users/jisu/Documents/LIMO_GAZEBO/ws_limo_humble/install/limo_car/lib/pkgconfig/limo_car.pc'
[5.764s] Level 1:colcon.colcon_core.environment:checking '/Users/jisu/Documents/LIMO_GAZEBO/ws_limo_humble/install/limo_car/lib/python3.10/site-packages'
[5.764s] Level 1:colcon.colcon_core.environment:checking '/Users/jisu/Documents/LIMO_GAZEBO/ws_limo_humble/install/limo_car/bin'
[5.765s] INFO:colcon.colcon_core.shell:Creating package script '/Users/jisu/Documents/LIMO_GAZEBO/ws_limo_humble/install/limo_car/share/limo_car/package.ps1'
[5.768s] INFO:colcon.colcon_core.shell:Creating package descriptor '/Users/jisu/Documents/LIMO_GAZEBO/ws_limo_humble/install/limo_car/share/limo_car/package.dsv'
[5.769s] INFO:colcon.colcon_core.shell:Creating package script '/Users/jisu/Documents/LIMO_GAZEBO/ws_limo_humble/install/limo_car/share/limo_car/package.sh'
[5.769s] INFO:colcon.colcon_core.shell:Creating package script '/Users/jisu/Documents/LIMO_GAZEBO/ws_limo_humble/install/limo_car/share/limo_car/package.bash'
[5.772s] INFO:colcon.colcon_core.shell:Creating package script '/Users/jisu/Documents/LIMO_GAZEBO/ws_limo_humble/install/limo_car/share/limo_car/package.zsh'
[5.773s] Level 1:colcon.colcon_core.environment:create_file_with_runtime_dependencies(/Users/jisu/Documents/LIMO_GAZEBO/ws_limo_humble/install/limo_car/share/colcon-core/packages/limo_car)
[7.075s] DEBUG:colcon.colcon_core.event_handler.log_command:Invoked command in '/Users/jisu/Documents/LIMO_GAZEBO/ws_limo_humble/build/limo_msgs' returned '0': CMAKE_PREFIX_PATH=/opt/ros/humble /usr/bin/cmake /Users/jisu/Documents/LIMO_GAZEBO/ws_limo_humble/src/limo_ros2/limo_msgs -DAMENT_CMAKE_SYMLINK_INSTALL=1 -DCMAKE_INSTALL_PREFIX=/Users/jisu/Documents/LIMO_GAZEBO/ws_limo_humble/install/limo_msgs
[7.079s] DEBUG:colcon.colcon_core.event_handler.log_command:Invoking command in '/Users/jisu/Documents/LIMO_GAZEBO/ws_limo_humble/build/limo_msgs': CMAKE_PREFIX_PATH=/opt/ros/humble /usr/bin/cmake --build /Users/jisu/Documents/LIMO_GAZEBO/ws_limo_humble/build/limo_msgs -- -j8 -l8
[12.694s] DEBUG:colcon.colcon_core.event_handler.log_command:Invoked command in '/Users/jisu/Documents/LIMO_GAZEBO/ws_limo_humble/build/limo_msgs' returned '0': CMAKE_PREFIX_PATH=/opt/ros/humble /usr/bin/cmake --build /Users/jisu/Documents/LIMO_GAZEBO/ws_limo_humble/build/limo_msgs -- -j8 -l8
[12.698s] DEBUG:colcon.colcon_core.event_handler.log_command:Invoking command in '/Users/jisu/Documents/LIMO_GAZEBO/ws_limo_humble/build/limo_msgs': CMAKE_PREFIX_PATH=/opt/ros/humble /usr/bin/cmake --install /Users/jisu/Documents/LIMO_GAZEBO/ws_limo_humble/build/limo_msgs
[15.216s] Level 1:colcon.colcon_core.environment:create_environment_scripts_only(limo_msgs)
[15.216s] Level 1:colcon.colcon_core.environment:checking '/Users/jisu/Documents/LIMO_GAZEBO/ws_limo_humble/install/limo_msgs' for CMake module files
[15.216s] DEBUG:colcon.colcon_core.event_handler.log_command:Invoked command in '/Users/jisu/Documents/LIMO_GAZEBO/ws_limo_humble/build/limo_msgs' returned '0': CMAKE_PREFIX_PATH=/opt/ros/humble /usr/bin/cmake --install /Users/jisu/Documents/LIMO_GAZEBO/ws_limo_humble/build/limo_msgs
[15.219s] Level 1:colcon.colcon_core.environment:checking '/Users/jisu/Documents/LIMO_GAZEBO/ws_limo_humble/install/limo_msgs' for CMake config files
[15.223s] Level 1:colcon.colcon_core.shell:create_environment_hook('limo_msgs', 'cmake_prefix_path')
[15.223s] INFO:colcon.colcon_core.shell:Creating environment hook '/Users/jisu/Documents/LIMO_GAZEBO/ws_limo_humble/install/limo_msgs/share/limo_msgs/hook/cmake_prefix_path.ps1'
[15.224s] INFO:colcon.colcon_core.shell:Creating environment descriptor '/Users/jisu/Documents/LIMO_GAZEBO/ws_limo_humble/install/limo_msgs/share/limo_msgs/hook/cmake_prefix_path.dsv'
[15.224s] INFO:colcon.colcon_core.shell:Creating environment hook '/Users/jisu/Documents/LIMO_GAZEBO/ws_limo_humble/install/limo_msgs/share/limo_msgs/hook/cmake_prefix_path.sh'
[15.225s] Level 1:colcon.colcon_core.environment:checking '/Users/jisu/Documents/LIMO_GAZEBO/ws_limo_humble/install/limo_msgs/lib'
[15.226s] Level 1:colcon.colcon_core.shell:create_environment_hook('limo_msgs', 'ld_library_path_lib')
[15.226s] INFO:colcon.colcon_core.shell:Creating environment hook '/Users/jisu/Documents/LIMO_GAZEBO/ws_limo_humble/install/limo_msgs/share/limo_msgs/hook/ld_library_path_lib.ps1'
[15.227s] INFO:colcon.colcon_core.shell:Creating environment descriptor '/Users/jisu/Documents/LIMO_GAZEBO/ws_limo_humble/install/limo_msgs/share/limo_msgs/hook/ld_library_path_lib.dsv'
[15.227s] INFO:colcon.colcon_core.shell:Creating environment hook '/Users/jisu/Documents/LIMO_GAZEBO/ws_limo_humble/install/limo_msgs/share/limo_msgs/hook/ld_library_path_lib.sh'
[15.227s] Level 1:colcon.colcon_core.environment:checking '/Users/jisu/Documents/LIMO_GAZEBO/ws_limo_humble/install/limo_msgs/bin'
[15.228s] Level 1:colcon.colcon_core.environment:checking '/Users/jisu/Documents/LIMO_GAZEBO/ws_limo_humble/install/limo_msgs/lib/pkgconfig/limo_msgs.pc'
[15.228s] Level 1:colcon.colcon_core.environment:checking '/Users/jisu/Documents/LIMO_GAZEBO/ws_limo_humble/install/limo_msgs/lib/python3.10/site-packages'
[15.228s] Level 1:colcon.colcon_core.environment:checking '/Users/jisu/Documents/LIMO_GAZEBO/ws_limo_humble/install/limo_msgs/bin'
[15.228s] INFO:colcon.colcon_core.shell:Creating package script '/Users/jisu/Documents/LIMO_GAZEBO/ws_limo_humble/install/limo_msgs/share/limo_msgs/package.ps1'
[15.229s] INFO:colcon.colcon_core.shell:Creating package descriptor '/Users/jisu/Documents/LIMO_GAZEBO/ws_limo_humble/install/limo_msgs/share/limo_msgs/package.dsv'
[15.230s] INFO:colcon.colcon_core.shell:Creating package script '/Users/jisu/Documents/LIMO_GAZEBO/ws_limo_humble/install/limo_msgs/share/limo_msgs/package.sh'
[15.230s] INFO:colcon.colcon_core.shell:Creating package script '/Users/jisu/Documents/LIMO_GAZEBO/ws_limo_humble/install/limo_msgs/share/limo_msgs/package.bash'
[15.231s] INFO:colcon.colcon_core.shell:Creating package script '/Users/jisu/Documents/LIMO_GAZEBO/ws_limo_humble/install/limo_msgs/share/limo_msgs/package.zsh'
[15.232s] Level 1:colcon.colcon_core.environment:create_file_with_runtime_dependencies(/Users/jisu/Documents/LIMO_GAZEBO/ws_limo_humble/install/limo_msgs/share/colcon-core/packages/limo_msgs)
[15.233s] Level 1:colcon.colcon_core.environment:create_environment_scripts_only(limo_msgs)
[15.233s] Level 1:colcon.colcon_core.environment:checking '/Users/jisu/Documents/LIMO_GAZEBO/ws_limo_humble/install/limo_msgs' for CMake module files
[15.235s] Level 1:colcon.colcon_core.environment:checking '/Users/jisu/Documents/LIMO_GAZEBO/ws_limo_humble/install/limo_msgs' for CMake config files
[15.239s] Level 1:colcon.colcon_core.shell:create_environment_hook('limo_msgs', 'cmake_prefix_path')
[15.239s] INFO:colcon.colcon_core.shell:Creating environment hook '/Users/jisu/Documents/LIMO_GAZEBO/ws_limo_humble/install/limo_msgs/share/limo_msgs/hook/cmake_prefix_path.ps1'
[15.239s] INFO:colcon.colcon_core.shell:Creating environment descriptor '/Users/jisu/Documents/LIMO_GAZEBO/ws_limo_humble/install/limo_msgs/share/limo_msgs/hook/cmake_prefix_path.dsv'
[15.240s] INFO:colcon.colcon_core.shell:Creating environment hook '/Users/jisu/Documents/LIMO_GAZEBO/ws_limo_humble/install/limo_msgs/share/limo_msgs/hook/cmake_prefix_path.sh'
[15.240s] Level 1:colcon.colcon_core.environment:checking '/Users/jisu/Documents/LIMO_GAZEBO/ws_limo_humble/install/limo_msgs/lib'
[15.240s] Level 1:colcon.colcon_core.shell:create_environment_hook('limo_msgs', 'ld_library_path_lib')
[15.241s] INFO:colcon.colcon_core.shell:Creating environment hook '/Users/jisu/Documents/LIMO_GAZEBO/ws_limo_humble/install/limo_msgs/share/limo_msgs/hook/ld_library_path_lib.ps1'
[15.241s] INFO:colcon.colcon_core.shell:Creating environment descriptor '/Users/jisu/Documents/LIMO_GAZEBO/ws_limo_humble/install/limo_msgs/share/limo_msgs/hook/ld_library_path_lib.dsv'
[15.248s] INFO:colcon.colcon_core.shell:Creating environment hook '/Users/jisu/Documents/LIMO_GAZEBO/ws_limo_humble/install/limo_msgs/share/limo_msgs/hook/ld_library_path_lib.sh'
[15.249s] Level 1:colcon.colcon_core.environment:checking '/Users/jisu/Documents/LIMO_GAZEBO/ws_limo_humble/install/limo_msgs/bin'
[15.249s] Level 1:colcon.colcon_core.environment:checking '/Users/jisu/Documents/LIMO_GAZEBO/ws_limo_humble/install/limo_msgs/lib/pkgconfig/limo_msgs.pc'
[15.250s] Level 1:colcon.colcon_core.environment:checking '/Users/jisu/Documents/LIMO_GAZEBO/ws_limo_humble/install/limo_msgs/lib/python3.10/site-packages'
[15.250s] Level 1:colcon.colcon_core.environment:checking '/Users/jisu/Documents/LIMO_GAZEBO/ws_limo_humble/install/limo_msgs/bin'
[15.251s] INFO:colcon.colcon_core.shell:Creating package script '/Users/jisu/Documents/LIMO_GAZEBO/ws_limo_humble/install/limo_msgs/share/limo_msgs/package.ps1'
[15.251s] INFO:colcon.colcon_core.shell:Creating package descriptor '/Users/jisu/Documents/LIMO_GAZEBO/ws_limo_humble/install/limo_msgs/share/limo_msgs/package.dsv'
[15.252s] INFO:colcon.colcon_core.shell:Creating package script '/Users/jisu/Documents/LIMO_GAZEBO/ws_limo_humble/install/limo_msgs/share/limo_msgs/package.sh'
[15.252s] INFO:colcon.colcon_core.shell:Creating package script '/Users/jisu/Documents/LIMO_GAZEBO/ws_limo_humble/install/limo_msgs/share/limo_msgs/package.bash'
[15.253s] INFO:colcon.colcon_core.shell:Creating package script '/Users/jisu/Documents/LIMO_GAZEBO/ws_limo_humble/install/limo_msgs/share/limo_msgs/package.zsh'
[15.253s] Level 1:colcon.colcon_core.environment:create_file_with_runtime_dependencies(/Users/jisu/Documents/LIMO_GAZEBO/ws_limo_humble/install/limo_msgs/share/colcon-core/packages/limo_msgs)
[15.253s] INFO:colcon.colcon_ros.task.ament_cmake.build:Building ROS package in '/Users/jisu/Documents/LIMO_GAZEBO/ws_limo_humble/src/limo_ros2/limo_base' with build type 'ament_cmake'
[15.254s] INFO:colcon.colcon_cmake.task.cmake.build:Building CMake package in '/Users/jisu/Documents/LIMO_GAZEBO/ws_limo_humble/src/limo_ros2/limo_base'
[15.254s] INFO:colcon.colcon_core.shell:Skip shell extension 'powershell' for command environment: Not usable outside of PowerShell
[15.254s] DEBUG:colcon.colcon_core.shell:Skip shell extension 'dsv' for command environment
[15.321s] DEBUG:colcon.colcon_core.event_handler.log_command:Invoking command in '/Users/jisu/Documents/LIMO_GAZEBO/ws_limo_humble/build/limo_base': AMENT_PREFIX_PATH=/Users/jisu/Documents/LIMO_GAZEBO/ws_limo_humble/install/limo_msgs:${AMENT_PREFIX_PATH} CMAKE_PREFIX_PATH=/Users/jisu/Documents/LIMO_GAZEBO/ws_limo_humble/install/limo_msgs:/opt/ros/humble LD_LIBRARY_PATH=/Users/jisu/Documents/LIMO_GAZEBO/ws_limo_humble/install/limo_msgs/lib:${LD_LIBRARY_PATH} PYTHONPATH=/Users/jisu/Documents/LIMO_GAZEBO/ws_limo_humble/install/limo_msgs/local/lib/python3.10/dist-packages:${PYTHONPATH} /usr/bin/cmake /Users/jisu/Documents/LIMO_GAZEBO/ws_limo_humble/src/limo_ros2/limo_base -DAMENT_CMAKE_SYMLINK_INSTALL=1 -DCMAKE_INSTALL_PREFIX=/Users/jisu/Documents/LIMO_GAZEBO/ws_limo_humble/install/limo_base
[20.101s] DEBUG:colcon.colcon_core.event_handler.log_command:Invoked command in '/Users/jisu/Documents/LIMO_GAZEBO/ws_limo_humble/build/limo_base' returned '0': AMENT_PREFIX_PATH=/Users/jisu/Documents/LIMO_GAZEBO/ws_limo_humble/install/limo_msgs:${AMENT_PREFIX_PATH} CMAKE_PREFIX_PATH=/Users/jisu/Documents/LIMO_GAZEBO/ws_limo_humble/install/limo_msgs:/opt/ros/humble LD_LIBRARY_PATH=/Users/jisu/Documents/LIMO_GAZEBO/ws_limo_humble/install/limo_msgs/lib:${LD_LIBRARY_PATH} PYTHONPATH=/Users/jisu/Documents/LIMO_GAZEBO/ws_limo_humble/install/limo_msgs/local/lib/python3.10/dist-packages:${PYTHONPATH} /usr/bin/cmake /Users/jisu/Documents/LIMO_GAZEBO/ws_limo_humble/src/limo_ros2/limo_base -DAMENT_CMAKE_SYMLINK_INSTALL=1 -DCMAKE_INSTALL_PREFIX=/Users/jisu/Documents/LIMO_GAZEBO/ws_limo_humble/install/limo_base
[20.105s] DEBUG:colcon.colcon_core.event_handler.log_command:Invoking command in '/Users/jisu/Documents/LIMO_GAZEBO/ws_limo_humble/build/limo_base': AMENT_PREFIX_PATH=/Users/jisu/Documents/LIMO_GAZEBO/ws_limo_humble/install/limo_msgs:${AMENT_PREFIX_PATH} CMAKE_PREFIX_PATH=/Users/jisu/Documents/LIMO_GAZEBO/ws_limo_humble/install/limo_msgs:/opt/ros/humble LD_LIBRARY_PATH=/Users/jisu/Documents/LIMO_GAZEBO/ws_limo_humble/install/limo_msgs/lib:${LD_LIBRARY_PATH} PYTHONPATH=/Users/jisu/Documents/LIMO_GAZEBO/ws_limo_humble/install/limo_msgs/local/lib/python3.10/dist-packages:${PYTHONPATH} /usr/bin/cmake --build /Users/jisu/Documents/LIMO_GAZEBO/ws_limo_humble/build/limo_base -- -j8 -l8
[28.874s] DEBUG:colcon.colcon_core.event_handler.log_command:Invoked command in '/Users/jisu/Documents/LIMO_GAZEBO/ws_limo_humble/build/limo_base' returned '0': AMENT_PREFIX_PATH=/Users/jisu/Documents/LIMO_GAZEBO/ws_limo_humble/install/limo_msgs:${AMENT_PREFIX_PATH} CMAKE_PREFIX_PATH=/Users/jisu/Documents/LIMO_GAZEBO/ws_limo_humble/install/limo_msgs:/opt/ros/humble LD_LIBRARY_PATH=/Users/jisu/Documents/LIMO_GAZEBO/ws_limo_humble/install/limo_msgs/lib:${LD_LIBRARY_PATH} PYTHONPATH=/Users/jisu/Documents/LIMO_GAZEBO/ws_limo_humble/install/limo_msgs/local/lib/python3.10/dist-packages:${PYTHONPATH} /usr/bin/cmake --build /Users/jisu/Documents/LIMO_GAZEBO/ws_limo_humble/build/limo_base -- -j8 -l8
[28.878s] DEBUG:colcon.colcon_core.event_handler.log_command:Invoking command in '/Users/jisu/Documents/LIMO_GAZEBO/ws_limo_humble/build/limo_base': AMENT_PREFIX_PATH=/Users/jisu/Documents/LIMO_GAZEBO/ws_limo_humble/install/limo_msgs:${AMENT_PREFIX_PATH} CMAKE_PREFIX_PATH=/Users/jisu/Documents/LIMO_GAZEBO/ws_limo_humble/install/limo_msgs:/opt/ros/humble LD_LIBRARY_PATH=/Users/jisu/Documents/LIMO_GAZEBO/ws_limo_humble/install/limo_msgs/lib:${LD_LIBRARY_PATH} PYTHONPATH=/Users/jisu/Documents/LIMO_GAZEBO/ws_limo_humble/install/limo_msgs/local/lib/python3.10/dist-packages:${PYTHONPATH} /usr/bin/cmake --install /Users/jisu/Documents/LIMO_GAZEBO/ws_limo_humble/build/limo_base
[29.913s] Level 1:colcon.colcon_core.environment:create_environment_scripts_only(limo_base)
[29.914s] Level 1:colcon.colcon_core.environment:checking '/Users/jisu/Documents/LIMO_GAZEBO/ws_limo_humble/install/limo_base' for CMake module files
[29.914s] DEBUG:colcon.colcon_core.event_handler.log_command:Invoked command in '/Users/jisu/Documents/LIMO_GAZEBO/ws_limo_humble/build/limo_base' returned '0': AMENT_PREFIX_PATH=/Users/jisu/Documents/LIMO_GAZEBO/ws_limo_humble/install/limo_msgs:${AMENT_PREFIX_PATH} CMAKE_PREFIX_PATH=/Users/jisu/Documents/LIMO_GAZEBO/ws_limo_humble/install/limo_msgs:/opt/ros/humble LD_LIBRARY_PATH=/Users/jisu/Documents/LIMO_GAZEBO/ws_limo_humble/install/limo_msgs/lib:${LD_LIBRARY_PATH} PYTHONPATH=/Users/jisu/Documents/LIMO_GAZEBO/ws_limo_humble/install/limo_msgs/local/lib/python3.10/dist-packages:${PYTHONPATH} /usr/bin/cmake --install /Users/jisu/Documents/LIMO_GAZEBO/ws_limo_humble/build/limo_base
[29.917s] Level 1:colcon.colcon_core.environment:checking '/Users/jisu/Documents/LIMO_GAZEBO/ws_limo_humble/install/limo_base' for CMake config files
[29.919s] Level 1:colcon.colcon_core.shell:create_environment_hook('limo_base', 'cmake_prefix_path')
[29.919s] INFO:colcon.colcon_core.shell:Creating environment hook '/Users/jisu/Documents/LIMO_GAZEBO/ws_limo_humble/install/limo_base/share/limo_base/hook/cmake_prefix_path.ps1'
[29.920s] INFO:colcon.colcon_core.shell:Creating environment descriptor '/Users/jisu/Documents/LIMO_GAZEBO/ws_limo_humble/install/limo_base/share/limo_base/hook/cmake_prefix_path.dsv'
[29.920s] INFO:colcon.colcon_core.shell:Creating environment hook '/Users/jisu/Documents/LIMO_GAZEBO/ws_limo_humble/install/limo_base/share/limo_base/hook/cmake_prefix_path.sh'
[29.921s] Level 1:colcon.colcon_core.environment:checking '/Users/jisu/Documents/LIMO_GAZEBO/ws_limo_humble/install/limo_base/lib'
[29.922s] Level 1:colcon.colcon_core.environment:checking '/Users/jisu/Documents/LIMO_GAZEBO/ws_limo_humble/install/limo_base/bin'
[29.922s] Level 1:colcon.colcon_core.environment:checking '/Users/jisu/Documents/LIMO_GAZEBO/ws_limo_humble/install/limo_base/lib/pkgconfig/limo_base.pc'
[29.922s] Level 1:colcon.colcon_core.environment:checking '/Users/jisu/Documents/LIMO_GAZEBO/ws_limo_humble/install/limo_base/lib/python3.10/site-packages'
[29.922s] Level 1:colcon.colcon_core.environment:checking '/Users/jisu/Documents/LIMO_GAZEBO/ws_limo_humble/install/limo_base/bin'
[29.922s] INFO:colcon.colcon_core.shell:Creating package script '/Users/jisu/Documents/LIMO_GAZEBO/ws_limo_humble/install/limo_base/share/limo_base/package.ps1'
[29.923s] INFO:colcon.colcon_core.shell:Creating package descriptor '/Users/jisu/Documents/LIMO_GAZEBO/ws_limo_humble/install/limo_base/share/limo_base/package.dsv'
[29.924s] INFO:colcon.colcon_core.shell:Creating package script '/Users/jisu/Documents/LIMO_GAZEBO/ws_limo_humble/install/limo_base/share/limo_base/package.sh'
[29.924s] INFO:colcon.colcon_core.shell:Creating package script '/Users/jisu/Documents/LIMO_GAZEBO/ws_limo_humble/install/limo_base/share/limo_base/package.bash'
[29.925s] INFO:colcon.colcon_core.shell:Creating package script '/Users/jisu/Documents/LIMO_GAZEBO/ws_limo_humble/install/limo_base/share/limo_base/package.zsh'
[29.925s] Level 1:colcon.colcon_core.environment:create_file_with_runtime_dependencies(/Users/jisu/Documents/LIMO_GAZEBO/ws_limo_humble/install/limo_base/share/colcon-core/packages/limo_base)
[29.927s] Level 1:colcon.colcon_core.environment:create_environment_scripts_only(limo_base)
[29.927s] Level 1:colcon.colcon_core.environment:checking '/Users/jisu/Documents/LIMO_GAZEBO/ws_limo_humble/install/limo_base' for CMake module files
[29.928s] Level 1:colcon.colcon_core.environment:checking '/Users/jisu/Documents/LIMO_GAZEBO/ws_limo_humble/install/limo_base' for CMake config files
[29.929s] Level 1:colcon.colcon_core.shell:create_environment_hook('limo_base', 'cmake_prefix_path')
[29.930s] INFO:colcon.colcon_core.shell:Creating environment hook '/Users/jisu/Documents/LIMO_GAZEBO/ws_limo_humble/install/limo_base/share/limo_base/hook/cmake_prefix_path.ps1'
[29.930s] INFO:colcon.colcon_core.shell:Creating environment descriptor '/Users/jisu/Documents/LIMO_GAZEBO/ws_limo_humble/install/limo_base/share/limo_base/hook/cmake_prefix_path.dsv'
[29.930s] INFO:colcon.colcon_core.shell:Creating environment hook '/Users/jisu/Documents/LIMO_GAZEBO/ws_limo_humble/install/limo_base/share/limo_base/hook/cmake_prefix_path.sh'
[29.931s] Level 1:colcon.colcon_core.environment:checking '/Users/jisu/Documents/LIMO_GAZEBO/ws_limo_humble/install/limo_base/lib'
[29.931s] Level 1:colcon.colcon_core.environment:checking '/Users/jisu/Documents/LIMO_GAZEBO/ws_limo_humble/install/limo_base/bin'
[29.931s] Level 1:colcon.colcon_core.environment:checking '/Users/jisu/Documents/LIMO_GAZEBO/ws_limo_humble/install/limo_base/lib/pkgconfig/limo_base.pc'
[29.932s] Level 1:colcon.colcon_core.environment:checking '/Users/jisu/Documents/LIMO_GAZEBO/ws_limo_humble/install/limo_base/lib/python3.10/site-packages'
[29.932s] Level 1:colcon.colcon_core.environment:checking '/Users/jisu/Documents/LIMO_GAZEBO/ws_limo_humble/install/limo_base/bin'
[29.932s] INFO:colcon.colcon_core.shell:Creating package script '/Users/jisu/Documents/LIMO_GAZEBO/ws_limo_humble/install/limo_base/share/limo_base/package.ps1'
[29.933s] INFO:colcon.colcon_core.shell:Creating package descriptor '/Users/jisu/Documents/LIMO_GAZEBO/ws_limo_humble/install/limo_base/share/limo_base/package.dsv'
[29.933s] INFO:colcon.colcon_core.shell:Creating package script '/Users/jisu/Documents/LIMO_GAZEBO/ws_limo_humble/install/limo_base/share/limo_base/package.sh'
[29.934s] INFO:colcon.colcon_core.shell:Creating package script '/Users/jisu/Documents/LIMO_GAZEBO/ws_limo_humble/install/limo_base/share/limo_base/package.bash'
[29.934s] INFO:colcon.colcon_core.shell:Creating package script '/Users/jisu/Documents/LIMO_GAZEBO/ws_limo_humble/install/limo_base/share/limo_base/package.zsh'
[29.934s] Level 1:colcon.colcon_core.environment:create_file_with_runtime_dependencies(/Users/jisu/Documents/LIMO_GAZEBO/ws_limo_humble/install/limo_base/share/colcon-core/packages/limo_base)
[29.935s] DEBUG:colcon.colcon_parallel_executor.executor.parallel:closing loop
[29.935s] DEBUG:colcon.colcon_parallel_executor.executor.parallel:loop closed
[29.935s] DEBUG:colcon.colcon_parallel_executor.executor.parallel:run_until_complete finished with '0'
[29.935s] DEBUG:colcon.colcon_core.event_reactor:joining thread
[29.955s] INFO:colcon.colcon_core.plugin_system:Skipping extension 'colcon_notification.desktop_notification.notify_send': Could not find 'notify-send'
[29.955s] INFO:colcon.colcon_core.plugin_system:Skipping extension 'colcon_notification.desktop_notification.terminal_notifier': Not used on non-Darwin systems
[29.955s] INFO:colcon.colcon_core.plugin_system:Skipping extension 'colcon_notification.desktop_notification.win32': Not used on non-Windows systems
[29.955s] INFO:colcon.colcon_notification.desktop_notification:Sending desktop notification using 'notify2'
[29.957s] DEBUG:colcon.colcon_notification.desktop_notification.notify2:Failed to initialize notify2: org.freedesktop.DBus.Error.NotSupported: Unable to autolaunch a dbus-daemon without a $DISPLAY for X11
[29.957s] DEBUG:colcon.colcon_core.event_reactor:joined thread
[29.957s] INFO:colcon.colcon_core.shell:Creating prefix script '/Users/jisu/Documents/LIMO_GAZEBO/ws_limo_humble/install/local_setup.ps1'
[29.958s] INFO:colcon.colcon_core.shell:Creating prefix util module '/Users/jisu/Documents/LIMO_GAZEBO/ws_limo_humble/install/_local_setup_util_ps1.py'
[29.960s] INFO:colcon.colcon_core.shell:Creating prefix chain script '/Users/jisu/Documents/LIMO_GAZEBO/ws_limo_humble/install/setup.ps1'
[29.961s] INFO:colcon.colcon_core.shell:Creating prefix script '/Users/jisu/Documents/LIMO_GAZEBO/ws_limo_humble/install/local_setup.sh'
[29.962s] INFO:colcon.colcon_core.shell:Creating prefix util module '/Users/jisu/Documents/LIMO_GAZEBO/ws_limo_humble/install/_local_setup_util_sh.py'
[29.962s] INFO:colcon.colcon_core.shell:Creating prefix chain script '/Users/jisu/Documents/LIMO_GAZEBO/ws_limo_humble/install/setup.sh'
[29.963s] INFO:colcon.colcon_core.shell:Creating prefix script '/Users/jisu/Documents/LIMO_GAZEBO/ws_limo_humble/install/local_setup.bash'
[29.964s] INFO:colcon.colcon_core.shell:Creating prefix chain script '/Users/jisu/Documents/LIMO_GAZEBO/ws_limo_humble/install/setup.bash'
[29.965s] INFO:colcon.colcon_core.shell:Creating prefix script '/Users/jisu/Documents/LIMO_GAZEBO/ws_limo_humble/install/local_setup.zsh'
[29.965s] INFO:colcon.colcon_core.shell:Creating prefix chain script '/Users/jisu/Documents/LIMO_GAZEBO/ws_limo_humble/install/setup.zsh'
