-- Found ament_cmake: 1.3.14 (/opt/ros/humble/share/ament_cmake/cmake)
-- Override CMake install command with custom implementation using symlinks instead of copying resources
-- Found std_msgs: 4.9.2 (/opt/ros/humble/share/std_msgs/cmake)
-- Found rosidl_generator_c: 3.1.9 (/opt/ros/humble/share/rosidl_generator_c/cmake)
-- Found rosidl_adapter: 3.1.9 (/opt/ros/humble/share/rosidl_adapter/cmake)
-- Found rosidl_generator_cpp: 3.1.9 (/opt/ros/humble/share/rosidl_generator_cpp/cmake)
-- Using all available rosidl_typesupport_c: rosidl_typesupport_fastrtps_c;rosidl_typesupport_introspection_c
-- Using all available rosidl_typesupport_cpp: rosidl_typesupport_fastrtps_cpp;rosidl_typesupport_introspection_cpp
-- Found rosidl_default_generators: 1.2.1 (/opt/ros/humble/share/rosidl_default_generators/cmake)
-- Found ament_cmake_ros: 0.10.0 (/opt/ros/humble/share/ament_cmake_ros/cmake)
-- Using all available rosidl_typesupport_c: rosidl_typesupport_fastrtps_c;rosidl_typesupport_introspection_c
-- Using all available rosidl_typesupport_cpp: rosidl_typesupport_fastrtps_cpp;rosidl_typesupport_introspection_cpp
-- Found python_cmake_module: 0.10.0 (/opt/ros/humble/share/python_cmake_module/cmake)
-- Using PYTHON_EXECUTABLE: /usr/bin/python3
-- Using PYTHON_INCLUDE_DIRS: /usr/include/python3.10
-- Using PYTHON_LIBRARIES: /usr/lib/x86_64-linux-gnu/libpython3.10.so
-- Found ament_lint_auto: 0.12.15 (/opt/ros/humble/share/ament_lint_auto/cmake)
-- Added test 'copyright' to check source files copyright and LICENSE
-- Added test 'lint_cmake' to check CMake code style
-- Added test 'xmllint' to check XML markup files
-- Configuring done
-- Generating done
-- Build files have been written to: /Users/jisu/Documents/LIMO_GAZEBO/ws_limo_humble/build/limo_msgs
[35m[1mConsolidate compiler generated dependencies of target limo_msgs__rosidl_generator_c[0m
[  3%] Built target limo_msgs__rs
[  6%] Built target limo_msgs__cpp
[ 15%] Built target limo_msgs__rosidl_generator_c
[ 15%] Built target ament_cmake_python_symlink_limo_msgs
[35m[1mConsolidate compiler generated dependencies of target limo_msgs__rosidl_typesupport_introspection_cpp[0m
[35m[1mConsolidate compiler generated dependencies of target limo_msgs__rosidl_typesupport_fastrtps_cpp[0m
[35m[1mConsolidate compiler generated dependencies of target limo_msgs__rosidl_typesupport_cpp[0m
[35m[1mConsolidate compiler generated dependencies of target limo_msgs__rosidl_typesupport_introspection_c[0m
[35m[1mConsolidate compiler generated dependencies of target limo_msgs__rosidl_typesupport_c[0m
[35m[1mConsolidate compiler generated dependencies of target limo_msgs__rosidl_typesupport_fastrtps_c[0m
[ 25%] Built target limo_msgs__rosidl_typesupport_c
[ 34%] Built target limo_msgs__rosidl_typesupport_introspection_c
[ 43%] Built target limo_msgs__rosidl_typesupport_introspection_cpp
[ 53%] Built target limo_msgs__rosidl_typesupport_cpp
[ 62%] Built target limo_msgs__rosidl_typesupport_fastrtps_cpp
[ 71%] Built target limo_msgs__rosidl_typesupport_fastrtps_c
running egg_info
writing limo_msgs.egg-info/PKG-INFO
writing dependency_links to limo_msgs.egg-info/dependency_links.txt
writing top-level names to limo_msgs.egg-info/top_level.txt
reading manifest file 'limo_msgs.egg-info/SOURCES.txt'
writing manifest file 'limo_msgs.egg-info/SOURCES.txt'
[ 71%] Built target limo_msgs
[ 71%] Built target ament_cmake_python_build_limo_msgs_egg
[ 75%] Built target limo_msgs__py
[35m[1mConsolidate compiler generated dependencies of target limo_msgs__rosidl_generator_py[0m
[ 81%] Built target limo_msgs__rosidl_generator_py
[35m[1mConsolidate compiler generated dependencies of target limo_msgs__rosidl_typesupport_fastrtps_c__pyext[0m
[35m[1mConsolidate compiler generated dependencies of target limo_msgs__rosidl_typesupport_c__pyext[0m
[35m[1mConsolidate compiler generated dependencies of target limo_msgs__rosidl_typesupport_introspection_c__pyext[0m
[ 87%] Built target limo_msgs__rosidl_typesupport_fastrtps_c__pyext
[ 93%] Built target limo_msgs__rosidl_typesupport_c__pyext
[100%] Built target limo_msgs__rosidl_typesupport_introspection_c__pyext
-- Install configuration: ""
-- Execute custom install script
-- Up-to-date symlink: /Users/jisu/Documents/LIMO_GAZEBO/ws_limo_humble/install/limo_msgs/share/ament_index/resource_index/rosidl_interfaces/limo_msgs
-- Up-to-date symlink: /Users/jisu/Documents/LIMO_GAZEBO/ws_limo_humble/install/limo_msgs/include/limo_msgs/limo_msgs/msg/detail/limo_status__functions.h
-- Up-to-date symlink: /Users/jisu/Documents/LIMO_GAZEBO/ws_limo_humble/install/limo_msgs/include/limo_msgs/limo_msgs/msg/detail/limo_status__struct.h
-- Up-to-date symlink: /Users/jisu/Documents/LIMO_GAZEBO/ws_limo_humble/install/limo_msgs/include/limo_msgs/limo_msgs/msg/detail/limo_status__type_support.h
-- Up-to-date symlink: /Users/jisu/Documents/LIMO_GAZEBO/ws_limo_humble/install/limo_msgs/include/limo_msgs/limo_msgs/msg/limo_status.h
-- Up-to-date symlink: /Users/jisu/Documents/LIMO_GAZEBO/ws_limo_humble/install/limo_msgs/include/limo_msgs/limo_msgs/msg/rosidl_generator_c__visibility_control.h
-- Up-to-date symlink: /Users/jisu/Documents/LIMO_GAZEBO/ws_limo_humble/install/limo_msgs/share/limo_msgs/environment/library_path.sh
-- Up-to-date symlink: /Users/jisu/Documents/LIMO_GAZEBO/ws_limo_humble/install/limo_msgs/share/limo_msgs/environment/library_path.dsv
-- Up-to-date symlink: /Users/jisu/Documents/LIMO_GAZEBO/ws_limo_humble/install/limo_msgs/include/limo_msgs/limo_msgs/msg/detail/limo_status__rosidl_typesupport_fastrtps_c.h
-- Up-to-date symlink: /Users/jisu/Documents/LIMO_GAZEBO/ws_limo_humble/install/limo_msgs/include/limo_msgs/limo_msgs/msg/rosidl_typesupport_fastrtps_c__visibility_control.h
-- Up-to-date symlink: /Users/jisu/Documents/LIMO_GAZEBO/ws_limo_humble/install/limo_msgs/include/limo_msgs/limo_msgs/msg/detail/limo_status__builder.hpp
-- Up-to-date symlink: /Users/jisu/Documents/LIMO_GAZEBO/ws_limo_humble/install/limo_msgs/include/limo_msgs/limo_msgs/msg/detail/limo_status__struct.hpp
-- Up-to-date symlink: /Users/jisu/Documents/LIMO_GAZEBO/ws_limo_humble/install/limo_msgs/include/limo_msgs/limo_msgs/msg/detail/limo_status__traits.hpp
-- Up-to-date symlink: /Users/jisu/Documents/LIMO_GAZEBO/ws_limo_humble/install/limo_msgs/include/limo_msgs/limo_msgs/msg/detail/limo_status__type_support.hpp
-- Up-to-date symlink: /Users/jisu/Documents/LIMO_GAZEBO/ws_limo_humble/install/limo_msgs/include/limo_msgs/limo_msgs/msg/limo_status.hpp
-- Up-to-date symlink: /Users/jisu/Documents/LIMO_GAZEBO/ws_limo_humble/install/limo_msgs/include/limo_msgs/limo_msgs/msg/rosidl_generator_cpp__visibility_control.hpp
-- Up-to-date symlink: /Users/jisu/Documents/LIMO_GAZEBO/ws_limo_humble/install/limo_msgs/include/limo_msgs/limo_msgs/msg/detail/limo_status__rosidl_typesupport_fastrtps_cpp.hpp
-- Up-to-date symlink: /Users/jisu/Documents/LIMO_GAZEBO/ws_limo_humble/install/limo_msgs/include/limo_msgs/limo_msgs/msg/rosidl_typesupport_fastrtps_cpp__visibility_control.h
-- Up-to-date symlink: /Users/jisu/Documents/LIMO_GAZEBO/ws_limo_humble/install/limo_msgs/include/limo_msgs/limo_msgs/msg/detail/limo_status__rosidl_typesupport_introspection_c.h
-- Up-to-date symlink: /Users/jisu/Documents/LIMO_GAZEBO/ws_limo_humble/install/limo_msgs/include/limo_msgs/limo_msgs/msg/rosidl_typesupport_introspection_c__visibility_control.h
-- Up-to-date symlink: /Users/jisu/Documents/LIMO_GAZEBO/ws_limo_humble/install/limo_msgs/include/limo_msgs/limo_msgs/msg/detail/limo_status__rosidl_typesupport_introspection_cpp.hpp
-- Up-to-date symlink: /Users/jisu/Documents/LIMO_GAZEBO/ws_limo_humble/install/limo_msgs/share/limo_msgs/environment/pythonpath.sh
-- Up-to-date symlink: /Users/jisu/Documents/LIMO_GAZEBO/ws_limo_humble/install/limo_msgs/share/limo_msgs/environment/pythonpath.dsv
-- Up-to-date symlink: /Users/jisu/Documents/LIMO_GAZEBO/ws_limo_humble/install/limo_msgs/local/lib/python3.10/dist-packages/limo_msgs-0.0.0-py3.10.egg-info/PKG-INFO
-- Up-to-date symlink: /Users/jisu/Documents/LIMO_GAZEBO/ws_limo_humble/install/limo_msgs/local/lib/python3.10/dist-packages/limo_msgs-0.0.0-py3.10.egg-info/SOURCES.txt
-- Up-to-date symlink: /Users/jisu/Documents/LIMO_GAZEBO/ws_limo_humble/install/limo_msgs/local/lib/python3.10/dist-packages/limo_msgs-0.0.0-py3.10.egg-info/dependency_links.txt
-- Up-to-date symlink: /Users/jisu/Documents/LIMO_GAZEBO/ws_limo_humble/install/limo_msgs/local/lib/python3.10/dist-packages/limo_msgs-0.0.0-py3.10.egg-info/top_level.txt
-- Up-to-date symlink: /Users/jisu/Documents/LIMO_GAZEBO/ws_limo_humble/install/limo_msgs/local/lib/python3.10/dist-packages/limo_msgs/__init__.py
-- Up-to-date symlink: /Users/jisu/Documents/LIMO_GAZEBO/ws_limo_humble/install/limo_msgs/local/lib/python3.10/dist-packages/limo_msgs/_limo_msgs_s.ep.rosidl_typesupport_c.c
-- Up-to-date symlink: /Users/jisu/Documents/LIMO_GAZEBO/ws_limo_humble/install/limo_msgs/local/lib/python3.10/dist-packages/limo_msgs/_limo_msgs_s.ep.rosidl_typesupport_fastrtps_c.c
-- Up-to-date symlink: /Users/jisu/Documents/LIMO_GAZEBO/ws_limo_humble/install/limo_msgs/local/lib/python3.10/dist-packages/limo_msgs/_limo_msgs_s.ep.rosidl_typesupport_introspection_c.c
-- Up-to-date symlink: /Users/jisu/Documents/LIMO_GAZEBO/ws_limo_humble/install/limo_msgs/local/lib/python3.10/dist-packages/limo_msgs/liblimo_msgs__rosidl_generator_py.so
-- Up-to-date symlink: /Users/jisu/Documents/LIMO_GAZEBO/ws_limo_humble/install/limo_msgs/local/lib/python3.10/dist-packages/limo_msgs/limo_msgs_s__rosidl_typesupport_c.cpython-310-x86_64-linux-gnu.so
-- Up-to-date symlink: /Users/jisu/Documents/LIMO_GAZEBO/ws_limo_humble/install/limo_msgs/local/lib/python3.10/dist-packages/limo_msgs/limo_msgs_s__rosidl_typesupport_fastrtps_c.cpython-310-x86_64-linux-gnu.so
-- Up-to-date symlink: /Users/jisu/Documents/LIMO_GAZEBO/ws_limo_humble/install/limo_msgs/local/lib/python3.10/dist-packages/limo_msgs/limo_msgs_s__rosidl_typesupport_introspection_c.cpython-310-x86_64-linux-gnu.so
-- Up-to-date symlink: /Users/jisu/Documents/LIMO_GAZEBO/ws_limo_humble/install/limo_msgs/local/lib/python3.10/dist-packages/limo_msgs/msg/__init__.py
-- Up-to-date symlink: /Users/jisu/Documents/LIMO_GAZEBO/ws_limo_humble/install/limo_msgs/local/lib/python3.10/dist-packages/limo_msgs/msg/_limo_status.py
-- Up-to-date symlink: /Users/jisu/Documents/LIMO_GAZEBO/ws_limo_humble/install/limo_msgs/local/lib/python3.10/dist-packages/limo_msgs/msg/_limo_status_s.c
-- Up-to-date symlink: /Users/jisu/Documents/LIMO_GAZEBO/ws_limo_humble/install/limo_msgs/local/lib/python3.10/dist-packages/limo_msgs/limo_msgs_s__rosidl_typesupport_fastrtps_c.cpython-310-x86_64-linux-gnu.so
-- Up-to-date symlink: /Users/jisu/Documents/LIMO_GAZEBO/ws_limo_humble/install/limo_msgs/local/lib/python3.10/dist-packages/limo_msgs/limo_msgs_s__rosidl_typesupport_introspection_c.cpython-310-x86_64-linux-gnu.so
-- Up-to-date symlink: /Users/jisu/Documents/LIMO_GAZEBO/ws_limo_humble/install/limo_msgs/local/lib/python3.10/dist-packages/limo_msgs/limo_msgs_s__rosidl_typesupport_c.cpython-310-x86_64-linux-gnu.so
-- Up-to-date symlink: /Users/jisu/Documents/LIMO_GAZEBO/ws_limo_humble/install/limo_msgs/share/ament_index/resource_index/rust_packages/limo_msgs
-- Up-to-date symlink: /Users/jisu/Documents/LIMO_GAZEBO/ws_limo_humble/install/limo_msgs/share/limo_msgs/rust/Cargo.toml
-- Up-to-date symlink: /Users/jisu/Documents/LIMO_GAZEBO/ws_limo_humble/install/limo_msgs/share/limo_msgs/rust/build.rs
-- Up-to-date symlink: /Users/jisu/Documents/LIMO_GAZEBO/ws_limo_humble/install/limo_msgs/share/limo_msgs/rust/src/lib.rs
-- Up-to-date symlink: /Users/jisu/Documents/LIMO_GAZEBO/ws_limo_humble/install/limo_msgs/share/limo_msgs/rust/src/msg.rs
-- Up-to-date symlink: /Users/jisu/Documents/LIMO_GAZEBO/ws_limo_humble/install/limo_msgs/share/limo_msgs/rust/src/msg/rmw.rs
-- Up-to-date symlink: /Users/jisu/Documents/LIMO_GAZEBO/ws_limo_humble/install/limo_msgs/share/limo_msgs/msg/LimoStatus.idl
-- Up-to-date symlink: /Users/jisu/Documents/LIMO_GAZEBO/ws_limo_humble/install/limo_msgs/share/limo_msgs/msg/LimoStatus.msg
-- Up-to-date symlink: /Users/jisu/Documents/LIMO_GAZEBO/ws_limo_humble/install/limo_msgs/share/ament_index/resource_index/package_run_dependencies/limo_msgs
-- Up-to-date symlink: /Users/jisu/Documents/LIMO_GAZEBO/ws_limo_humble/install/limo_msgs/share/ament_index/resource_index/parent_prefix_path/limo_msgs
-- Up-to-date symlink: /Users/jisu/Documents/LIMO_GAZEBO/ws_limo_humble/install/limo_msgs/share/limo_msgs/environment/ament_prefix_path.sh
-- Up-to-date symlink: /Users/jisu/Documents/LIMO_GAZEBO/ws_limo_humble/install/limo_msgs/share/limo_msgs/environment/ament_prefix_path.dsv
-- Up-to-date symlink: /Users/jisu/Documents/LIMO_GAZEBO/ws_limo_humble/install/limo_msgs/share/limo_msgs/environment/path.sh
-- Up-to-date symlink: /Users/jisu/Documents/LIMO_GAZEBO/ws_limo_humble/install/limo_msgs/share/limo_msgs/environment/path.dsv
-- Up-to-date symlink: /Users/jisu/Documents/LIMO_GAZEBO/ws_limo_humble/install/limo_msgs/share/limo_msgs/local_setup.bash
-- Up-to-date symlink: /Users/jisu/Documents/LIMO_GAZEBO/ws_limo_humble/install/limo_msgs/share/limo_msgs/local_setup.sh
-- Up-to-date symlink: /Users/jisu/Documents/LIMO_GAZEBO/ws_limo_humble/install/limo_msgs/share/limo_msgs/local_setup.zsh
-- Up-to-date symlink: /Users/jisu/Documents/LIMO_GAZEBO/ws_limo_humble/install/limo_msgs/share/limo_msgs/local_setup.dsv
-- Symlinking: /Users/jisu/Documents/LIMO_GAZEBO/ws_limo_humble/install/limo_msgs/share/limo_msgs/package.dsv
-- Up-to-date symlink: /Users/jisu/Documents/LIMO_GAZEBO/ws_limo_humble/install/limo_msgs/share/ament_index/resource_index/packages/limo_msgs
-- Up-to-date symlink: /Users/jisu/Documents/LIMO_GAZEBO/ws_limo_humble/install/limo_msgs/share/limo_msgs/cmake/rosidl_cmake-extras.cmake
-- Up-to-date symlink: /Users/jisu/Documents/LIMO_GAZEBO/ws_limo_humble/install/limo_msgs/share/limo_msgs/cmake/ament_cmake_export_dependencies-extras.cmake
-- Up-to-date symlink: /Users/jisu/Documents/LIMO_GAZEBO/ws_limo_humble/install/limo_msgs/share/limo_msgs/cmake/ament_cmake_export_include_directories-extras.cmake
-- Up-to-date symlink: /Users/jisu/Documents/LIMO_GAZEBO/ws_limo_humble/install/limo_msgs/share/limo_msgs/cmake/ament_cmake_export_libraries-extras.cmake
-- Up-to-date symlink: /Users/jisu/Documents/LIMO_GAZEBO/ws_limo_humble/install/limo_msgs/share/limo_msgs/cmake/ament_cmake_export_targets-extras.cmake
-- Up-to-date symlink: /Users/jisu/Documents/LIMO_GAZEBO/ws_limo_humble/install/limo_msgs/share/limo_msgs/cmake/rosidl_cmake_export_typesupport_targets-extras.cmake
-- Up-to-date symlink: /Users/jisu/Documents/LIMO_GAZEBO/ws_limo_humble/install/limo_msgs/share/limo_msgs/cmake/rosidl_cmake_export_typesupport_libraries-extras.cmake
-- Up-to-date symlink: /Users/jisu/Documents/LIMO_GAZEBO/ws_limo_humble/install/limo_msgs/share/limo_msgs/cmake/rosidl_cmake_aggregate_target-extras.cmake
-- Up-to-date symlink: /Users/jisu/Documents/LIMO_GAZEBO/ws_limo_humble/install/limo_msgs/share/limo_msgs/cmake/limo_msgsConfig.cmake
-- Up-to-date symlink: /Users/jisu/Documents/LIMO_GAZEBO/ws_limo_humble/install/limo_msgs/share/limo_msgs/cmake/limo_msgsConfig-version.cmake
-- Up-to-date symlink: /Users/jisu/Documents/LIMO_GAZEBO/ws_limo_humble/install/limo_msgs/share/limo_msgs/package.xml
-- Up-to-date: /Users/jisu/Documents/LIMO_GAZEBO/ws_limo_humble/install/limo_msgs/lib/liblimo_msgs__rosidl_generator_c.so
-- Up-to-date: /Users/jisu/Documents/LIMO_GAZEBO/ws_limo_humble/install/limo_msgs/lib/liblimo_msgs__rosidl_typesupport_fastrtps_c.so
-- Up-to-date: /Users/jisu/Documents/LIMO_GAZEBO/ws_limo_humble/install/limo_msgs/lib/liblimo_msgs__rosidl_typesupport_fastrtps_cpp.so
-- Up-to-date: /Users/jisu/Documents/LIMO_GAZEBO/ws_limo_humble/install/limo_msgs/lib/liblimo_msgs__rosidl_typesupport_introspection_c.so
-- Up-to-date: /Users/jisu/Documents/LIMO_GAZEBO/ws_limo_humble/install/limo_msgs/lib/liblimo_msgs__rosidl_typesupport_c.so
-- Up-to-date: /Users/jisu/Documents/LIMO_GAZEBO/ws_limo_humble/install/limo_msgs/lib/liblimo_msgs__rosidl_typesupport_introspection_cpp.so
-- Up-to-date: /Users/jisu/Documents/LIMO_GAZEBO/ws_limo_humble/install/limo_msgs/lib/liblimo_msgs__rosidl_typesupport_cpp.so
Listing '/Users/jisu/Documents/LIMO_GAZEBO/ws_limo_humble/install/limo_msgs/local/lib/python3.10/dist-packages/limo_msgs'...
Compiling '/Users/jisu/Documents/LIMO_GAZEBO/ws_limo_humble/install/limo_msgs/local/lib/python3.10/dist-packages/limo_msgs/__init__.py'...
Listing '/Users/jisu/Documents/LIMO_GAZEBO/ws_limo_humble/install/limo_msgs/local/lib/python3.10/dist-packages/limo_msgs/msg'...
-- Up-to-date: /Users/jisu/Documents/LIMO_GAZEBO/ws_limo_humble/install/limo_msgs/lib/liblimo_msgs__rosidl_generator_py.so
-- Up-to-date: /Users/jisu/Documents/LIMO_GAZEBO/ws_limo_humble/install/limo_msgs/share/limo_msgs/cmake/export_limo_msgs__rosidl_generator_cExport.cmake
-- Up-to-date: /Users/jisu/Documents/LIMO_GAZEBO/ws_limo_humble/install/limo_msgs/share/limo_msgs/cmake/export_limo_msgs__rosidl_generator_cExport-noconfig.cmake
-- Up-to-date: /Users/jisu/Documents/LIMO_GAZEBO/ws_limo_humble/install/limo_msgs/share/limo_msgs/cmake/export_limo_msgs__rosidl_typesupport_fastrtps_cExport.cmake
-- Up-to-date: /Users/jisu/Documents/LIMO_GAZEBO/ws_limo_humble/install/limo_msgs/share/limo_msgs/cmake/export_limo_msgs__rosidl_typesupport_fastrtps_cExport-noconfig.cmake
-- Up-to-date: /Users/jisu/Documents/LIMO_GAZEBO/ws_limo_humble/install/limo_msgs/share/limo_msgs/cmake/export_limo_msgs__rosidl_generator_cppExport.cmake
-- Up-to-date: /Users/jisu/Documents/LIMO_GAZEBO/ws_limo_humble/install/limo_msgs/share/limo_msgs/cmake/export_limo_msgs__rosidl_typesupport_fastrtps_cppExport.cmake
-- Up-to-date: /Users/jisu/Documents/LIMO_GAZEBO/ws_limo_humble/install/limo_msgs/share/limo_msgs/cmake/export_limo_msgs__rosidl_typesupport_fastrtps_cppExport-noconfig.cmake
-- Up-to-date: /Users/jisu/Documents/LIMO_GAZEBO/ws_limo_humble/install/limo_msgs/share/limo_msgs/cmake/limo_msgs__rosidl_typesupport_introspection_cExport.cmake
-- Up-to-date: /Users/jisu/Documents/LIMO_GAZEBO/ws_limo_humble/install/limo_msgs/share/limo_msgs/cmake/limo_msgs__rosidl_typesupport_introspection_cExport-noconfig.cmake
-- Up-to-date: /Users/jisu/Documents/LIMO_GAZEBO/ws_limo_humble/install/limo_msgs/share/limo_msgs/cmake/limo_msgs__rosidl_typesupport_cExport.cmake
-- Up-to-date: /Users/jisu/Documents/LIMO_GAZEBO/ws_limo_humble/install/limo_msgs/share/limo_msgs/cmake/limo_msgs__rosidl_typesupport_cExport-noconfig.cmake
-- Up-to-date: /Users/jisu/Documents/LIMO_GAZEBO/ws_limo_humble/install/limo_msgs/share/limo_msgs/cmake/limo_msgs__rosidl_typesupport_introspection_cppExport.cmake
-- Up-to-date: /Users/jisu/Documents/LIMO_GAZEBO/ws_limo_humble/install/limo_msgs/share/limo_msgs/cmake/limo_msgs__rosidl_typesupport_introspection_cppExport-noconfig.cmake
-- Up-to-date: /Users/jisu/Documents/LIMO_GAZEBO/ws_limo_humble/install/limo_msgs/share/limo_msgs/cmake/limo_msgs__rosidl_typesupport_cppExport.cmake
-- Up-to-date: /Users/jisu/Documents/LIMO_GAZEBO/ws_limo_humble/install/limo_msgs/share/limo_msgs/cmake/limo_msgs__rosidl_typesupport_cppExport-noconfig.cmake
-- Up-to-date: /Users/jisu/Documents/LIMO_GAZEBO/ws_limo_humble/install/limo_msgs/share/limo_msgs/cmake/export_limo_msgs__rosidl_generator_pyExport.cmake
-- Up-to-date: /Users/jisu/Documents/LIMO_GAZEBO/ws_limo_humble/install/limo_msgs/share/limo_msgs/cmake/export_limo_msgs__rosidl_generator_pyExport-noconfig.cmake
