[0.065s] Invoking command in '/Users/jisu/Documents/LIMO_GAZEBO/ws_limo_humble/build/limo_base': AMENT_PREFIX_PATH=/Users/jisu/Documents/LIMO_GAZEBO/ws_limo_humble/install/limo_msgs:${AMENT_PREFIX_PATH} CMAKE_PREFIX_PATH=/Users/jisu/Documents/LIMO_GAZEBO/ws_limo_humble/install/limo_msgs:/opt/ros/humble LD_LIBRARY_PATH=/Users/jisu/Documents/LIMO_GAZEBO/ws_limo_humble/install/limo_msgs/lib:${LD_LIBRARY_PATH} PYTHONPATH=/Users/jisu/Documents/LIMO_GAZEBO/ws_limo_humble/install/limo_msgs/local/lib/python3.10/dist-packages:${PYTHONPATH} /usr/bin/cmake /Users/jisu/Documents/LIMO_GAZEBO/ws_limo_humble/src/limo_ros2/limo_base -DAMENT_CMAKE_SYMLINK_INSTALL=1 -DCMAKE_INSTALL_PREFIX=/Users/jisu/Documents/LIMO_GAZEBO/ws_limo_humble/install/limo_base
[0.461s] -- The C compiler identification is GNU 11.4.0
[0.778s] -- The CXX compiler identification is GNU 11.4.0
[0.803s] -- Detecting C compiler ABI info
[1.327s] -- Detecting C compiler ABI info - done
[1.343s] -- Check for working C compiler: /usr/bin/cc - skipped
[1.343s] -- Detecting C compile features
[1.344s] -- Detecting C compile features - done
[1.347s] -- Detecting CXX compiler ABI info
[1.840s] -- Detecting CXX compiler ABI info - done
[1.856s] -- Check for working CXX compiler: /usr/bin/c++ - skipped
[1.856s] -- Detecting CXX compile features
[1.857s] -- Detecting CXX compile features - done
[1.866s] -- Found ament_cmake: 1.3.14 (/opt/ros/humble/share/ament_cmake/cmake)
[2.466s] -- Found Python3: /usr/bin/python3 (found version "3.10.12") found components: Interpreter 
[2.611s] -- Override CMake install command with custom implementation using symlinks instead of copying resources
[2.661s] -- Found rclcpp: 16.0.19 (/opt/ros/humble/share/rclcpp/cmake)
[2.709s] -- Found rosidl_generator_c: 3.1.9 (/opt/ros/humble/share/rosidl_generator_c/cmake)
[2.717s] -- Found rosidl_adapter: 3.1.9 (/opt/ros/humble/share/rosidl_adapter/cmake)
[2.725s] -- Found rosidl_generator_cpp: 3.1.9 (/opt/ros/humble/share/rosidl_generator_cpp/cmake)
[2.734s] -- Using all available rosidl_typesupport_c: rosidl_typesupport_fastrtps_c;rosidl_typesupport_introspection_c
[2.750s] -- Using all available rosidl_typesupport_cpp: rosidl_typesupport_fastrtps_cpp;rosidl_typesupport_introspection_cpp
[2.799s] -- Found rmw_implementation_cmake: 6.1.3 (/opt/ros/humble/share/rmw_implementation_cmake/cmake)
[2.803s] -- Found rmw_fastrtps_cpp: 6.2.10 (/opt/ros/humble/share/rmw_fastrtps_cpp/cmake)
[3.213s] -- Found OpenSSL: /usr/lib/x86_64-linux-gnu/libcrypto.so (found version "3.0.2")  
[3.248s] -- Found FastRTPS: /opt/ros/humble/include  
[3.309s] -- Using RMW implementation 'rmw_fastrtps_cpp' as default
[3.325s] -- Looking for pthread.h
[3.808s] -- Looking for pthread.h - found
[3.809s] -- Performing Test CMAKE_HAVE_LIBC_PTHREAD
[4.308s] -- Performing Test CMAKE_HAVE_LIBC_PTHREAD - Success
[4.309s] -- Found Threads: TRUE  
[4.369s] -- Found geometry_msgs: 4.9.2 (/opt/ros/humble/share/geometry_msgs/cmake)
[4.385s] -- Found nav_msgs: 4.9.2 (/opt/ros/humble/share/nav_msgs/cmake)
[4.404s] -- Found sensor_msgs: 4.9.2 (/opt/ros/humble/share/sensor_msgs/cmake)
[4.423s] -- Found tf2: 0.25.22 (/opt/ros/humble/share/tf2/cmake)
[4.434s] -- Found tf2_ros: 0.25.22 (/opt/ros/humble/share/tf2_ros/cmake)
[4.532s] -- Found limo_msgs: 0.0.0 (/Users/jisu/Documents/LIMO_GAZEBO/ws_limo_humble/install/limo_msgs/share/limo_msgs/cmake)
[4.555s] -- Found tf2_geometry_msgs: 0.25.22 (/opt/ros/humble/share/tf2_geometry_msgs/cmake)
[4.568s] -- Found eigen3_cmake_module: 0.1.1 (/opt/ros/humble/share/eigen3_cmake_module/cmake)
[4.572s] -- Found Eigen3: TRUE (found version "3.4.0") 
[4.572s] -- Ensuring Eigen3 include directory is part of orocos-kdl CMake target
[4.574s] -- Found turtlesim: 1.4.3 (/opt/ros/humble/share/turtlesim/cmake)
[4.756s] -- Configuring done
[4.811s] -- Generating done
[4.833s] -- Build files have been written to: /Users/jisu/Documents/LIMO_GAZEBO/ws_limo_humble/build/limo_base
[4.845s] Invoked command in '/Users/jisu/Documents/LIMO_GAZEBO/ws_limo_humble/build/limo_base' returned '0': AMENT_PREFIX_PATH=/Users/jisu/Documents/LIMO_GAZEBO/ws_limo_humble/install/limo_msgs:${AMENT_PREFIX_PATH} CMAKE_PREFIX_PATH=/Users/jisu/Documents/LIMO_GAZEBO/ws_limo_humble/install/limo_msgs:/opt/ros/humble LD_LIBRARY_PATH=/Users/jisu/Documents/LIMO_GAZEBO/ws_limo_humble/install/limo_msgs/lib:${LD_LIBRARY_PATH} PYTHONPATH=/Users/jisu/Documents/LIMO_GAZEBO/ws_limo_humble/install/limo_msgs/local/lib/python3.10/dist-packages:${PYTHONPATH} /usr/bin/cmake /Users/jisu/Documents/LIMO_GAZEBO/ws_limo_humble/src/limo_ros2/limo_base -DAMENT_CMAKE_SYMLINK_INSTALL=1 -DCMAKE_INSTALL_PREFIX=/Users/jisu/Documents/LIMO_GAZEBO/ws_limo_humble/install/limo_base
[4.848s] Invoking command in '/Users/jisu/Documents/LIMO_GAZEBO/ws_limo_humble/build/limo_base': AMENT_PREFIX_PATH=/Users/jisu/Documents/LIMO_GAZEBO/ws_limo_humble/install/limo_msgs:${AMENT_PREFIX_PATH} CMAKE_PREFIX_PATH=/Users/jisu/Documents/LIMO_GAZEBO/ws_limo_humble/install/limo_msgs:/opt/ros/humble LD_LIBRARY_PATH=/Users/jisu/Documents/LIMO_GAZEBO/ws_limo_humble/install/limo_msgs/lib:${LD_LIBRARY_PATH} PYTHONPATH=/Users/jisu/Documents/LIMO_GAZEBO/ws_limo_humble/install/limo_msgs/local/lib/python3.10/dist-packages:${PYTHONPATH} /usr/bin/cmake --build /Users/jisu/Documents/LIMO_GAZEBO/ws_limo_humble/build/limo_base -- -j8 -l8
[5.247s] [ 33%] [32mBuilding CXX object CMakeFiles/limo_base.dir/src/limo_base_node.cpp.o[0m
[5.247s] [ 33%] [32mBuilding CXX object CMakeFiles/limo_base.dir/src/limo_driver.cpp.o[0m
[5.251s] [ 50%] [32mBuilding CXX object CMakeFiles/limo_base.dir/src/serial_port.cpp.o[0m
[5.257s] [ 66%] [32mBuilding CXX object CMakeFiles/tf_pub.dir/src/tf_pub.cpp.o[0m
[7.754s] [01m[K/Users/jisu/Documents/LIMO_GAZEBO/ws_limo_humble/src/limo_ros2/limo_base/src/limo_driver.cpp:[m[K In member function ‘[01m[Kvoid AgileX::LimoDriver::parseFrame(const AgileX::LimoFrame&)[m[K’:
[7.754s] [01m[K/Users/jisu/Documents/LIMO_GAZEBO/ws_limo_humble/src/limo_ros2/limo_base/src/limo_driver.cpp:298:21:[m[K [01;35m[Kwarning: [m[Kunused variable ‘[01m[Kleft_wheel_odom[m[K’ [[01;35m[K-Wunused-variable[m[K]
[7.754s]   298 |             int32_t [01;35m[Kleft_wheel_odom[m[K = (frame.data[3] & 0xff) | (frame.data[2] << 8) |
[7.754s]       |                     [01;35m[K^~~~~~~~~~~~~~~[m[K
[7.754s] [01m[K/Users/jisu/Documents/LIMO_GAZEBO/ws_limo_humble/src/limo_ros2/limo_base/src/limo_driver.cpp:300:21:[m[K [01;35m[Kwarning: [m[Kunused variable ‘[01m[Kright_wheel_odom[m[K’ [[01;35m[K-Wunused-variable[m[K]
[7.755s]   300 |             int32_t [01;35m[Kright_wheel_odom[m[K = (frame.data[7] & 0xff) | (frame.data[6] << 8) |
[7.755s]       |                     [01;35m[K^~~~~~~~~~~~~~~~[m[K
[7.765s] [01m[K/Users/jisu/Documents/LIMO_GAZEBO/ws_limo_humble/src/limo_ros2/limo_base/src/limo_driver.cpp:[m[K In member function ‘[01m[Kvoid AgileX::LimoDriver::publishIMUData(double)[m[K’:
[7.765s] [01m[K/Users/jisu/Documents/LIMO_GAZEBO/ws_limo_humble/src/limo_ros2/limo_base/src/limo_driver.cpp:489:16:[m[K [01;35m[Kwarning: [m[Kunused variable ‘[01m[Kpresent_theta_[m[K’ [[01;35m[K-Wunused-variable[m[K]
[7.769s]   489 |         double [01;35m[Kpresent_theta_[m[K =imu_data_.yaw;
[7.769s]       |                [01;35m[K^~~~~~~~~~~~~~[m[K
[7.770s] [01m[K/Users/jisu/Documents/LIMO_GAZEBO/ws_limo_humble/src/limo_ros2/limo_base/src/limo_driver.cpp:490:16:[m[K [01;35m[Kwarning: [m[Kunused variable ‘[01m[Klast_theta_[m[K’ [[01;35m[K-Wunused-variable[m[K]
[7.770s]   490 |         double [01;35m[Klast_theta_[m[K = imu_data_.yaw;
[7.770s]       |                [01;35m[K^~~~~~~~~~~[m[K
[8.945s] [ 83%] [32m[1mLinking CXX executable tf_pub[0m
[9.423s] [ 83%] Built target tf_pub
[12.496s] [100%] [32m[1mLinking CXX executable limo_base[0m
[13.575s] [100%] Built target limo_base
[13.618s] Invoked command in '/Users/jisu/Documents/LIMO_GAZEBO/ws_limo_humble/build/limo_base' returned '0': AMENT_PREFIX_PATH=/Users/jisu/Documents/LIMO_GAZEBO/ws_limo_humble/install/limo_msgs:${AMENT_PREFIX_PATH} CMAKE_PREFIX_PATH=/Users/jisu/Documents/LIMO_GAZEBO/ws_limo_humble/install/limo_msgs:/opt/ros/humble LD_LIBRARY_PATH=/Users/jisu/Documents/LIMO_GAZEBO/ws_limo_humble/install/limo_msgs/lib:${LD_LIBRARY_PATH} PYTHONPATH=/Users/jisu/Documents/LIMO_GAZEBO/ws_limo_humble/install/limo_msgs/local/lib/python3.10/dist-packages:${PYTHONPATH} /usr/bin/cmake --build /Users/jisu/Documents/LIMO_GAZEBO/ws_limo_humble/build/limo_base -- -j8 -l8
[13.621s] Invoking command in '/Users/jisu/Documents/LIMO_GAZEBO/ws_limo_humble/build/limo_base': AMENT_PREFIX_PATH=/Users/jisu/Documents/LIMO_GAZEBO/ws_limo_humble/install/limo_msgs:${AMENT_PREFIX_PATH} CMAKE_PREFIX_PATH=/Users/jisu/Documents/LIMO_GAZEBO/ws_limo_humble/install/limo_msgs:/opt/ros/humble LD_LIBRARY_PATH=/Users/jisu/Documents/LIMO_GAZEBO/ws_limo_humble/install/limo_msgs/lib:${LD_LIBRARY_PATH} PYTHONPATH=/Users/jisu/Documents/LIMO_GAZEBO/ws_limo_humble/install/limo_msgs/local/lib/python3.10/dist-packages:${PYTHONPATH} /usr/bin/cmake --install /Users/jisu/Documents/LIMO_GAZEBO/ws_limo_humble/build/limo_base
[13.673s] -- Install configuration: ""
[13.676s] -- Execute custom install script
[13.683s] -- Symlinking: /Users/jisu/Documents/LIMO_GAZEBO/ws_limo_humble/install/limo_base/include/limo_base/limo_driver.h
[13.719s] -- Symlinking: /Users/jisu/Documents/LIMO_GAZEBO/ws_limo_humble/install/limo_base/include/limo_base/limo_protocol.h
[13.753s] -- Symlinking: /Users/jisu/Documents/LIMO_GAZEBO/ws_limo_humble/install/limo_base/include/limo_base/serial_port.h
[13.788s] -- Symlinking: /Users/jisu/Documents/LIMO_GAZEBO/ws_limo_humble/install/limo_base/lib/limo_base/limo_base
[13.823s] -- Symlinking: /Users/jisu/Documents/LIMO_GAZEBO/ws_limo_humble/install/limo_base/lib/limo_base/tf_pub
[13.859s] -- Symlinking: /Users/jisu/Documents/LIMO_GAZEBO/ws_limo_humble/install/limo_base/share/limo_base//launch/limo_base.launch.py
[13.893s] -- Symlinking: /Users/jisu/Documents/LIMO_GAZEBO/ws_limo_humble/install/limo_base/share/limo_base//launch/open_ydlidar_launch.py
[13.926s] -- Symlinking: /Users/jisu/Documents/LIMO_GAZEBO/ws_limo_humble/install/limo_base/share/limo_base//launch/start_limo.launch.py
[13.962s] -- Symlinking: /Users/jisu/Documents/LIMO_GAZEBO/ws_limo_humble/install/limo_base/share/limo_base//src/limo_base_node.cpp
[13.996s] -- Symlinking: /Users/jisu/Documents/LIMO_GAZEBO/ws_limo_humble/install/limo_base/share/limo_base//src/limo_driver.cpp
[14.030s] -- Symlinking: /Users/jisu/Documents/LIMO_GAZEBO/ws_limo_humble/install/limo_base/share/limo_base//src/serial_port.cpp
[14.065s] -- Symlinking: /Users/jisu/Documents/LIMO_GAZEBO/ws_limo_humble/install/limo_base/share/limo_base//src/tf_pub.cpp
[14.100s] -- Symlinking: /Users/jisu/Documents/LIMO_GAZEBO/ws_limo_humble/install/limo_base/share/ament_index/resource_index/package_run_dependencies/limo_base
[14.134s] -- Symlinking: /Users/jisu/Documents/LIMO_GAZEBO/ws_limo_humble/install/limo_base/share/ament_index/resource_index/parent_prefix_path/limo_base
[14.169s] -- Symlinking: /Users/jisu/Documents/LIMO_GAZEBO/ws_limo_humble/install/limo_base/share/limo_base/environment/ament_prefix_path.sh
[14.203s] -- Symlinking: /Users/jisu/Documents/LIMO_GAZEBO/ws_limo_humble/install/limo_base/share/limo_base/environment/ament_prefix_path.dsv
[14.237s] -- Symlinking: /Users/jisu/Documents/LIMO_GAZEBO/ws_limo_humble/install/limo_base/share/limo_base/environment/path.sh
[14.272s] -- Symlinking: /Users/jisu/Documents/LIMO_GAZEBO/ws_limo_humble/install/limo_base/share/limo_base/environment/path.dsv
[14.305s] -- Symlinking: /Users/jisu/Documents/LIMO_GAZEBO/ws_limo_humble/install/limo_base/share/limo_base/local_setup.bash
[14.339s] -- Symlinking: /Users/jisu/Documents/LIMO_GAZEBO/ws_limo_humble/install/limo_base/share/limo_base/local_setup.sh
[14.374s] -- Symlinking: /Users/jisu/Documents/LIMO_GAZEBO/ws_limo_humble/install/limo_base/share/limo_base/local_setup.zsh
[14.408s] -- Symlinking: /Users/jisu/Documents/LIMO_GAZEBO/ws_limo_humble/install/limo_base/share/limo_base/local_setup.dsv
[14.442s] -- Symlinking: /Users/jisu/Documents/LIMO_GAZEBO/ws_limo_humble/install/limo_base/share/limo_base/package.dsv
[14.478s] -- Symlinking: /Users/jisu/Documents/LIMO_GAZEBO/ws_limo_humble/install/limo_base/share/ament_index/resource_index/packages/limo_base
[14.512s] -- Symlinking: /Users/jisu/Documents/LIMO_GAZEBO/ws_limo_humble/install/limo_base/share/limo_base/cmake/ament_cmake_export_include_directories-extras.cmake
[14.548s] -- Symlinking: /Users/jisu/Documents/LIMO_GAZEBO/ws_limo_humble/install/limo_base/share/limo_base/cmake/limo_baseConfig.cmake
[14.583s] -- Symlinking: /Users/jisu/Documents/LIMO_GAZEBO/ws_limo_humble/install/limo_base/share/limo_base/cmake/limo_baseConfig-version.cmake
[14.617s] -- Symlinking: /Users/jisu/Documents/LIMO_GAZEBO/ws_limo_humble/install/limo_base/share/limo_base/package.xml
[14.656s] Invoked command in '/Users/jisu/Documents/LIMO_GAZEBO/ws_limo_humble/build/limo_base' returned '0': AMENT_PREFIX_PATH=/Users/jisu/Documents/LIMO_GAZEBO/ws_limo_humble/install/limo_msgs:${AMENT_PREFIX_PATH} CMAKE_PREFIX_PATH=/Users/jisu/Documents/LIMO_GAZEBO/ws_limo_humble/install/limo_msgs:/opt/ros/humble LD_LIBRARY_PATH=/Users/jisu/Documents/LIMO_GAZEBO/ws_limo_humble/install/limo_msgs/lib:${LD_LIBRARY_PATH} PYTHONPATH=/Users/jisu/Documents/LIMO_GAZEBO/ws_limo_humble/install/limo_msgs/local/lib/python3.10/dist-packages:${PYTHONPATH} /usr/bin/cmake --install /Users/jisu/Documents/LIMO_GAZEBO/ws_limo_humble/build/limo_base
