[0.190s] DEBUG:colcon:Command line arguments: ['/usr/bin/colcon', 'build']
[0.191s] DEBUG:colcon:Parsed command line arguments: Namespace(log_base=None, log_level=None, verb_name='build', build_base='build', install_base='install', merge_install=False, symlink_install=False, test_result_base=None, continue_on_error=False, executor='parallel', parallel_workers=8, event_handlers=None, ignore_user_meta=False, metas=['./colcon.meta'], base_paths=['.'], packages_ignore=None, packages_ignore_regex=None, paths=None, packages_up_to=None, packages_up_to_regex=None, packages_above=None, packages_above_and_dependencies=None, packages_above_depth=None, packages_select_by_dep=None, packages_skip_by_dep=None, packages_skip_up_to=None, packages_select_build_failed=False, packages_skip_build_finished=False, packages_select_test_failures=False, packages_skip_test_passed=False, packages_select=None, packages_skip=None, packages_select_regex=None, packages_skip_regex=None, packages_start=None, packages_end=None, cmake_args=None, cmake_target=None, cmake_target_skip_unavailable=False, cmake_clean_cache=False, cmake_clean_first=False, cmake_force_configure=False, ament_cmake_args=None, catkin_cmake_args=None, catkin_skip_building_tests=False, mixin_files=None, mixin=None, verb_parser=<colcon_mixin.mixin.mixin_argument.MixinArgumentDecorator object at 0x7ffffe1e3670>, verb_extension=<colcon_core.verb.build.BuildVerb object at 0x7ffffe3a4970>, main=<bound method BuildVerb.main of <colcon_core.verb.build.BuildVerb object at 0x7ffffe3a4970>>, mixin_verb=('build',))
[0.330s] Level 1:colcon.colcon_core.package_discovery:discover_packages(colcon_meta) check parameters
[0.331s] INFO:colcon.colcon_metadata.package_discovery.colcon_meta:Using configuration from '/root/.colcon/metadata/default/Gazebo.meta'
[0.331s] INFO:colcon.colcon_metadata.package_discovery.colcon_meta:Using configuration from '/root/.colcon/metadata/default/fastdds.meta'
[0.331s] INFO:colcon.colcon_metadata.package_discovery.colcon_meta:Using configuration from '/root/.colcon/metadata/default/fastrtps.meta'
[0.332s] Level 1:colcon.colcon_core.package_discovery:discover_packages(recursive) check parameters
[0.332s] Level 1:colcon.colcon_core.package_discovery:discover_packages(ignore) check parameters
[0.332s] Level 1:colcon.colcon_core.package_discovery:discover_packages(path) check parameters
[0.332s] Level 1:colcon.colcon_core.package_discovery:discover_packages(colcon_meta) discover
[0.332s] Level 1:colcon.colcon_core.package_discovery:discover_packages(recursive) discover
[0.332s] INFO:colcon.colcon_core.package_discovery:Crawling recursively for packages in '/Users/jisu/Documents/LIMO_GAZEBO/ws_limo_humble'
[0.332s] Level 1:colcon.colcon_core.package_identification:_identify(.) by extensions ['ignore', 'ignore_ament_install']
[0.332s] Level 1:colcon.colcon_core.package_identification:_identify(.) by extension 'ignore'
[0.332s] Level 1:colcon.colcon_core.package_identification:_identify(.) by extension 'ignore_ament_install'
[0.332s] Level 1:colcon.colcon_core.package_identification:_identify(.) by extensions ['colcon_pkg']
[0.333s] Level 1:colcon.colcon_core.package_identification:_identify(.) by extension 'colcon_pkg'
[0.333s] Level 1:colcon.colcon_core.package_identification:_identify(.) by extensions ['colcon_meta']
[0.333s] Level 1:colcon.colcon_core.package_identification:_identify(.) by extension 'colcon_meta'
[0.333s] Level 1:colcon.colcon_core.package_identification:_identify(.) by extensions ['ros']
[0.333s] Level 1:colcon.colcon_core.package_identification:_identify(.) by extension 'ros'
[0.343s] Level 1:colcon.colcon_core.package_identification:_identify(.) by extensions ['cmake', 'python']
[0.343s] Level 1:colcon.colcon_core.package_identification:_identify(.) by extension 'cmake'
[0.343s] Level 1:colcon.colcon_core.package_identification:_identify(.) by extension 'python'
[0.343s] Level 1:colcon.colcon_core.package_identification:_identify(.) by extensions ['python_setup_py']
[0.343s] Level 1:colcon.colcon_core.package_identification:_identify(.) by extension 'python_setup_py'
[0.344s] Level 1:colcon.colcon_core.package_identification:_identify(build) by extensions ['ignore', 'ignore_ament_install']
[0.344s] Level 1:colcon.colcon_core.package_identification:_identify(build) by extension 'ignore'
[0.344s] Level 1:colcon.colcon_core.package_identification:_identify(build) ignored
[0.346s] Level 1:colcon.colcon_core.package_identification:_identify(install) by extensions ['ignore', 'ignore_ament_install']
[0.346s] Level 1:colcon.colcon_core.package_identification:_identify(install) by extension 'ignore'
[0.346s] Level 1:colcon.colcon_core.package_identification:_identify(install) ignored
[0.347s] Level 1:colcon.colcon_core.package_identification:_identify(log) by extensions ['ignore', 'ignore_ament_install']
[0.347s] Level 1:colcon.colcon_core.package_identification:_identify(log) by extension 'ignore'
[0.347s] Level 1:colcon.colcon_core.package_identification:_identify(log) ignored
[0.347s] Level 1:colcon.colcon_core.package_identification:_identify(src) by extensions ['ignore', 'ignore_ament_install']
[0.347s] Level 1:colcon.colcon_core.package_identification:_identify(src) by extension 'ignore'
[0.348s] Level 1:colcon.colcon_core.package_identification:_identify(src) by extension 'ignore_ament_install'
[0.348s] Level 1:colcon.colcon_core.package_identification:_identify(src) by extensions ['colcon_pkg']
[0.348s] Level 1:colcon.colcon_core.package_identification:_identify(src) by extension 'colcon_pkg'
[0.348s] Level 1:colcon.colcon_core.package_identification:_identify(src) by extensions ['colcon_meta']
[0.348s] Level 1:colcon.colcon_core.package_identification:_identify(src) by extension 'colcon_meta'
[0.348s] Level 1:colcon.colcon_core.package_identification:_identify(src) by extensions ['ros']
[0.348s] Level 1:colcon.colcon_core.package_identification:_identify(src) by extension 'ros'
[0.348s] Level 1:colcon.colcon_core.package_identification:_identify(src) by extensions ['cmake', 'python']
[0.348s] Level 1:colcon.colcon_core.package_identification:_identify(src) by extension 'cmake'
[0.348s] Level 1:colcon.colcon_core.package_identification:_identify(src) by extension 'python'
[0.348s] Level 1:colcon.colcon_core.package_identification:_identify(src) by extensions ['python_setup_py']
[0.348s] Level 1:colcon.colcon_core.package_identification:_identify(src) by extension 'python_setup_py'
[0.349s] Level 1:colcon.colcon_core.package_identification:_identify(src/limo_ros2) by extensions ['ignore', 'ignore_ament_install']
[0.349s] Level 1:colcon.colcon_core.package_identification:_identify(src/limo_ros2) by extension 'ignore'
[0.349s] Level 1:colcon.colcon_core.package_identification:_identify(src/limo_ros2) by extension 'ignore_ament_install'
[0.349s] Level 1:colcon.colcon_core.package_identification:_identify(src/limo_ros2) by extensions ['colcon_pkg']
[0.349s] Level 1:colcon.colcon_core.package_identification:_identify(src/limo_ros2) by extension 'colcon_pkg'
[0.349s] Level 1:colcon.colcon_core.package_identification:_identify(src/limo_ros2) by extensions ['colcon_meta']
[0.349s] Level 1:colcon.colcon_core.package_identification:_identify(src/limo_ros2) by extension 'colcon_meta'
[0.349s] Level 1:colcon.colcon_core.package_identification:_identify(src/limo_ros2) by extensions ['ros']
[0.349s] Level 1:colcon.colcon_core.package_identification:_identify(src/limo_ros2) by extension 'ros'
[0.350s] Level 1:colcon.colcon_core.package_identification:_identify(src/limo_ros2) by extensions ['cmake', 'python']
[0.350s] Level 1:colcon.colcon_core.package_identification:_identify(src/limo_ros2) by extension 'cmake'
[0.350s] Level 1:colcon.colcon_core.package_identification:_identify(src/limo_ros2) by extension 'python'
[0.350s] Level 1:colcon.colcon_core.package_identification:_identify(src/limo_ros2) by extensions ['python_setup_py']
[0.350s] Level 1:colcon.colcon_core.package_identification:_identify(src/limo_ros2) by extension 'python_setup_py'
[0.350s] Level 1:colcon.colcon_core.package_identification:_identify(src/limo_ros2/limo_base) by extensions ['ignore', 'ignore_ament_install']
[0.350s] Level 1:colcon.colcon_core.package_identification:_identify(src/limo_ros2/limo_base) by extension 'ignore'
[0.350s] Level 1:colcon.colcon_core.package_identification:_identify(src/limo_ros2/limo_base) by extension 'ignore_ament_install'
[0.350s] Level 1:colcon.colcon_core.package_identification:_identify(src/limo_ros2/limo_base) by extensions ['colcon_pkg']
[0.350s] Level 1:colcon.colcon_core.package_identification:_identify(src/limo_ros2/limo_base) by extension 'colcon_pkg'
[0.351s] Level 1:colcon.colcon_core.package_identification:_identify(src/limo_ros2/limo_base) by extensions ['colcon_meta']
[0.351s] Level 1:colcon.colcon_core.package_identification:_identify(src/limo_ros2/limo_base) by extension 'colcon_meta'
[0.351s] Level 1:colcon.colcon_core.package_identification:_identify(src/limo_ros2/limo_base) by extensions ['ros']
[0.351s] Level 1:colcon.colcon_core.package_identification:_identify(src/limo_ros2/limo_base) by extension 'ros'
[0.357s] DEBUG:colcon.colcon_core.package_identification:Package 'src/limo_ros2/limo_base' with type 'ros.ament_cmake' and name 'limo_base'
[0.358s] Level 1:colcon.colcon_core.package_identification:_identify(src/limo_ros2/limo_car) by extensions ['ignore', 'ignore_ament_install']
[0.358s] Level 1:colcon.colcon_core.package_identification:_identify(src/limo_ros2/limo_car) by extension 'ignore'
[0.358s] Level 1:colcon.colcon_core.package_identification:_identify(src/limo_ros2/limo_car) by extension 'ignore_ament_install'
[0.358s] Level 1:colcon.colcon_core.package_identification:_identify(src/limo_ros2/limo_car) by extensions ['colcon_pkg']
[0.358s] Level 1:colcon.colcon_core.package_identification:_identify(src/limo_ros2/limo_car) by extension 'colcon_pkg'
[0.358s] Level 1:colcon.colcon_core.package_identification:_identify(src/limo_ros2/limo_car) by extensions ['colcon_meta']
[0.358s] Level 1:colcon.colcon_core.package_identification:_identify(src/limo_ros2/limo_car) by extension 'colcon_meta'
[0.358s] Level 1:colcon.colcon_core.package_identification:_identify(src/limo_ros2/limo_car) by extensions ['ros']
[0.358s] Level 1:colcon.colcon_core.package_identification:_identify(src/limo_ros2/limo_car) by extension 'ros'
[0.359s] DEBUG:colcon.colcon_core.package_identification:Package 'src/limo_ros2/limo_car' with type 'ros.ament_cmake' and name 'limo_car'
[0.360s] Level 1:colcon.colcon_core.package_identification:_identify(src/limo_ros2/limo_description) by extensions ['ignore', 'ignore_ament_install']
[0.360s] Level 1:colcon.colcon_core.package_identification:_identify(src/limo_ros2/limo_description) by extension 'ignore'
[0.360s] Level 1:colcon.colcon_core.package_identification:_identify(src/limo_ros2/limo_description) by extension 'ignore_ament_install'
[0.360s] Level 1:colcon.colcon_core.package_identification:_identify(src/limo_ros2/limo_description) by extensions ['colcon_pkg']
[0.360s] Level 1:colcon.colcon_core.package_identification:_identify(src/limo_ros2/limo_description) by extension 'colcon_pkg'
[0.360s] Level 1:colcon.colcon_core.package_identification:_identify(src/limo_ros2/limo_description) by extensions ['colcon_meta']
[0.361s] Level 1:colcon.colcon_core.package_identification:_identify(src/limo_ros2/limo_description) by extension 'colcon_meta'
[0.361s] Level 1:colcon.colcon_core.package_identification:_identify(src/limo_ros2/limo_description) by extensions ['ros']
[0.361s] Level 1:colcon.colcon_core.package_identification:_identify(src/limo_ros2/limo_description) by extension 'ros'
[0.361s] DEBUG:colcon.colcon_core.package_identification:Package 'src/limo_ros2/limo_description' with type 'ros.ament_cmake' and name 'limo_description'
[0.362s] Level 1:colcon.colcon_core.package_identification:_identify(src/limo_ros2/limo_msgs) by extensions ['ignore', 'ignore_ament_install']
[0.362s] Level 1:colcon.colcon_core.package_identification:_identify(src/limo_ros2/limo_msgs) by extension 'ignore'
[0.362s] Level 1:colcon.colcon_core.package_identification:_identify(src/limo_ros2/limo_msgs) by extension 'ignore_ament_install'
[0.362s] Level 1:colcon.colcon_core.package_identification:_identify(src/limo_ros2/limo_msgs) by extensions ['colcon_pkg']
[0.362s] Level 1:colcon.colcon_core.package_identification:_identify(src/limo_ros2/limo_msgs) by extension 'colcon_pkg'
[0.362s] Level 1:colcon.colcon_core.package_identification:_identify(src/limo_ros2/limo_msgs) by extensions ['colcon_meta']
[0.362s] Level 1:colcon.colcon_core.package_identification:_identify(src/limo_ros2/limo_msgs) by extension 'colcon_meta'
[0.362s] Level 1:colcon.colcon_core.package_identification:_identify(src/limo_ros2/limo_msgs) by extensions ['ros']
[0.362s] Level 1:colcon.colcon_core.package_identification:_identify(src/limo_ros2/limo_msgs) by extension 'ros'
[0.363s] DEBUG:colcon.colcon_core.package_identification:Package 'src/limo_ros2/limo_msgs' with type 'ros.ament_cmake' and name 'limo_msgs'
[0.363s] Level 1:colcon.colcon_core.package_discovery:discover_packages(recursive) using defaults
[0.363s] Level 1:colcon.colcon_core.package_discovery:discover_packages(ignore) discover
[0.363s] Level 1:colcon.colcon_core.package_discovery:discover_packages(ignore) using defaults
[0.363s] Level 1:colcon.colcon_core.package_discovery:discover_packages(path) discover
[0.363s] Level 1:colcon.colcon_core.package_discovery:discover_packages(path) using defaults
[0.385s] Level 5:colcon.colcon_core.verb:set package 'limo_car' build argument 'cmake_args' from command line to 'None'
[0.385s] Level 5:colcon.colcon_core.verb:set package 'limo_car' build argument 'cmake_target' from command line to 'None'
[0.385s] Level 5:colcon.colcon_core.verb:set package 'limo_car' build argument 'cmake_target_skip_unavailable' from command line to 'False'
[0.385s] Level 5:colcon.colcon_core.verb:set package 'limo_car' build argument 'cmake_clean_cache' from command line to 'False'
[0.385s] Level 5:colcon.colcon_core.verb:set package 'limo_car' build argument 'cmake_clean_first' from command line to 'False'
[0.385s] Level 5:colcon.colcon_core.verb:set package 'limo_car' build argument 'cmake_force_configure' from command line to 'False'
[0.385s] Level 5:colcon.colcon_core.verb:set package 'limo_car' build argument 'ament_cmake_args' from command line to 'None'
[0.385s] Level 5:colcon.colcon_core.verb:set package 'limo_car' build argument 'catkin_cmake_args' from command line to 'None'
[0.385s] Level 5:colcon.colcon_core.verb:set package 'limo_car' build argument 'catkin_skip_building_tests' from command line to 'False'
[0.385s] DEBUG:colcon.colcon_core.verb:Building package 'limo_car' with the following arguments: {'ament_cmake_args': None, 'build_base': '/Users/jisu/Documents/LIMO_GAZEBO/ws_limo_humble/build/limo_car', 'catkin_cmake_args': None, 'catkin_skip_building_tests': False, 'cmake_args': None, 'cmake_clean_cache': False, 'cmake_clean_first': False, 'cmake_force_configure': False, 'cmake_target': None, 'cmake_target_skip_unavailable': False, 'install_base': '/Users/jisu/Documents/LIMO_GAZEBO/ws_limo_humble/install/limo_car', 'merge_install': False, 'path': '/Users/jisu/Documents/LIMO_GAZEBO/ws_limo_humble/src/limo_ros2/limo_car', 'symlink_install': False, 'test_result_base': None}
[0.386s] Level 5:colcon.colcon_core.verb:set package 'limo_description' build argument 'cmake_args' from command line to 'None'
[0.386s] Level 5:colcon.colcon_core.verb:set package 'limo_description' build argument 'cmake_target' from command line to 'None'
[0.386s] Level 5:colcon.colcon_core.verb:set package 'limo_description' build argument 'cmake_target_skip_unavailable' from command line to 'False'
[0.386s] Level 5:colcon.colcon_core.verb:set package 'limo_description' build argument 'cmake_clean_cache' from command line to 'False'
[0.386s] Level 5:colcon.colcon_core.verb:set package 'limo_description' build argument 'cmake_clean_first' from command line to 'False'
[0.386s] Level 5:colcon.colcon_core.verb:set package 'limo_description' build argument 'cmake_force_configure' from command line to 'False'
[0.386s] Level 5:colcon.colcon_core.verb:set package 'limo_description' build argument 'ament_cmake_args' from command line to 'None'
[0.386s] Level 5:colcon.colcon_core.verb:set package 'limo_description' build argument 'catkin_cmake_args' from command line to 'None'
[0.386s] Level 5:colcon.colcon_core.verb:set package 'limo_description' build argument 'catkin_skip_building_tests' from command line to 'False'
[0.386s] DEBUG:colcon.colcon_core.verb:Building package 'limo_description' with the following arguments: {'ament_cmake_args': None, 'build_base': '/Users/jisu/Documents/LIMO_GAZEBO/ws_limo_humble/build/limo_description', 'catkin_cmake_args': None, 'catkin_skip_building_tests': False, 'cmake_args': None, 'cmake_clean_cache': False, 'cmake_clean_first': False, 'cmake_force_configure': False, 'cmake_target': None, 'cmake_target_skip_unavailable': False, 'install_base': '/Users/jisu/Documents/LIMO_GAZEBO/ws_limo_humble/install/limo_description', 'merge_install': False, 'path': '/Users/jisu/Documents/LIMO_GAZEBO/ws_limo_humble/src/limo_ros2/limo_description', 'symlink_install': False, 'test_result_base': None}
[0.386s] Level 5:colcon.colcon_core.verb:set package 'limo_msgs' build argument 'cmake_args' from command line to 'None'
[0.386s] Level 5:colcon.colcon_core.verb:set package 'limo_msgs' build argument 'cmake_target' from command line to 'None'
[0.386s] Level 5:colcon.colcon_core.verb:set package 'limo_msgs' build argument 'cmake_target_skip_unavailable' from command line to 'False'
[0.386s] Level 5:colcon.colcon_core.verb:set package 'limo_msgs' build argument 'cmake_clean_cache' from command line to 'False'
[0.386s] Level 5:colcon.colcon_core.verb:set package 'limo_msgs' build argument 'cmake_clean_first' from command line to 'False'
[0.386s] Level 5:colcon.colcon_core.verb:set package 'limo_msgs' build argument 'cmake_force_configure' from command line to 'False'
[0.387s] Level 5:colcon.colcon_core.verb:set package 'limo_msgs' build argument 'ament_cmake_args' from command line to 'None'
[0.387s] Level 5:colcon.colcon_core.verb:set package 'limo_msgs' build argument 'catkin_cmake_args' from command line to 'None'
[0.387s] Level 5:colcon.colcon_core.verb:set package 'limo_msgs' build argument 'catkin_skip_building_tests' from command line to 'False'
[0.387s] DEBUG:colcon.colcon_core.verb:Building package 'limo_msgs' with the following arguments: {'ament_cmake_args': None, 'build_base': '/Users/jisu/Documents/LIMO_GAZEBO/ws_limo_humble/build/limo_msgs', 'catkin_cmake_args': None, 'catkin_skip_building_tests': False, 'cmake_args': None, 'cmake_clean_cache': False, 'cmake_clean_first': False, 'cmake_force_configure': False, 'cmake_target': None, 'cmake_target_skip_unavailable': False, 'install_base': '/Users/jisu/Documents/LIMO_GAZEBO/ws_limo_humble/install/limo_msgs', 'merge_install': False, 'path': '/Users/jisu/Documents/LIMO_GAZEBO/ws_limo_humble/src/limo_ros2/limo_msgs', 'symlink_install': False, 'test_result_base': None}
[0.387s] Level 5:colcon.colcon_core.verb:set package 'limo_base' build argument 'cmake_args' from command line to 'None'
[0.387s] Level 5:colcon.colcon_core.verb:set package 'limo_base' build argument 'cmake_target' from command line to 'None'
[0.387s] Level 5:colcon.colcon_core.verb:set package 'limo_base' build argument 'cmake_target_skip_unavailable' from command line to 'False'
[0.387s] Level 5:colcon.colcon_core.verb:set package 'limo_base' build argument 'cmake_clean_cache' from command line to 'False'
[0.387s] Level 5:colcon.colcon_core.verb:set package 'limo_base' build argument 'cmake_clean_first' from command line to 'False'
[0.387s] Level 5:colcon.colcon_core.verb:set package 'limo_base' build argument 'cmake_force_configure' from command line to 'False'
[0.387s] Level 5:colcon.colcon_core.verb:set package 'limo_base' build argument 'ament_cmake_args' from command line to 'None'
[0.387s] Level 5:colcon.colcon_core.verb:set package 'limo_base' build argument 'catkin_cmake_args' from command line to 'None'
[0.387s] Level 5:colcon.colcon_core.verb:set package 'limo_base' build argument 'catkin_skip_building_tests' from command line to 'False'
[0.387s] DEBUG:colcon.colcon_core.verb:Building package 'limo_base' with the following arguments: {'ament_cmake_args': None, 'build_base': '/Users/jisu/Documents/LIMO_GAZEBO/ws_limo_humble/build/limo_base', 'catkin_cmake_args': None, 'catkin_skip_building_tests': False, 'cmake_args': None, 'cmake_clean_cache': False, 'cmake_clean_first': False, 'cmake_force_configure': False, 'cmake_target': None, 'cmake_target_skip_unavailable': False, 'install_base': '/Users/jisu/Documents/LIMO_GAZEBO/ws_limo_humble/install/limo_base', 'merge_install': False, 'path': '/Users/jisu/Documents/LIMO_GAZEBO/ws_limo_humble/src/limo_ros2/limo_base', 'symlink_install': False, 'test_result_base': None}
[0.387s] INFO:colcon.colcon_core.executor:Executing jobs using 'parallel' executor
[0.390s] DEBUG:colcon.colcon_parallel_executor.executor.parallel:run_until_complete
[0.391s] INFO:colcon.colcon_ros.task.ament_cmake.build:Building ROS package in '/Users/jisu/Documents/LIMO_GAZEBO/ws_limo_humble/src/limo_ros2/limo_msgs' with build type 'ament_cmake'
[0.391s] INFO:colcon.colcon_cmake.task.cmake.build:Building CMake package in '/Users/jisu/Documents/LIMO_GAZEBO/ws_limo_humble/src/limo_ros2/limo_msgs'
[0.395s] INFO:colcon.colcon_core.plugin_system:Skipping extension 'colcon_core.shell.bat': Not used on non-Windows systems
[0.395s] INFO:colcon.colcon_core.shell:Skip shell extension 'powershell' for command environment: Not usable outside of PowerShell
[0.395s] DEBUG:colcon.colcon_core.shell:Skip shell extension 'dsv' for command environment
[0.401s] INFO:colcon.colcon_ros.task.ament_cmake.build:Building ROS package in '/Users/jisu/Documents/LIMO_GAZEBO/ws_limo_humble/src/limo_ros2/limo_car' with build type 'ament_cmake'
[0.401s] INFO:colcon.colcon_cmake.task.cmake.build:Building CMake package in '/Users/jisu/Documents/LIMO_GAZEBO/ws_limo_humble/src/limo_ros2/limo_car'
[0.403s] INFO:colcon.colcon_core.shell:Skip shell extension 'powershell' for command environment: Not usable outside of PowerShell
[0.403s] DEBUG:colcon.colcon_core.shell:Skip shell extension 'dsv' for command environment
[0.408s] INFO:colcon.colcon_ros.task.ament_cmake.build:Building ROS package in '/Users/jisu/Documents/LIMO_GAZEBO/ws_limo_humble/src/limo_ros2/limo_description' with build type 'ament_cmake'
[0.408s] INFO:colcon.colcon_cmake.task.cmake.build:Building CMake package in '/Users/jisu/Documents/LIMO_GAZEBO/ws_limo_humble/src/limo_ros2/limo_description'
[0.409s] INFO:colcon.colcon_core.shell:Skip shell extension 'powershell' for command environment: Not usable outside of PowerShell
[0.410s] DEBUG:colcon.colcon_core.shell:Skip shell extension 'dsv' for command environment
[0.460s] DEBUG:colcon.colcon_core.event_handler.log_command:Invoking command in '/Users/jisu/Documents/LIMO_GAZEBO/ws_limo_humble/build/limo_car': CMAKE_PREFIX_PATH=/opt/ros/humble /usr/bin/cmake /Users/jisu/Documents/LIMO_GAZEBO/ws_limo_humble/src/limo_ros2/limo_car -DCMAKE_INSTALL_PREFIX=/Users/jisu/Documents/LIMO_GAZEBO/ws_limo_humble/install/limo_car
[0.466s] DEBUG:colcon.colcon_core.event_handler.log_command:Invoking command in '/Users/jisu/Documents/LIMO_GAZEBO/ws_limo_humble/build/limo_msgs': CMAKE_PREFIX_PATH=/opt/ros/humble /usr/bin/cmake /Users/jisu/Documents/LIMO_GAZEBO/ws_limo_humble/src/limo_ros2/limo_msgs -DCMAKE_INSTALL_PREFIX=/Users/jisu/Documents/LIMO_GAZEBO/ws_limo_humble/install/limo_msgs
[0.472s] DEBUG:colcon.colcon_core.event_handler.log_command:Invoking command in '/Users/jisu/Documents/LIMO_GAZEBO/ws_limo_humble/build/limo_description': CMAKE_PREFIX_PATH=/opt/ros/humble /usr/bin/cmake /Users/jisu/Documents/LIMO_GAZEBO/ws_limo_humble/src/limo_ros2/limo_description -DCMAKE_INSTALL_PREFIX=/Users/jisu/Documents/LIMO_GAZEBO/ws_limo_humble/install/limo_description
[1.334s] DEBUG:colcon.colcon_core.event_handler.log_command:Invoked command in '/Users/jisu/Documents/LIMO_GAZEBO/ws_limo_humble/build/limo_description' returned '0': CMAKE_PREFIX_PATH=/opt/ros/humble /usr/bin/cmake /Users/jisu/Documents/LIMO_GAZEBO/ws_limo_humble/src/limo_ros2/limo_description -DCMAKE_INSTALL_PREFIX=/Users/jisu/Documents/LIMO_GAZEBO/ws_limo_humble/install/limo_description
[1.338s] DEBUG:colcon.colcon_core.event_handler.log_command:Invoking command in '/Users/jisu/Documents/LIMO_GAZEBO/ws_limo_humble/build/limo_description': CMAKE_PREFIX_PATH=/opt/ros/humble /usr/bin/cmake --build /Users/jisu/Documents/LIMO_GAZEBO/ws_limo_humble/build/limo_description -- -j8 -l8
[1.354s] DEBUG:colcon.colcon_core.event_handler.log_command:Invoked command in '/Users/jisu/Documents/LIMO_GAZEBO/ws_limo_humble/build/limo_car' returned '0': CMAKE_PREFIX_PATH=/opt/ros/humble /usr/bin/cmake /Users/jisu/Documents/LIMO_GAZEBO/ws_limo_humble/src/limo_ros2/limo_car -DCMAKE_INSTALL_PREFIX=/Users/jisu/Documents/LIMO_GAZEBO/ws_limo_humble/install/limo_car
[1.359s] DEBUG:colcon.colcon_core.event_handler.log_command:Invoking command in '/Users/jisu/Documents/LIMO_GAZEBO/ws_limo_humble/build/limo_car': CMAKE_PREFIX_PATH=/opt/ros/humble /usr/bin/cmake --build /Users/jisu/Documents/LIMO_GAZEBO/ws_limo_humble/build/limo_car -- -j8 -l8
[1.593s] DEBUG:colcon.colcon_core.event_handler.log_command:Invoked command in '/Users/jisu/Documents/LIMO_GAZEBO/ws_limo_humble/build/limo_description' returned '0': CMAKE_PREFIX_PATH=/opt/ros/humble /usr/bin/cmake --build /Users/jisu/Documents/LIMO_GAZEBO/ws_limo_humble/build/limo_description -- -j8 -l8
[1.643s] DEBUG:colcon.colcon_core.event_handler.log_command:Invoking command in '/Users/jisu/Documents/LIMO_GAZEBO/ws_limo_humble/build/limo_description': CMAKE_PREFIX_PATH=/opt/ros/humble /usr/bin/cmake --install /Users/jisu/Documents/LIMO_GAZEBO/ws_limo_humble/build/limo_description
[1.647s] DEBUG:colcon.colcon_core.event_handler.log_command:Invoked command in '/Users/jisu/Documents/LIMO_GAZEBO/ws_limo_humble/build/limo_car' returned '0': CMAKE_PREFIX_PATH=/opt/ros/humble /usr/bin/cmake --build /Users/jisu/Documents/LIMO_GAZEBO/ws_limo_humble/build/limo_car -- -j8 -l8
[1.657s] DEBUG:colcon.colcon_core.event_handler.log_command:Invoking command in '/Users/jisu/Documents/LIMO_GAZEBO/ws_limo_humble/build/limo_car': CMAKE_PREFIX_PATH=/opt/ros/humble /usr/bin/cmake --install /Users/jisu/Documents/LIMO_GAZEBO/ws_limo_humble/build/limo_car
[1.782s] Level 1:colcon.colcon_core.environment:create_environment_scripts_only(limo_description)
[1.783s] DEBUG:colcon.colcon_core.event_handler.log_command:Invoked command in '/Users/jisu/Documents/LIMO_GAZEBO/ws_limo_humble/build/limo_description' returned '0': CMAKE_PREFIX_PATH=/opt/ros/humble /usr/bin/cmake --install /Users/jisu/Documents/LIMO_GAZEBO/ws_limo_humble/build/limo_description
[1.790s] Level 1:colcon.colcon_core.environment:checking '/Users/jisu/Documents/LIMO_GAZEBO/ws_limo_humble/install/limo_description' for CMake module files
[1.792s] Level 1:colcon.colcon_core.environment:checking '/Users/jisu/Documents/LIMO_GAZEBO/ws_limo_humble/install/limo_description' for CMake config files
[1.793s] Level 1:colcon.colcon_core.shell:create_environment_hook('limo_description', 'cmake_prefix_path')
[1.793s] INFO:colcon.colcon_core.shell:Creating environment hook '/Users/jisu/Documents/LIMO_GAZEBO/ws_limo_humble/install/limo_description/share/limo_description/hook/cmake_prefix_path.ps1'
[1.795s] INFO:colcon.colcon_core.shell:Creating environment descriptor '/Users/jisu/Documents/LIMO_GAZEBO/ws_limo_humble/install/limo_description/share/limo_description/hook/cmake_prefix_path.dsv'
[1.798s] INFO:colcon.colcon_core.shell:Creating environment hook '/Users/jisu/Documents/LIMO_GAZEBO/ws_limo_humble/install/limo_description/share/limo_description/hook/cmake_prefix_path.sh'
[1.805s] Level 1:colcon.colcon_core.environment:checking '/Users/jisu/Documents/LIMO_GAZEBO/ws_limo_humble/install/limo_description/bin'
[1.806s] Level 1:colcon.colcon_core.environment:checking '/Users/jisu/Documents/LIMO_GAZEBO/ws_limo_humble/install/limo_description/lib/pkgconfig/limo_description.pc'
[1.809s] Level 1:colcon.colcon_core.environment:checking '/Users/jisu/Documents/LIMO_GAZEBO/ws_limo_humble/install/limo_description/lib/python3.10/site-packages'
[1.811s] Level 1:colcon.colcon_core.environment:checking '/Users/jisu/Documents/LIMO_GAZEBO/ws_limo_humble/install/limo_description/bin'
[1.811s] INFO:colcon.colcon_core.shell:Creating package script '/Users/jisu/Documents/LIMO_GAZEBO/ws_limo_humble/install/limo_description/share/limo_description/package.ps1'
[1.813s] INFO:colcon.colcon_core.shell:Creating package descriptor '/Users/jisu/Documents/LIMO_GAZEBO/ws_limo_humble/install/limo_description/share/limo_description/package.dsv'
[1.814s] INFO:colcon.colcon_core.shell:Creating package script '/Users/jisu/Documents/LIMO_GAZEBO/ws_limo_humble/install/limo_description/share/limo_description/package.sh'
[1.815s] INFO:colcon.colcon_core.shell:Creating package script '/Users/jisu/Documents/LIMO_GAZEBO/ws_limo_humble/install/limo_description/share/limo_description/package.bash'
[1.816s] INFO:colcon.colcon_core.shell:Creating package script '/Users/jisu/Documents/LIMO_GAZEBO/ws_limo_humble/install/limo_description/share/limo_description/package.zsh'
[1.817s] Level 1:colcon.colcon_core.environment:create_file_with_runtime_dependencies(/Users/jisu/Documents/LIMO_GAZEBO/ws_limo_humble/install/limo_description/share/colcon-core/packages/limo_description)
[1.818s] Level 1:colcon.colcon_core.environment:create_environment_scripts_only(limo_description)
[1.818s] Level 1:colcon.colcon_core.environment:checking '/Users/jisu/Documents/LIMO_GAZEBO/ws_limo_humble/install/limo_description' for CMake module files
[1.819s] Level 1:colcon.colcon_core.environment:checking '/Users/jisu/Documents/LIMO_GAZEBO/ws_limo_humble/install/limo_description' for CMake config files
[1.820s] Level 1:colcon.colcon_core.shell:create_environment_hook('limo_description', 'cmake_prefix_path')
[1.820s] INFO:colcon.colcon_core.shell:Creating environment hook '/Users/jisu/Documents/LIMO_GAZEBO/ws_limo_humble/install/limo_description/share/limo_description/hook/cmake_prefix_path.ps1'
[1.820s] INFO:colcon.colcon_core.shell:Creating environment descriptor '/Users/jisu/Documents/LIMO_GAZEBO/ws_limo_humble/install/limo_description/share/limo_description/hook/cmake_prefix_path.dsv'
[1.821s] INFO:colcon.colcon_core.shell:Creating environment hook '/Users/jisu/Documents/LIMO_GAZEBO/ws_limo_humble/install/limo_description/share/limo_description/hook/cmake_prefix_path.sh'
[1.821s] Level 1:colcon.colcon_core.environment:checking '/Users/jisu/Documents/LIMO_GAZEBO/ws_limo_humble/install/limo_description/bin'
[1.821s] Level 1:colcon.colcon_core.environment:checking '/Users/jisu/Documents/LIMO_GAZEBO/ws_limo_humble/install/limo_description/lib/pkgconfig/limo_description.pc'
[1.822s] Level 1:colcon.colcon_core.environment:checking '/Users/jisu/Documents/LIMO_GAZEBO/ws_limo_humble/install/limo_description/lib/python3.10/site-packages'
[1.822s] Level 1:colcon.colcon_core.environment:checking '/Users/jisu/Documents/LIMO_GAZEBO/ws_limo_humble/install/limo_description/bin'
[1.822s] INFO:colcon.colcon_core.shell:Creating package script '/Users/jisu/Documents/LIMO_GAZEBO/ws_limo_humble/install/limo_description/share/limo_description/package.ps1'
[1.823s] INFO:colcon.colcon_core.shell:Creating package descriptor '/Users/jisu/Documents/LIMO_GAZEBO/ws_limo_humble/install/limo_description/share/limo_description/package.dsv'
[1.823s] INFO:colcon.colcon_core.shell:Creating package script '/Users/jisu/Documents/LIMO_GAZEBO/ws_limo_humble/install/limo_description/share/limo_description/package.sh'
[1.824s] INFO:colcon.colcon_core.shell:Creating package script '/Users/jisu/Documents/LIMO_GAZEBO/ws_limo_humble/install/limo_description/share/limo_description/package.bash'
[1.824s] INFO:colcon.colcon_core.shell:Creating package script '/Users/jisu/Documents/LIMO_GAZEBO/ws_limo_humble/install/limo_description/share/limo_description/package.zsh'
[1.825s] Level 1:colcon.colcon_core.environment:create_file_with_runtime_dependencies(/Users/jisu/Documents/LIMO_GAZEBO/ws_limo_humble/install/limo_description/share/colcon-core/packages/limo_description)
[1.826s] Level 1:colcon.colcon_core.environment:create_environment_scripts_only(limo_car)
[1.826s] Level 1:colcon.colcon_core.environment:checking '/Users/jisu/Documents/LIMO_GAZEBO/ws_limo_humble/install/limo_car' for CMake module files
[1.827s] DEBUG:colcon.colcon_core.event_handler.log_command:Invoked command in '/Users/jisu/Documents/LIMO_GAZEBO/ws_limo_humble/build/limo_car' returned '0': CMAKE_PREFIX_PATH=/opt/ros/humble /usr/bin/cmake --install /Users/jisu/Documents/LIMO_GAZEBO/ws_limo_humble/build/limo_car
[1.828s] Level 1:colcon.colcon_core.environment:checking '/Users/jisu/Documents/LIMO_GAZEBO/ws_limo_humble/install/limo_car' for CMake config files
[1.829s] Level 1:colcon.colcon_core.shell:create_environment_hook('limo_car', 'cmake_prefix_path')
[1.829s] INFO:colcon.colcon_core.shell:Creating environment hook '/Users/jisu/Documents/LIMO_GAZEBO/ws_limo_humble/install/limo_car/share/limo_car/hook/cmake_prefix_path.ps1'
[1.830s] INFO:colcon.colcon_core.shell:Creating environment descriptor '/Users/jisu/Documents/LIMO_GAZEBO/ws_limo_humble/install/limo_car/share/limo_car/hook/cmake_prefix_path.dsv'
[1.830s] INFO:colcon.colcon_core.shell:Creating environment hook '/Users/jisu/Documents/LIMO_GAZEBO/ws_limo_humble/install/limo_car/share/limo_car/hook/cmake_prefix_path.sh'
[1.831s] Level 1:colcon.colcon_core.environment:checking '/Users/jisu/Documents/LIMO_GAZEBO/ws_limo_humble/install/limo_car/bin'
[1.831s] Level 1:colcon.colcon_core.environment:checking '/Users/jisu/Documents/LIMO_GAZEBO/ws_limo_humble/install/limo_car/lib/pkgconfig/limo_car.pc'
[1.831s] Level 1:colcon.colcon_core.environment:checking '/Users/jisu/Documents/LIMO_GAZEBO/ws_limo_humble/install/limo_car/lib/python3.10/site-packages'
[1.832s] Level 1:colcon.colcon_core.environment:checking '/Users/jisu/Documents/LIMO_GAZEBO/ws_limo_humble/install/limo_car/bin'
[1.832s] INFO:colcon.colcon_core.shell:Creating package script '/Users/jisu/Documents/LIMO_GAZEBO/ws_limo_humble/install/limo_car/share/limo_car/package.ps1'
[1.832s] INFO:colcon.colcon_core.shell:Creating package descriptor '/Users/jisu/Documents/LIMO_GAZEBO/ws_limo_humble/install/limo_car/share/limo_car/package.dsv'
[1.833s] INFO:colcon.colcon_core.shell:Creating package script '/Users/jisu/Documents/LIMO_GAZEBO/ws_limo_humble/install/limo_car/share/limo_car/package.sh'
[1.833s] INFO:colcon.colcon_core.shell:Creating package script '/Users/jisu/Documents/LIMO_GAZEBO/ws_limo_humble/install/limo_car/share/limo_car/package.bash'
[1.834s] INFO:colcon.colcon_core.shell:Creating package script '/Users/jisu/Documents/LIMO_GAZEBO/ws_limo_humble/install/limo_car/share/limo_car/package.zsh'
[1.834s] Level 1:colcon.colcon_core.environment:create_file_with_runtime_dependencies(/Users/jisu/Documents/LIMO_GAZEBO/ws_limo_humble/install/limo_car/share/colcon-core/packages/limo_car)
[1.835s] Level 1:colcon.colcon_core.environment:create_environment_scripts_only(limo_car)
[1.835s] Level 1:colcon.colcon_core.environment:checking '/Users/jisu/Documents/LIMO_GAZEBO/ws_limo_humble/install/limo_car' for CMake module files
[1.837s] Level 1:colcon.colcon_core.environment:checking '/Users/jisu/Documents/LIMO_GAZEBO/ws_limo_humble/install/limo_car' for CMake config files
[1.837s] Level 1:colcon.colcon_core.shell:create_environment_hook('limo_car', 'cmake_prefix_path')
[1.838s] INFO:colcon.colcon_core.shell:Creating environment hook '/Users/jisu/Documents/LIMO_GAZEBO/ws_limo_humble/install/limo_car/share/limo_car/hook/cmake_prefix_path.ps1'
[1.838s] INFO:colcon.colcon_core.shell:Creating environment descriptor '/Users/jisu/Documents/LIMO_GAZEBO/ws_limo_humble/install/limo_car/share/limo_car/hook/cmake_prefix_path.dsv'
[1.838s] INFO:colcon.colcon_core.shell:Creating environment hook '/Users/jisu/Documents/LIMO_GAZEBO/ws_limo_humble/install/limo_car/share/limo_car/hook/cmake_prefix_path.sh'
[1.839s] Level 1:colcon.colcon_core.environment:checking '/Users/jisu/Documents/LIMO_GAZEBO/ws_limo_humble/install/limo_car/bin'
[1.839s] Level 1:colcon.colcon_core.environment:checking '/Users/jisu/Documents/LIMO_GAZEBO/ws_limo_humble/install/limo_car/lib/pkgconfig/limo_car.pc'
[1.839s] Level 1:colcon.colcon_core.environment:checking '/Users/jisu/Documents/LIMO_GAZEBO/ws_limo_humble/install/limo_car/lib/python3.10/site-packages'
[1.840s] Level 1:colcon.colcon_core.environment:checking '/Users/jisu/Documents/LIMO_GAZEBO/ws_limo_humble/install/limo_car/bin'
[1.840s] INFO:colcon.colcon_core.shell:Creating package script '/Users/jisu/Documents/LIMO_GAZEBO/ws_limo_humble/install/limo_car/share/limo_car/package.ps1'
[1.840s] INFO:colcon.colcon_core.shell:Creating package descriptor '/Users/jisu/Documents/LIMO_GAZEBO/ws_limo_humble/install/limo_car/share/limo_car/package.dsv'
[1.841s] INFO:colcon.colcon_core.shell:Creating package script '/Users/jisu/Documents/LIMO_GAZEBO/ws_limo_humble/install/limo_car/share/limo_car/package.sh'
[1.841s] INFO:colcon.colcon_core.shell:Creating package script '/Users/jisu/Documents/LIMO_GAZEBO/ws_limo_humble/install/limo_car/share/limo_car/package.bash'
[1.848s] INFO:colcon.colcon_core.shell:Creating package script '/Users/jisu/Documents/LIMO_GAZEBO/ws_limo_humble/install/limo_car/share/limo_car/package.zsh'
[1.849s] Level 1:colcon.colcon_core.environment:create_file_with_runtime_dependencies(/Users/jisu/Documents/LIMO_GAZEBO/ws_limo_humble/install/limo_car/share/colcon-core/packages/limo_car)
[4.247s] DEBUG:colcon.colcon_core.event_handler.log_command:Invoked command in '/Users/jisu/Documents/LIMO_GAZEBO/ws_limo_humble/build/limo_msgs' returned '0': CMAKE_PREFIX_PATH=/opt/ros/humble /usr/bin/cmake /Users/jisu/Documents/LIMO_GAZEBO/ws_limo_humble/src/limo_ros2/limo_msgs -DCMAKE_INSTALL_PREFIX=/Users/jisu/Documents/LIMO_GAZEBO/ws_limo_humble/install/limo_msgs
[4.253s] DEBUG:colcon.colcon_core.event_handler.log_command:Invoking command in '/Users/jisu/Documents/LIMO_GAZEBO/ws_limo_humble/build/limo_msgs': CMAKE_PREFIX_PATH=/opt/ros/humble /usr/bin/cmake --build /Users/jisu/Documents/LIMO_GAZEBO/ws_limo_humble/build/limo_msgs -- -j8 -l8
[5.861s] DEBUG:colcon.colcon_core.event_handler.log_command:Invoked command in '/Users/jisu/Documents/LIMO_GAZEBO/ws_limo_humble/build/limo_msgs' returned '0': CMAKE_PREFIX_PATH=/opt/ros/humble /usr/bin/cmake --build /Users/jisu/Documents/LIMO_GAZEBO/ws_limo_humble/build/limo_msgs -- -j8 -l8
[5.864s] DEBUG:colcon.colcon_core.event_handler.log_command:Invoking command in '/Users/jisu/Documents/LIMO_GAZEBO/ws_limo_humble/build/limo_msgs': CMAKE_PREFIX_PATH=/opt/ros/humble /usr/bin/cmake --install /Users/jisu/Documents/LIMO_GAZEBO/ws_limo_humble/build/limo_msgs
[6.132s] Level 1:colcon.colcon_core.environment:create_environment_scripts_only(limo_msgs)
[6.133s] Level 1:colcon.colcon_core.environment:checking '/Users/jisu/Documents/LIMO_GAZEBO/ws_limo_humble/install/limo_msgs' for CMake module files
[6.133s] DEBUG:colcon.colcon_core.event_handler.log_command:Invoked command in '/Users/jisu/Documents/LIMO_GAZEBO/ws_limo_humble/build/limo_msgs' returned '0': CMAKE_PREFIX_PATH=/opt/ros/humble /usr/bin/cmake --install /Users/jisu/Documents/LIMO_GAZEBO/ws_limo_humble/build/limo_msgs
[6.136s] Level 1:colcon.colcon_core.environment:checking '/Users/jisu/Documents/LIMO_GAZEBO/ws_limo_humble/install/limo_msgs' for CMake config files
[6.140s] Level 1:colcon.colcon_core.shell:create_environment_hook('limo_msgs', 'cmake_prefix_path')
[6.140s] INFO:colcon.colcon_core.shell:Creating environment hook '/Users/jisu/Documents/LIMO_GAZEBO/ws_limo_humble/install/limo_msgs/share/limo_msgs/hook/cmake_prefix_path.ps1'
[6.141s] INFO:colcon.colcon_core.shell:Creating environment descriptor '/Users/jisu/Documents/LIMO_GAZEBO/ws_limo_humble/install/limo_msgs/share/limo_msgs/hook/cmake_prefix_path.dsv'
[6.141s] INFO:colcon.colcon_core.shell:Creating environment hook '/Users/jisu/Documents/LIMO_GAZEBO/ws_limo_humble/install/limo_msgs/share/limo_msgs/hook/cmake_prefix_path.sh'
[6.142s] Level 1:colcon.colcon_core.environment:checking '/Users/jisu/Documents/LIMO_GAZEBO/ws_limo_humble/install/limo_msgs/lib'
[6.143s] Level 1:colcon.colcon_core.shell:create_environment_hook('limo_msgs', 'ld_library_path_lib')
[6.143s] INFO:colcon.colcon_core.shell:Creating environment hook '/Users/jisu/Documents/LIMO_GAZEBO/ws_limo_humble/install/limo_msgs/share/limo_msgs/hook/ld_library_path_lib.ps1'
[6.143s] INFO:colcon.colcon_core.shell:Creating environment descriptor '/Users/jisu/Documents/LIMO_GAZEBO/ws_limo_humble/install/limo_msgs/share/limo_msgs/hook/ld_library_path_lib.dsv'
[6.144s] INFO:colcon.colcon_core.shell:Creating environment hook '/Users/jisu/Documents/LIMO_GAZEBO/ws_limo_humble/install/limo_msgs/share/limo_msgs/hook/ld_library_path_lib.sh'
[6.145s] Level 1:colcon.colcon_core.environment:checking '/Users/jisu/Documents/LIMO_GAZEBO/ws_limo_humble/install/limo_msgs/bin'
[6.145s] Level 1:colcon.colcon_core.environment:checking '/Users/jisu/Documents/LIMO_GAZEBO/ws_limo_humble/install/limo_msgs/lib/pkgconfig/limo_msgs.pc'
[6.145s] Level 1:colcon.colcon_core.environment:checking '/Users/jisu/Documents/LIMO_GAZEBO/ws_limo_humble/install/limo_msgs/lib/python3.10/site-packages'
[6.145s] Level 1:colcon.colcon_core.environment:checking '/Users/jisu/Documents/LIMO_GAZEBO/ws_limo_humble/install/limo_msgs/bin'
[6.146s] INFO:colcon.colcon_core.shell:Creating package script '/Users/jisu/Documents/LIMO_GAZEBO/ws_limo_humble/install/limo_msgs/share/limo_msgs/package.ps1'
[6.146s] INFO:colcon.colcon_core.shell:Creating package descriptor '/Users/jisu/Documents/LIMO_GAZEBO/ws_limo_humble/install/limo_msgs/share/limo_msgs/package.dsv'
[6.147s] INFO:colcon.colcon_core.shell:Creating package script '/Users/jisu/Documents/LIMO_GAZEBO/ws_limo_humble/install/limo_msgs/share/limo_msgs/package.sh'
[6.147s] INFO:colcon.colcon_core.shell:Creating package script '/Users/jisu/Documents/LIMO_GAZEBO/ws_limo_humble/install/limo_msgs/share/limo_msgs/package.bash'
[6.148s] INFO:colcon.colcon_core.shell:Creating package script '/Users/jisu/Documents/LIMO_GAZEBO/ws_limo_humble/install/limo_msgs/share/limo_msgs/package.zsh'
[6.148s] Level 1:colcon.colcon_core.environment:create_file_with_runtime_dependencies(/Users/jisu/Documents/LIMO_GAZEBO/ws_limo_humble/install/limo_msgs/share/colcon-core/packages/limo_msgs)
[6.149s] Level 1:colcon.colcon_core.environment:create_environment_scripts_only(limo_msgs)
[6.150s] Level 1:colcon.colcon_core.environment:checking '/Users/jisu/Documents/LIMO_GAZEBO/ws_limo_humble/install/limo_msgs' for CMake module files
[6.151s] Level 1:colcon.colcon_core.environment:checking '/Users/jisu/Documents/LIMO_GAZEBO/ws_limo_humble/install/limo_msgs' for CMake config files
[6.155s] Level 1:colcon.colcon_core.shell:create_environment_hook('limo_msgs', 'cmake_prefix_path')
[6.155s] INFO:colcon.colcon_core.shell:Creating environment hook '/Users/jisu/Documents/LIMO_GAZEBO/ws_limo_humble/install/limo_msgs/share/limo_msgs/hook/cmake_prefix_path.ps1'
[6.155s] INFO:colcon.colcon_core.shell:Creating environment descriptor '/Users/jisu/Documents/LIMO_GAZEBO/ws_limo_humble/install/limo_msgs/share/limo_msgs/hook/cmake_prefix_path.dsv'
[6.156s] INFO:colcon.colcon_core.shell:Creating environment hook '/Users/jisu/Documents/LIMO_GAZEBO/ws_limo_humble/install/limo_msgs/share/limo_msgs/hook/cmake_prefix_path.sh'
[6.156s] Level 1:colcon.colcon_core.environment:checking '/Users/jisu/Documents/LIMO_GAZEBO/ws_limo_humble/install/limo_msgs/lib'
[6.157s] Level 1:colcon.colcon_core.shell:create_environment_hook('limo_msgs', 'ld_library_path_lib')
[6.157s] INFO:colcon.colcon_core.shell:Creating environment hook '/Users/jisu/Documents/LIMO_GAZEBO/ws_limo_humble/install/limo_msgs/share/limo_msgs/hook/ld_library_path_lib.ps1'
[6.157s] INFO:colcon.colcon_core.shell:Creating environment descriptor '/Users/jisu/Documents/LIMO_GAZEBO/ws_limo_humble/install/limo_msgs/share/limo_msgs/hook/ld_library_path_lib.dsv'
[6.157s] INFO:colcon.colcon_core.shell:Creating environment hook '/Users/jisu/Documents/LIMO_GAZEBO/ws_limo_humble/install/limo_msgs/share/limo_msgs/hook/ld_library_path_lib.sh'
[6.158s] Level 1:colcon.colcon_core.environment:checking '/Users/jisu/Documents/LIMO_GAZEBO/ws_limo_humble/install/limo_msgs/bin'
[6.158s] Level 1:colcon.colcon_core.environment:checking '/Users/jisu/Documents/LIMO_GAZEBO/ws_limo_humble/install/limo_msgs/lib/pkgconfig/limo_msgs.pc'
[6.158s] Level 1:colcon.colcon_core.environment:checking '/Users/jisu/Documents/LIMO_GAZEBO/ws_limo_humble/install/limo_msgs/lib/python3.10/site-packages'
[6.158s] Level 1:colcon.colcon_core.environment:checking '/Users/jisu/Documents/LIMO_GAZEBO/ws_limo_humble/install/limo_msgs/bin'
[6.159s] INFO:colcon.colcon_core.shell:Creating package script '/Users/jisu/Documents/LIMO_GAZEBO/ws_limo_humble/install/limo_msgs/share/limo_msgs/package.ps1'
[6.159s] INFO:colcon.colcon_core.shell:Creating package descriptor '/Users/jisu/Documents/LIMO_GAZEBO/ws_limo_humble/install/limo_msgs/share/limo_msgs/package.dsv'
[6.160s] INFO:colcon.colcon_core.shell:Creating package script '/Users/jisu/Documents/LIMO_GAZEBO/ws_limo_humble/install/limo_msgs/share/limo_msgs/package.sh'
[6.160s] INFO:colcon.colcon_core.shell:Creating package script '/Users/jisu/Documents/LIMO_GAZEBO/ws_limo_humble/install/limo_msgs/share/limo_msgs/package.bash'
[6.160s] INFO:colcon.colcon_core.shell:Creating package script '/Users/jisu/Documents/LIMO_GAZEBO/ws_limo_humble/install/limo_msgs/share/limo_msgs/package.zsh'
[6.161s] Level 1:colcon.colcon_core.environment:create_file_with_runtime_dependencies(/Users/jisu/Documents/LIMO_GAZEBO/ws_limo_humble/install/limo_msgs/share/colcon-core/packages/limo_msgs)
[6.162s] INFO:colcon.colcon_ros.task.ament_cmake.build:Building ROS package in '/Users/jisu/Documents/LIMO_GAZEBO/ws_limo_humble/src/limo_ros2/limo_base' with build type 'ament_cmake'
[6.162s] INFO:colcon.colcon_cmake.task.cmake.build:Building CMake package in '/Users/jisu/Documents/LIMO_GAZEBO/ws_limo_humble/src/limo_ros2/limo_base'
[6.162s] INFO:colcon.colcon_core.shell:Skip shell extension 'powershell' for command environment: Not usable outside of PowerShell
[6.162s] DEBUG:colcon.colcon_core.shell:Skip shell extension 'dsv' for command environment
[6.229s] DEBUG:colcon.colcon_core.event_handler.log_command:Invoking command in '/Users/jisu/Documents/LIMO_GAZEBO/ws_limo_humble/build/limo_base': AMENT_PREFIX_PATH=/Users/jisu/Documents/LIMO_GAZEBO/ws_limo_humble/install/limo_msgs:${AMENT_PREFIX_PATH} CMAKE_PREFIX_PATH=/Users/jisu/Documents/LIMO_GAZEBO/ws_limo_humble/install/limo_msgs:/opt/ros/humble LD_LIBRARY_PATH=/Users/jisu/Documents/LIMO_GAZEBO/ws_limo_humble/install/limo_msgs/lib:${LD_LIBRARY_PATH} PYTHONPATH=/Users/jisu/Documents/LIMO_GAZEBO/ws_limo_humble/install/limo_msgs/local/lib/python3.10/dist-packages:${PYTHONPATH} /usr/bin/cmake /Users/jisu/Documents/LIMO_GAZEBO/ws_limo_humble/src/limo_ros2/limo_base -DCMAKE_INSTALL_PREFIX=/Users/jisu/Documents/LIMO_GAZEBO/ws_limo_humble/install/limo_base
[7.441s] DEBUG:colcon.colcon_core.event_handler.log_command:Invoked command in '/Users/jisu/Documents/LIMO_GAZEBO/ws_limo_humble/build/limo_base' returned '0': AMENT_PREFIX_PATH=/Users/jisu/Documents/LIMO_GAZEBO/ws_limo_humble/install/limo_msgs:${AMENT_PREFIX_PATH} CMAKE_PREFIX_PATH=/Users/jisu/Documents/LIMO_GAZEBO/ws_limo_humble/install/limo_msgs:/opt/ros/humble LD_LIBRARY_PATH=/Users/jisu/Documents/LIMO_GAZEBO/ws_limo_humble/install/limo_msgs/lib:${LD_LIBRARY_PATH} PYTHONPATH=/Users/jisu/Documents/LIMO_GAZEBO/ws_limo_humble/install/limo_msgs/local/lib/python3.10/dist-packages:${PYTHONPATH} /usr/bin/cmake /Users/jisu/Documents/LIMO_GAZEBO/ws_limo_humble/src/limo_ros2/limo_base -DCMAKE_INSTALL_PREFIX=/Users/jisu/Documents/LIMO_GAZEBO/ws_limo_humble/install/limo_base
[7.444s] DEBUG:colcon.colcon_core.event_handler.log_command:Invoking command in '/Users/jisu/Documents/LIMO_GAZEBO/ws_limo_humble/build/limo_base': AMENT_PREFIX_PATH=/Users/jisu/Documents/LIMO_GAZEBO/ws_limo_humble/install/limo_msgs:${AMENT_PREFIX_PATH} CMAKE_PREFIX_PATH=/Users/jisu/Documents/LIMO_GAZEBO/ws_limo_humble/install/limo_msgs:/opt/ros/humble LD_LIBRARY_PATH=/Users/jisu/Documents/LIMO_GAZEBO/ws_limo_humble/install/limo_msgs/lib:${LD_LIBRARY_PATH} PYTHONPATH=/Users/jisu/Documents/LIMO_GAZEBO/ws_limo_humble/install/limo_msgs/local/lib/python3.10/dist-packages:${PYTHONPATH} /usr/bin/cmake --build /Users/jisu/Documents/LIMO_GAZEBO/ws_limo_humble/build/limo_base -- -j8 -l8
[8.019s] DEBUG:colcon.colcon_core.event_handler.log_command:Invoked command in '/Users/jisu/Documents/LIMO_GAZEBO/ws_limo_humble/build/limo_base' returned '0': AMENT_PREFIX_PATH=/Users/jisu/Documents/LIMO_GAZEBO/ws_limo_humble/install/limo_msgs:${AMENT_PREFIX_PATH} CMAKE_PREFIX_PATH=/Users/jisu/Documents/LIMO_GAZEBO/ws_limo_humble/install/limo_msgs:/opt/ros/humble LD_LIBRARY_PATH=/Users/jisu/Documents/LIMO_GAZEBO/ws_limo_humble/install/limo_msgs/lib:${LD_LIBRARY_PATH} PYTHONPATH=/Users/jisu/Documents/LIMO_GAZEBO/ws_limo_humble/install/limo_msgs/local/lib/python3.10/dist-packages:${PYTHONPATH} /usr/bin/cmake --build /Users/jisu/Documents/LIMO_GAZEBO/ws_limo_humble/build/limo_base -- -j8 -l8
[8.023s] DEBUG:colcon.colcon_core.event_handler.log_command:Invoking command in '/Users/jisu/Documents/LIMO_GAZEBO/ws_limo_humble/build/limo_base': AMENT_PREFIX_PATH=/Users/jisu/Documents/LIMO_GAZEBO/ws_limo_humble/install/limo_msgs:${AMENT_PREFIX_PATH} CMAKE_PREFIX_PATH=/Users/jisu/Documents/LIMO_GAZEBO/ws_limo_humble/install/limo_msgs:/opt/ros/humble LD_LIBRARY_PATH=/Users/jisu/Documents/LIMO_GAZEBO/ws_limo_humble/install/limo_msgs/lib:${LD_LIBRARY_PATH} PYTHONPATH=/Users/jisu/Documents/LIMO_GAZEBO/ws_limo_humble/install/limo_msgs/local/lib/python3.10/dist-packages:${PYTHONPATH} /usr/bin/cmake --install /Users/jisu/Documents/LIMO_GAZEBO/ws_limo_humble/build/limo_base
[8.137s] Level 1:colcon.colcon_core.environment:create_environment_scripts_only(limo_base)
[8.138s] Level 1:colcon.colcon_core.environment:checking '/Users/jisu/Documents/LIMO_GAZEBO/ws_limo_humble/install/limo_base' for CMake module files
[8.138s] DEBUG:colcon.colcon_core.event_handler.log_command:Invoked command in '/Users/jisu/Documents/LIMO_GAZEBO/ws_limo_humble/build/limo_base' returned '0': AMENT_PREFIX_PATH=/Users/jisu/Documents/LIMO_GAZEBO/ws_limo_humble/install/limo_msgs:${AMENT_PREFIX_PATH} CMAKE_PREFIX_PATH=/Users/jisu/Documents/LIMO_GAZEBO/ws_limo_humble/install/limo_msgs:/opt/ros/humble LD_LIBRARY_PATH=/Users/jisu/Documents/LIMO_GAZEBO/ws_limo_humble/install/limo_msgs/lib:${LD_LIBRARY_PATH} PYTHONPATH=/Users/jisu/Documents/LIMO_GAZEBO/ws_limo_humble/install/limo_msgs/local/lib/python3.10/dist-packages:${PYTHONPATH} /usr/bin/cmake --install /Users/jisu/Documents/LIMO_GAZEBO/ws_limo_humble/build/limo_base
[8.140s] Level 1:colcon.colcon_core.environment:checking '/Users/jisu/Documents/LIMO_GAZEBO/ws_limo_humble/install/limo_base' for CMake config files
[8.142s] Level 1:colcon.colcon_core.shell:create_environment_hook('limo_base', 'cmake_prefix_path')
[8.142s] INFO:colcon.colcon_core.shell:Creating environment hook '/Users/jisu/Documents/LIMO_GAZEBO/ws_limo_humble/install/limo_base/share/limo_base/hook/cmake_prefix_path.ps1'
[8.143s] INFO:colcon.colcon_core.shell:Creating environment descriptor '/Users/jisu/Documents/LIMO_GAZEBO/ws_limo_humble/install/limo_base/share/limo_base/hook/cmake_prefix_path.dsv'
[8.143s] INFO:colcon.colcon_core.shell:Creating environment hook '/Users/jisu/Documents/LIMO_GAZEBO/ws_limo_humble/install/limo_base/share/limo_base/hook/cmake_prefix_path.sh'
[8.144s] Level 1:colcon.colcon_core.environment:checking '/Users/jisu/Documents/LIMO_GAZEBO/ws_limo_humble/install/limo_base/lib'
[8.144s] Level 1:colcon.colcon_core.environment:checking '/Users/jisu/Documents/LIMO_GAZEBO/ws_limo_humble/install/limo_base/bin'
[8.144s] Level 1:colcon.colcon_core.environment:checking '/Users/jisu/Documents/LIMO_GAZEBO/ws_limo_humble/install/limo_base/lib/pkgconfig/limo_base.pc'
[8.145s] Level 1:colcon.colcon_core.environment:checking '/Users/jisu/Documents/LIMO_GAZEBO/ws_limo_humble/install/limo_base/lib/python3.10/site-packages'
[8.145s] Level 1:colcon.colcon_core.environment:checking '/Users/jisu/Documents/LIMO_GAZEBO/ws_limo_humble/install/limo_base/bin'
[8.145s] INFO:colcon.colcon_core.shell:Creating package script '/Users/jisu/Documents/LIMO_GAZEBO/ws_limo_humble/install/limo_base/share/limo_base/package.ps1'
[8.146s] INFO:colcon.colcon_core.shell:Creating package descriptor '/Users/jisu/Documents/LIMO_GAZEBO/ws_limo_humble/install/limo_base/share/limo_base/package.dsv'
[8.146s] INFO:colcon.colcon_core.shell:Creating package script '/Users/jisu/Documents/LIMO_GAZEBO/ws_limo_humble/install/limo_base/share/limo_base/package.sh'
[8.147s] INFO:colcon.colcon_core.shell:Creating package script '/Users/jisu/Documents/LIMO_GAZEBO/ws_limo_humble/install/limo_base/share/limo_base/package.bash'
[8.147s] INFO:colcon.colcon_core.shell:Creating package script '/Users/jisu/Documents/LIMO_GAZEBO/ws_limo_humble/install/limo_base/share/limo_base/package.zsh'
[8.147s] Level 1:colcon.colcon_core.environment:create_file_with_runtime_dependencies(/Users/jisu/Documents/LIMO_GAZEBO/ws_limo_humble/install/limo_base/share/colcon-core/packages/limo_base)
[8.149s] Level 1:colcon.colcon_core.environment:create_environment_scripts_only(limo_base)
[8.149s] Level 1:colcon.colcon_core.environment:checking '/Users/jisu/Documents/LIMO_GAZEBO/ws_limo_humble/install/limo_base' for CMake module files
[8.150s] Level 1:colcon.colcon_core.environment:checking '/Users/jisu/Documents/LIMO_GAZEBO/ws_limo_humble/install/limo_base' for CMake config files
[8.151s] Level 1:colcon.colcon_core.shell:create_environment_hook('limo_base', 'cmake_prefix_path')
[8.152s] INFO:colcon.colcon_core.shell:Creating environment hook '/Users/jisu/Documents/LIMO_GAZEBO/ws_limo_humble/install/limo_base/share/limo_base/hook/cmake_prefix_path.ps1'
[8.152s] INFO:colcon.colcon_core.shell:Creating environment descriptor '/Users/jisu/Documents/LIMO_GAZEBO/ws_limo_humble/install/limo_base/share/limo_base/hook/cmake_prefix_path.dsv'
[8.152s] INFO:colcon.colcon_core.shell:Creating environment hook '/Users/jisu/Documents/LIMO_GAZEBO/ws_limo_humble/install/limo_base/share/limo_base/hook/cmake_prefix_path.sh'
[8.153s] Level 1:colcon.colcon_core.environment:checking '/Users/jisu/Documents/LIMO_GAZEBO/ws_limo_humble/install/limo_base/lib'
[8.153s] Level 1:colcon.colcon_core.environment:checking '/Users/jisu/Documents/LIMO_GAZEBO/ws_limo_humble/install/limo_base/bin'
[8.153s] Level 1:colcon.colcon_core.environment:checking '/Users/jisu/Documents/LIMO_GAZEBO/ws_limo_humble/install/limo_base/lib/pkgconfig/limo_base.pc'
[8.153s] Level 1:colcon.colcon_core.environment:checking '/Users/jisu/Documents/LIMO_GAZEBO/ws_limo_humble/install/limo_base/lib/python3.10/site-packages'
[8.154s] Level 1:colcon.colcon_core.environment:checking '/Users/jisu/Documents/LIMO_GAZEBO/ws_limo_humble/install/limo_base/bin'
[8.154s] INFO:colcon.colcon_core.shell:Creating package script '/Users/jisu/Documents/LIMO_GAZEBO/ws_limo_humble/install/limo_base/share/limo_base/package.ps1'
[8.154s] INFO:colcon.colcon_core.shell:Creating package descriptor '/Users/jisu/Documents/LIMO_GAZEBO/ws_limo_humble/install/limo_base/share/limo_base/package.dsv'
[8.155s] INFO:colcon.colcon_core.shell:Creating package script '/Users/jisu/Documents/LIMO_GAZEBO/ws_limo_humble/install/limo_base/share/limo_base/package.sh'
[8.156s] INFO:colcon.colcon_core.shell:Creating package script '/Users/jisu/Documents/LIMO_GAZEBO/ws_limo_humble/install/limo_base/share/limo_base/package.bash'
[8.156s] INFO:colcon.colcon_core.shell:Creating package script '/Users/jisu/Documents/LIMO_GAZEBO/ws_limo_humble/install/limo_base/share/limo_base/package.zsh'
[8.156s] Level 1:colcon.colcon_core.environment:create_file_with_runtime_dependencies(/Users/jisu/Documents/LIMO_GAZEBO/ws_limo_humble/install/limo_base/share/colcon-core/packages/limo_base)
[8.157s] DEBUG:colcon.colcon_parallel_executor.executor.parallel:closing loop
[8.157s] DEBUG:colcon.colcon_parallel_executor.executor.parallel:loop closed
[8.157s] DEBUG:colcon.colcon_parallel_executor.executor.parallel:run_until_complete finished with '0'
[8.157s] DEBUG:colcon.colcon_core.event_reactor:joining thread
[8.168s] INFO:colcon.colcon_core.plugin_system:Skipping extension 'colcon_notification.desktop_notification.notify_send': Could not find 'notify-send'
[8.168s] INFO:colcon.colcon_core.plugin_system:Skipping extension 'colcon_notification.desktop_notification.terminal_notifier': Not used on non-Darwin systems
[8.168s] INFO:colcon.colcon_core.plugin_system:Skipping extension 'colcon_notification.desktop_notification.win32': Not used on non-Windows systems
[8.168s] INFO:colcon.colcon_notification.desktop_notification:Sending desktop notification using 'notify2'
[8.174s] DEBUG:colcon.colcon_notification.desktop_notification.notify2:Failed to initialize notify2: org.freedesktop.DBus.Error.Spawn.ExecFailed: /usr/bin/dbus-launch terminated abnormally without any error message
[8.174s] DEBUG:colcon.colcon_core.event_reactor:joined thread
[8.174s] INFO:colcon.colcon_core.shell:Creating prefix script '/Users/jisu/Documents/LIMO_GAZEBO/ws_limo_humble/install/local_setup.ps1'
[8.175s] INFO:colcon.colcon_core.shell:Creating prefix util module '/Users/jisu/Documents/LIMO_GAZEBO/ws_limo_humble/install/_local_setup_util_ps1.py'
[8.177s] INFO:colcon.colcon_core.shell:Creating prefix chain script '/Users/jisu/Documents/LIMO_GAZEBO/ws_limo_humble/install/setup.ps1'
[8.178s] INFO:colcon.colcon_core.shell:Creating prefix script '/Users/jisu/Documents/LIMO_GAZEBO/ws_limo_humble/install/local_setup.sh'
[8.179s] INFO:colcon.colcon_core.shell:Creating prefix util module '/Users/jisu/Documents/LIMO_GAZEBO/ws_limo_humble/install/_local_setup_util_sh.py'
[8.179s] INFO:colcon.colcon_core.shell:Creating prefix chain script '/Users/jisu/Documents/LIMO_GAZEBO/ws_limo_humble/install/setup.sh'
[8.180s] INFO:colcon.colcon_core.shell:Creating prefix script '/Users/jisu/Documents/LIMO_GAZEBO/ws_limo_humble/install/local_setup.bash'
[8.181s] INFO:colcon.colcon_core.shell:Creating prefix chain script '/Users/jisu/Documents/LIMO_GAZEBO/ws_limo_humble/install/setup.bash'
[8.182s] INFO:colcon.colcon_core.shell:Creating prefix script '/Users/jisu/Documents/LIMO_GAZEBO/ws_limo_humble/install/local_setup.zsh'
[8.182s] INFO:colcon.colcon_core.shell:Creating prefix chain script '/Users/jisu/Documents/LIMO_GAZEBO/ws_limo_humble/install/setup.zsh'
